Component: ARM Compiler 5.06 update 6 (build 750) Tool: armlink [4d35ed]

==============================================================================

Section Cross References

    startup_py32f003xx.o(RESET) refers to startup_py32f003xx.o(STACK) for __initial_sp
    startup_py32f003xx.o(RESET) refers to startup_py32f003xx.o(.text) for Reset_Handler
    startup_py32f003xx.o(RESET) refers to py32f0xx_it.o(i.NMI_Handler) for NMI_Handler
    startup_py32f003xx.o(RESET) refers to py32f0xx_it.o(i.HardFault_Handler) for HardFault_Handler
    startup_py32f003xx.o(RESET) refers to py32f0xx_it.o(i.SVC_Handler) for SVC_Handler
    startup_py32f003xx.o(RESET) refers to py32f0xx_it.o(i.PendSV_Handler) for PendSV_Handler
    startup_py32f003xx.o(RESET) refers to py32f0xx_it.o(i.SysTick_Handler) for SysTick_Handler
    startup_py32f003xx.o(RESET) refers to py32f0xx_it.o(i.WWDG_IRQHandler) for WWDG_IRQHandler
    startup_py32f003xx.o(RESET) refers to py32f0xx_it.o(i.PVD_IRQHandler) for PVD_IRQHandler
    startup_py32f003xx.o(RESET) refers to py32f0xx_it.o(i.RTC_IRQHandler) for RTC_IRQHandler
    startup_py32f003xx.o(RESET) refers to py32f0xx_it.o(i.FLASH_IRQHandler) for FLASH_IRQHandler
    startup_py32f003xx.o(RESET) refers to py32f0xx_it.o(i.RCC_IRQHandler) for RCC_IRQHandler
    startup_py32f003xx.o(RESET) refers to py32f0xx_it.o(i.EXTI0_1_IRQHandler) for EXTI0_1_IRQHandler
    startup_py32f003xx.o(RESET) refers to py32f0xx_it.o(i.EXTI2_3_IRQHandler) for EXTI2_3_IRQHandler
    startup_py32f003xx.o(RESET) refers to py32f0xx_it.o(i.EXTI4_15_IRQHandler) for EXTI4_15_IRQHandler
    startup_py32f003xx.o(RESET) refers to py32f0xx_it.o(i.DMA1_Channel1_IRQHandler) for DMA1_Channel1_IRQHandler
    startup_py32f003xx.o(RESET) refers to py32f0xx_it.o(i.DMA1_Channel2_3_IRQHandler) for DMA1_Channel2_3_IRQHandler
    startup_py32f003xx.o(RESET) refers to py32f0xx_it.o(i.ADC_COMP_IRQHandler) for ADC_COMP_IRQHandler
    startup_py32f003xx.o(RESET) refers to py32f0xx_it.o(i.TIM1_BRK_UP_TRG_COM_IRQHandler) for TIM1_BRK_UP_TRG_COM_IRQHandler
    startup_py32f003xx.o(RESET) refers to py32f0xx_it.o(i.TIM1_CC_IRQHandler) for TIM1_CC_IRQHandler
    startup_py32f003xx.o(RESET) refers to py32f0xx_it.o(i.TIM3_IRQHandler) for TIM3_IRQHandler
    startup_py32f003xx.o(RESET) refers to py32f0xx_it.o(i.TIM14_IRQHandler) for TIM14_IRQHandler
    startup_py32f003xx.o(RESET) refers to py32f0xx_it.o(i.TIM16_IRQHandler) for TIM16_IRQHandler
    startup_py32f003xx.o(RESET) refers to py32f0xx_it.o(i.TIM17_IRQHandler) for TIM17_IRQHandler
    startup_py32f003xx.o(RESET) refers to py32f0xx_it.o(i.I2C1_IRQHandler) for I2C1_IRQHandler
    startup_py32f003xx.o(RESET) refers to py32f0xx_it.o(i.SPI1_IRQHandler) for SPI1_IRQHandler
    startup_py32f003xx.o(RESET) refers to rs485.o(i.USART1_IRQHandler) for USART1_IRQHandler
    startup_py32f003xx.o(.text) refers to system_py32f0xx.o(i.SystemInit) for SystemInit
    startup_py32f003xx.o(.text) refers to entry.o(.ARM.Collect$$$$00000000) for __main
    system_py32f0xx.o(i.$Sub$$main) refers to main.o(i.main) for $Super$$main
    system_py32f0xx.o(i.$Sub$$main) refers to system_py32f0xx.o(.ARM.__at_0x20000000) for VECT_SRAM_TAB
    system_py32f0xx.o(i.SystemCoreClockUpdate) refers to memcpya.o(.text) for __aeabi_memcpy4
    system_py32f0xx.o(i.SystemCoreClockUpdate) refers to uidiv.o(.text) for __aeabi_uidivmod
    system_py32f0xx.o(i.SystemCoreClockUpdate) refers to system_py32f0xx.o(.constdata) for .constdata
    system_py32f0xx.o(i.SystemCoreClockUpdate) refers to system_py32f0xx.o(.data) for SystemCoreClock
    main.o(i.main) refers to py32f0xx_hal.o(i.HAL_Init) for HAL_Init
    main.o(i.main) refers to rs485.o(i.USART_Config) for USART_Config
    main.o(i.main) refers to py32f0xx_hal.o(i.HAL_GetTick) for HAL_GetTick
    main.o(i.main) refers to rs485.o(i.Modbus_Send_Byte) for Modbus_Send_Byte
    main.o(i.main) refers to main.o(.data) for last
    py32f0xx_it.o(i.SysTick_Handler) refers to py32f0xx_hal.o(i.HAL_IncTick) for HAL_IncTick
    rs485.o(i.Modbus_Send_Byte) refers to py32f0xx_hal_uart.o(i.HAL_UART_Transmit) for HAL_UART_Transmit
    rs485.o(i.Modbus_Send_Byte) refers to rs485.o(.bss) for UartHandle
    rs485.o(i.RS485_Receive) refers to py32f0xx_hal.o(i.HAL_GetTick) for HAL_GetTick
    rs485.o(i.RS485_Receive) refers to rs485.o(.data) for Frame_Ok
    rs485.o(i.RS485_Receive) refers to rs485.o(.bss) for aRxBuffer
    rs485.o(i.USART1_IRQHandler) refers to rs485.o(.bss) for UartHandle
    rs485.o(i.USART1_IRQHandler) refers to rs485.o(.data) for cRxIndex
    rs485.o(i.USART_Config) refers to memseta.o(.text) for __aeabi_memclr4
    rs485.o(i.USART_Config) refers to py32f0xx_hal_uart.o(i.HAL_UART_Init) for HAL_UART_Init
    rs485.o(i.USART_Config) refers to main.o(i.Error_Handler) for Error_Handler
    rs485.o(i.USART_Config) refers to py32f0xx_hal_gpio.o(i.HAL_GPIO_Init) for HAL_GPIO_Init
    rs485.o(i.USART_Config) refers to py32f0xx_hal_cortex.o(i.HAL_NVIC_SetPriority) for HAL_NVIC_SetPriority
[...]
    py32f0xx_hal_i2c.o(i.HAL_I2C_EV_IRQHandler) refers to py32f0xx_hal_i2c.o(i.I2C_SlaveReceive_RXNE) for I2C_SlaveReceive_RXNE
    py32f0xx_hal_i2c.o(i.HAL_I2C_EV_IRQHandler) refers to py32f0xx_hal_i2c.o(i.I2C_SlaveReceive_BTF) for I2C_SlaveReceive_BTF
    py32f0xx_hal_i2c.o(i.HAL_I2C_Init) refers to py32f0xx_hal_i2c.o(i.HAL_I2C_MspInit) for HAL_I2C_MspInit
    py32f0xx_hal_i2c.o(i.HAL_I2C_Init) refers to py32f0xx_hal_rcc.o(i.HAL_RCC_GetPCLK1Freq) for HAL_RCC_GetPCLK1Freq
    py32f0xx_hal_i2c.o(i.HAL_I2C_Init) refers to uidiv.o(.text) for __aeabi_uidivmod
    py32f0xx_hal_i2c.o(i.HAL_I2C_IsDeviceReady) refers to py32f0xx_hal.o(i.HAL_GetTick) for HAL_GetTick
    py32f0xx_hal_i2c.o(i.HAL_I2C_IsDeviceReady) refers to py32f0xx_hal_i2c.o(i.I2C_WaitOnFlagUntilTimeout) for I2C_WaitOnFlagUntilTimeout
    py32f0xx_hal_i2c.o(i.HAL_I2C_Master_Abort_IT) refers to py32f0xx_hal_i2c.o(i.I2C_ITError) for I2C_ITError
    py32f0xx_hal_i2c.o(i.HAL_I2C_Master_Receive) refers to py32f0xx_hal.o(i.HAL_GetTick) for HAL_GetTick
    py32f0xx_hal_i2c.o(i.HAL_I2C_Master_Receive) refers to py32f0xx_hal_i2c.o(i.I2C_WaitOnFlagUntilTimeout) for I2C_WaitOnFlagUntilTimeout
    py32f0xx_hal_i2c.o(i.HAL_I2C_Master_Receive) refers to py32f0xx_hal_i2c.o(i.I2C_MasterRequestRead) for I2C_MasterRequestRead
    py32f0xx_hal_i2c.o(i.HAL_I2C_Master_Receive) refers to py32f0xx_hal_i2c.o(i.I2C_WaitOnRXNEFlagUntilTimeout) for I2C_WaitOnRXNEFlagUntilTimeout
    py32f0xx_hal_i2c.o(i.HAL_I2C_Master_Receive_DMA) refers to uidiv.o(.text) for __aeabi_uidivmod
    py32f0xx_hal_i2c.o(i.HAL_I2C_Master_Receive_DMA) refers to py32f0xx_hal_dma.o(i.HAL_DMA_Start_IT) for HAL_DMA_Start_IT
    py32f0xx_hal_i2c.o(i.HAL_I2C_Master_Receive_DMA) refers to system_py32f0xx.o(.data) for SystemCoreClock
    py32f0xx_hal_i2c.o(i.HAL_I2C_Master_Receive_DMA) refers to py32f0xx_hal_i2c.o(i.I2C_DMAXferCplt) for I2C_DMAXferCplt
    py32f0xx_hal_i2c.o(i.HAL_I2C_Master_Receive_DMA) refers to py32f0xx_hal_i2c.o(i.I2C_DMAError) for I2C_DMAError
    py32f0xx_hal_i2c.o(i.HAL_I2C_Master_Receive_IT) refers to uidiv.o(.text) for __aeabi_uidivmod
    py32f0xx_hal_i2c.o(i.HAL_I2C_Master_Receive_IT) refers to system_py32f0xx.o(.data) for SystemCoreClock
    py32f0xx_hal_i2c.o(i.HAL_I2C_Master_Seq_Receive_DMA) refers to uidiv.o(.text) for __aeabi_uidivmod
    py32f0xx_hal_i2c.o(i.HAL_I2C_Master_Seq_Receive_DMA) refers to py32f0xx_hal_dma.o(i.HAL_DMA_Start_IT) for HAL_DMA_Start_IT
    py32f0xx_hal_i2c.o(i.HAL_I2C_Master_Seq_Receive_DMA) refers to system_py32f0xx.o(.data) for SystemCoreClock
    py32f0xx_hal_i2c.o(i.HAL_I2C_Master_Seq_Receive_DMA) refers to py32f0xx_hal_i2c.o(i.I2C_DMAXferCplt) for I2C_DMAXferCplt
    py32f0xx_hal_i2c.o(i.HAL_I2C_Master_Seq_Receive_DMA) refers to py32f0xx_hal_i2c.o(i.I2C_DMAError) for I2C_DMAError
    py32f0xx_hal_i2c.o(i.HAL_I2C_Master_Seq_Receive_IT) refers to uidiv.o(.text) for __aeabi_uidivmod
    py32f0xx_hal_i2c.o(i.HAL_I2C_Master_Seq_Receive_IT) refers to system_py32f0xx.o(.data) for SystemCoreClock
    py32f0xx_hal_i2c.o(i.HAL_I2C_Master_Seq_Transmit_DMA) refers to uidiv.o(.text) for __aeabi_uidivmod
    py32f0xx_hal_i2c.o(i.HAL_I2C_Master_Seq_Transmit_DMA) refers to py32f0xx_hal_dma.o(i.HAL_DMA_Start_IT) for HAL_DMA_Start_IT
    py32f0xx_hal_i2c.o(i.HAL_I2C_Master_Seq_Transmit_DMA) refers to system_py32f0xx.o(.data) for SystemCoreClock
    py32f0xx_hal_i2c.o(i.HAL_I2C_Master_Seq_Transmit_DMA) refers to py32f0xx_hal_i2c.o(i.I2C_DMAXferCplt) for I2C_DMAXferCplt
    py32f0xx_hal_i2c.o(i.HAL_I2C_Master_Seq_Transmit_DMA) refers to py32f0xx_hal_i2c.o(i.I2C_DMAError) for I2C_DMAError
    py32f0xx_hal_i2c.o(i.HAL_I2C_Master_Seq_Transmit_IT) refers to uidiv.o(.text) for __aeabi_uidivmod
    py32f0xx_hal_i2c.o(i.HAL_I2C_Master_Seq_Transmit_IT) refers to system_py32f0xx.o(.data) for SystemCoreClock
    py32f0xx_hal_i2c.o(i.HAL_I2C_Master_Transmit) refers to py32f0xx_hal.o(i.HAL_GetTick) for HAL_GetTick
    py32f0xx_hal_i2c.o(i.HAL_I2C_Master_Transmit) refers to py32f0xx_hal_i2c.o(i.I2C_WaitOnFlagUntilTimeout) for I2C_WaitOnFlagUntilTimeout
    py32f0xx_hal_i2c.o(i.HAL_I2C_Master_Transmit) refers to py32f0xx_hal_i2c.o(i.I2C_MasterRequestWrite) for I2C_MasterRequestWrite
    py32f0xx_hal_i2c.o(i.HAL_I2C_Master_Transmit) refers to py32f0xx_hal_i2c.o(i.I2C_WaitOnTXEFlagUntilTimeout) for I2C_WaitOnTXEFlagUntilTimeout
    py32f0xx_hal_i2c.o(i.HAL_I2C_Master_Transmit) refers to py32f0xx_hal_i2c.o(i.I2C_WaitOnBTFFlagUntilTimeout) for I2C_WaitOnBTFFlagUntilTimeout
    py32f0xx_hal_i2c.o(i.HAL_I2C_Master_Transmit_DMA) refers to py32f0xx_hal.o(i.HAL_GetTick) for HAL_GetTick
    py32f0xx_hal_i2c.o(i.HAL_I2C_Master_Transmit_DMA) refers to uidiv.o(.text) for __aeabi_uidivmod
    py32f0xx_hal_i2c.o(i.HAL_I2C_Master_Transmit_DMA) refers to py32f0xx_hal_dma.o(i.HAL_DMA_Start_IT) for HAL_DMA_Start_IT
    py32f0xx_hal_i2c.o(i.HAL_I2C_Master_Transmit_DMA) refers to py32f0xx_hal_i2c.o(i.I2C_WaitOnFlagUntilTimeout) for I2C_WaitOnFlagUntilTimeout
    py32f0xx_hal_i2c.o(i.HAL_I2C_Master_Transmit_DMA) refers to py32f0xx_hal_i2c.o(i.I2C_WaitOnMasterAddressFlagUntilTimeout) for I2C_WaitOnMasterAddressFlagUntilTimeout
    py32f0xx_hal_i2c.o(i.HAL_I2C_Master_Transmit_DMA) refers to system_py32f0xx.o(.data) for SystemCoreClock
    py32f0xx_hal_i2c.o(i.HAL_I2C_Master_Transmit_DMA) refers to py32f0xx_hal_i2c.o(i.I2C_DMAXferCplt) for I2C_DMAXferCplt
    py32f0xx_hal_i2c.o(i.HAL_I2C_Master_Transmit_DMA) refers to py32f0xx_hal_i2c.o(i.I2C_DMAError) for I2C_DMAError
    py32f0xx_hal_i2c.o(i.HAL_I2C_Master_Transmit_IT) refers to uidiv.o(.text) for __aeabi_uidivmod
    py32f0xx_hal_i2c.o(i.HAL_I2C_Master_Transmit_IT) refers to system_py32f0xx.o(.data) for SystemCoreClock
    py32f0xx_hal_i2c.o(i.HAL_I2C_Mem_Read) refers to py32f0xx_hal.o(i.HAL_GetTick) for HAL_GetTick
    py32f0xx_hal_i2c.o(i.HAL_I2C_Mem_Read) refers to py32f0xx_hal_i2c.o(i.I2C_WaitOnFlagUntilTimeout) for I2C_WaitOnFlagUntilTimeout
    py32f0xx_hal_i2c.o(i.HAL_I2C_Mem_Read) refers to py32f0xx_hal_i2c.o(i.I2C_RequestMemoryRead) for I2C_RequestMemoryRead
    py32f0xx_hal_i2c.o(i.HAL_I2C_Mem_Read) refers to py32f0xx_hal_i2c.o(i.I2C_WaitOnRXNEFlagUntilTimeout) for I2C_WaitOnRXNEFlagUntilTimeout
    py32f0xx_hal_i2c.o(i.HAL_I2C_Mem_Read_DMA) refers to py32f0xx_hal.o(i.HAL_GetTick) for HAL_GetTick
    py32f0xx_hal_i2c.o(i.HAL_I2C_Mem_Read_DMA) refers to uidiv.o(.text) for __aeabi_uidivmod
    py32f0xx_hal_i2c.o(i.HAL_I2C_Mem_Read_DMA) refers to py32f0xx_hal_dma.o(i.HAL_DMA_Start_IT) for HAL_DMA_Start_IT
    py32f0xx_hal_i2c.o(i.HAL_I2C_Mem_Read_DMA) refers to py32f0xx_hal_i2c.o(i.I2C_RequestMemoryRead) for I2C_RequestMemoryRead
    py32f0xx_hal_i2c.o(i.HAL_I2C_Mem_Read_DMA) refers to system_py32f0xx.o(.data) for SystemCoreClock
    py32f0xx_hal_i2c.o(i.HAL_I2C_Mem_Read_DMA) refers to py32f0xx_hal_i2c.o(i.I2C_DMAXferCplt) for I2C_DMAXferCplt
    py32f0xx_hal_i2c.o(i.HAL_I2C_Mem_Read_DMA) refers to py32f0xx_hal_i2c.o(i.I2C_DMAError) for I2C_DMAError
    py32f0xx_hal_i2c.o(i.HAL_I2C_Mem_Read_IT) refers to uidiv.o(.text) for __aeabi_uidivmod
    py32f0xx_hal_i2c.o(i.HAL_I2C_Mem_Read_IT) refers to system_py32f0xx.o(.data) for SystemCoreClock
    py32f0xx_hal_i2c.o(i.HAL_I2C_Mem_Write) refers to py32f0xx_hal.o(i.HAL_GetTick) for HAL_GetTick
    py32f0xx_hal_i2c.o(i.HAL_I2C_Mem_Write) refers to py32f0xx_hal_i2c.o(i.I2C_WaitOnFlagUntilTimeout) for I2C_WaitOnFlagUntilTimeout
    py32f0xx_hal_i2c.o(i.HAL_I2C_Mem_Write) refers to py32f0xx_hal_i2c.o(i.I2C_RequestMemoryWrite) for I2C_RequestMemoryWrite
    py32f0xx_hal_i2c.o(i.HAL_I2C_Mem_Write) refers to py32f0xx_hal_i2c.o(i.I2C_WaitOnTXEFlagUntilTimeout) for I2C_WaitOnTXEFlagUntilTimeout
    py32f0xx_hal_i2c.o(i.HAL_I2C_Mem_Write) refers to py32f0xx_hal_i2c.o(i.I2C_WaitOnBTFFlagUntilTimeout) for I2C_WaitOnBTFFlagUntilTimeout
    py32f0xx_hal_i2c.o(i.HAL_I2C_Mem_Write_DMA) refers to py32f0xx_hal.o(i.HAL_GetTick) for HAL_GetTick
    py32f0xx_hal_i2c.o(i.HAL_I2C_Mem_Write_DMA) refers to uidiv.o(.text) for __aeabi_uidivmod
    py32f0xx_hal_i2c.o(i.HAL_I2C_Mem_Write_DMA) refers to py32f0xx_hal_dma.o(i.HAL_DMA_Start_IT) for HAL_DMA_Start_IT
    py32f0xx_hal_i2c.o(i.HAL_I2C_Mem_Write_DMA) refers to py32f0xx_hal_i2c.o(i.I2C_RequestMemoryWrite) for I2C_RequestMemoryWrite
    py32f0xx_hal_i2c.o(i.HAL_I2C_Mem_Write_DMA) refers to system_py32f0xx.o(.data) for SystemCoreClock
    py32f0xx_hal_i2c.o(i.HAL_I2C_Mem_Write_DMA) refers to py32f0xx_hal_i2c.o(i.I2C_DMAXferCplt) for I2C_DMAXferCplt
    py32f0xx_hal_i2c.o(i.HAL_I2C_Mem_Write_DMA) refers to py32f0xx_hal_i2c.o(i.I2C_DMAError) for I2C_DMAError
    py32f0xx_hal_i2c.o(i.HAL_I2C_Mem_Write_IT) refers to uidiv.o(.text) for __aeabi_uidivmod
    py32f0xx_hal_i2c.o(i.HAL_I2C_Mem_Write_IT) refers to system_py32f0xx.o(.data) for SystemCoreClock
    py32f0xx_hal_i2c.o(i.HAL_I2C_Slave_Receive) refers to py32f0xx_hal.o(i.HAL_GetTick) for HAL_GetTick
    py32f0xx_hal_i2c.o(i.HAL_I2C_Slave_Receive) refers to py32f0xx_hal_i2c.o(i.I2C_WaitOnFlagUntilTimeout) for I2C_WaitOnFlagUntilTimeout
    py32f0xx_hal_i2c.o(i.HAL_I2C_Slave_Receive) refers to py32f0xx_hal_i2c.o(i.I2C_WaitOnRXNEFlagUntilTimeout) for I2C_WaitOnRXNEFlagUntilTimeout
    py32f0xx_hal_i2c.o(i.HAL_I2C_Slave_Receive) refers to py32f0xx_hal_i2c.o(i.I2C_WaitOnSTOPFlagUntilTimeout) for I2C_WaitOnSTOPFlagUntilTimeout
    py32f0xx_hal_i2c.o(i.HAL_I2C_Slave_Receive_DMA) refers to py32f0xx_hal_dma.o(i.HAL_DMA_Start_IT) for HAL_DMA_Start_IT
    py32f0xx_hal_i2c.o(i.HAL_I2C_Slave_Receive_DMA) refers to py32f0xx_hal_i2c.o(i.I2C_DMAXferCplt) for I2C_DMAXferCplt
    py32f0xx_hal_i2c.o(i.HAL_I2C_Slave_Receive_DMA) refers to py32f0xx_hal_i2c.o(i.I2C_DMAError) for I2C_DMAError
    py32f0xx_hal_i2c.o(i.HAL_I2C_Slave_Seq_Receive_DMA) refers to py32f0xx_hal_dma.o(i.HAL_DMA_Abort_IT) for HAL_DMA_Abort_IT
    py32f0xx_hal_i2c.o(i.HAL_I2C_Slave_Seq_Receive_DMA) refers to py32f0xx_hal_dma.o(i.HAL_DMA_Start_IT) for HAL_DMA_Start_IT
    py32f0xx_hal_i2c.o(i.HAL_I2C_Slave_Seq_Receive_DMA) refers to py32f0xx_hal_i2c.o(i.I2C_DMAAbort) for I2C_DMAAbort
    py32f0xx_hal_i2c.o(i.HAL_I2C_Slave_Seq_Receive_DMA) refers to py32f0xx_hal_i2c.o(i.I2C_DMAXferCplt) for I2C_DMAXferCplt
    py32f0xx_hal_i2c.o(i.HAL_I2C_Slave_Seq_Receive_DMA) refers to py32f0xx_hal_i2c.o(i.I2C_DMAError) for I2C_DMAError
    py32f0xx_hal_i2c.o(i.HAL_I2C_Slave_Seq_Transmit_DMA) refers to py32f0xx_hal_dma.o(i.HAL_DMA_Abort_IT) for HAL_DMA_Abort_IT
    py32f0xx_hal_i2c.o(i.HAL_I2C_Slave_Seq_Transmit_DMA) refers to py32f0xx_hal_dma.o(i.HAL_DMA_Start_IT) for HAL_DMA_Start_IT
    py32f0xx_hal_i2c.o(i.HAL_I2C_Slave_Seq_Transmit_DMA) refers to py32f0xx_hal_i2c.o(i.I2C_DMAAbort) for I2C_DMAAbort
    py32f0xx_hal_i2c.o(i.HAL_I2C_Slave_Seq_Transmit_DMA) refers to py32f0xx_hal_i2c.o(i.I2C_DMAXferCplt) for I2C_DMAXferCplt
    py32f0xx_hal_i2c.o(i.HAL_I2C_Slave_Seq_Transmit_DMA) refers to py32f0xx_hal_i2c.o(i.I2C_DMAError) for I2C_DMAError
    py32f0xx_hal_i2c.o(i.HAL_I2C_Slave_Transmit) refers to py32f0xx_hal.o(i.HAL_GetTick) for HAL_GetTick
    py32f0xx_hal_i2c.o(i.HAL_I2C_Slave_Transmit) refers to py32f0xx_hal_i2c.o(i.I2C_WaitOnFlagUntilTimeout) for I2C_WaitOnFlagUntilTimeout
    py32f0xx_hal_i2c.o(i.HAL_I2C_Slave_Transmit) refers to py32f0xx_hal_i2c.o(i.I2C_WaitOnTXEFlagUntilTimeout) for I2C_WaitOnTXEFlagUntilTimeout
    py32f0xx_hal_i2c.o(i.HAL_I2C_Slave_Transmit_DMA) refers to py32f0xx_hal.o(i.HAL_GetTick) for HAL_GetTick
    py32f0xx_hal_i2c.o(i.HAL_I2C_Slave_Transmit_DMA) refers to py32f0xx_hal_dma.o(i.HAL_DMA_Start_IT) for HAL_DMA_Start_IT
    py32f0xx_hal_i2c.o(i.HAL_I2C_Slave_Transmit_DMA) refers to py32f0xx_hal_i2c.o(i.I2C_WaitOnFlagUntilTimeout) for I2C_WaitOnFlagUntilTimeout
    py32f0xx_hal_i2c.o(i.HAL_I2C_Slave_Transmit_DMA) refers to py32f0xx_hal_i2c.o(i.I2C_DMAXferCplt) for I2C_DMAXferCplt
    py32f0xx_hal_i2c.o(i.HAL_I2C_Slave_Transmit_DMA) refers to py32f0xx_hal_i2c.o(i.I2C_DMAError) for I2C_DMAError
    py32f0xx_hal_i2c.o(i.I2C_DMAAbort) refers to py32f0xx_hal_i2c.o(i.HAL_I2C_AbortCpltCallback) for HAL_I2C_AbortCpltCallback
    py32f0xx_hal_i2c.o(i.I2C_DMAAbort) refers to py32f0xx_hal_i2c.o(i.HAL_I2C_ErrorCallback) for HAL_I2C_ErrorCallback
    py32f0xx_hal_i2c.o(i.I2C_DMAError) refers to py32f0xx_hal_i2c.o(i.HAL_I2C_ErrorCallback) for HAL_I2C_ErrorCallback
    py32f0xx_hal_i2c.o(i.I2C_DMAXferCplt) refers to py32f0xx_hal_i2c.o(i.HAL_I2C_SlaveTxCpltCallback) for HAL_I2C_SlaveTxCpltCallback
    py32f0xx_hal_i2c.o(i.I2C_DMAXferCplt) refers to py32f0xx_hal_i2c.o(i.HAL_I2C_SlaveRxCpltCallback) for HAL_I2C_SlaveRxCpltCallback
    py32f0xx_hal_i2c.o(i.I2C_DMAXferCplt) refers to py32f0xx_hal_i2c.o(i.HAL_I2C_ErrorCallback) for HAL_I2C_ErrorCallback
    py32f0xx_hal_i2c.o(i.I2C_DMAXferCplt) refers to py32f0xx_hal_i2c.o(i.HAL_I2C_MemRxCpltCallback) for HAL_I2C_MemRxCpltCallback
    py32f0xx_hal_i2c.o(i.I2C_DMAXferCplt) refers to py32f0xx_hal_i2c.o(i.HAL_I2C_MasterRxCpltCallback) for HAL_I2C_MasterRxCpltCallback
    py32f0xx_hal_i2c.o(i.I2C_ITError) refers to py32f0xx_hal_dma.o(i.HAL_DMA_Abort_IT) for HAL_DMA_Abort_IT
    py32f0xx_hal_i2c.o(i.I2C_ITError) refers to py32f0xx_hal_i2c.o(i.HAL_I2C_AbortCpltCallback) for HAL_I2C_AbortCpltCallback
    py32f0xx_hal_i2c.o(i.I2C_ITError) refers to py32f0xx_hal_i2c.o(i.HAL_I2C_ErrorCallback) for HAL_I2C_ErrorCallback
    py32f0xx_hal_i2c.o(i.I2C_ITError) refers to py32f0xx_hal_i2c.o(i.HAL_I2C_ListenCpltCallback) for HAL_I2C_ListenCpltCallback
    py32f0xx_hal_i2c.o(i.I2C_ITError) refers to py32f0xx_hal_i2c.o(i.I2C_DMAAbort) for I2C_DMAAbort
    py32f0xx_hal_i2c.o(i.I2C_MasterReceive_BTF) refers to py32f0xx_hal_i2c.o(i.HAL_I2C_MemRxCpltCallback) for HAL_I2C_MemRxCpltCallback
    py32f0xx_hal_i2c.o(i.I2C_MasterReceive_BTF) refers to py32f0xx_hal_i2c.o(i.HAL_I2C_MasterRxCpltCallback) for HAL_I2C_MasterRxCpltCallback
    py32f0xx_hal_i2c.o(i.I2C_MasterReceive_RXNE) refers to py32f0xx_hal_i2c.o(i.HAL_I2C_MemRxCpltCallback) for HAL_I2C_MemRxCpltCallback
    py32f0xx_hal_i2c.o(i.I2C_MasterReceive_RXNE) refers to py32f0xx_hal_i2c.o(i.HAL_I2C_MasterRxCpltCallback) for HAL_I2C_MasterRxCpltCallback
    py32f0xx_hal_i2c.o(i.I2C_MasterRequestRead) refers to py32f0xx_hal_i2c.o(i.I2C_WaitOnFlagUntilTimeout) for I2C_WaitOnFlagUntilTimeout
    py32f0xx_hal_i2c.o(i.I2C_MasterRequestRead) refers to py32f0xx_hal_i2c.o(i.I2C_WaitOnMasterAddressFlagUntilTimeout) for I2C_WaitOnMasterAddressFlagUntilTimeout
    py32f0xx_hal_i2c.o(i.I2C_MasterRequestWrite) refers to py32f0xx_hal_i2c.o(i.I2C_WaitOnFlagUntilTimeout) for I2C_WaitOnFlagUntilTimeout
    py32f0xx_hal_i2c.o(i.I2C_MasterRequestWrite) refers to py32f0xx_hal_i2c.o(i.I2C_WaitOnMasterAddressFlagUntilTimeout) for I2C_WaitOnMasterAddressFlagUntilTimeout
    py32f0xx_hal_i2c.o(i.I2C_MasterTransmit_BTF) refers to py32f0xx_hal_i2c.o(i.HAL_I2C_MasterTxCpltCallback) for HAL_I2C_MasterTxCpltCallback
    py32f0xx_hal_i2c.o(i.I2C_MasterTransmit_BTF) refers to py32f0xx_hal_i2c.o(i.HAL_I2C_MemTxCpltCallback) for HAL_I2C_MemTxCpltCallback
    py32f0xx_hal_i2c.o(i.I2C_MasterTransmit_TXE) refers to py32f0xx_hal_i2c.o(i.HAL_I2C_MasterTxCpltCallback) for HAL_I2C_MasterTxCpltCallback
    py32f0xx_hal_i2c.o(i.I2C_MasterTransmit_TXE) refers to py32f0xx_hal_i2c.o(i.HAL_I2C_MemTxCpltCallback) for HAL_I2C_MemTxCpltCallback
    py32f0xx_hal_i2c.o(i.I2C_RequestMemoryRead) refers to py32f0xx_hal_i2c.o(i.I2C_WaitOnFlagUntilTimeout) for I2C_WaitOnFlagUntilTimeout
    py32f0xx_hal_i2c.o(i.I2C_RequestMemoryRead) refers to py32f0xx_hal_i2c.o(i.I2C_WaitOnMasterAddressFlagUntilTimeout) for I2C_WaitOnMasterAddressFlagUntilTimeout
    py32f0xx_hal_i2c.o(i.I2C_RequestMemoryRead) refers to py32f0xx_hal_i2c.o(i.I2C_WaitOnTXEFlagUntilTimeout) for I2C_WaitOnTXEFlagUntilTimeout
    py32f0xx_hal_i2c.o(i.I2C_RequestMemoryWrite) refers to py32f0xx_hal_i2c.o(i.I2C_WaitOnFlagUntilTimeout) for I2C_WaitOnFlagUntilTimeout
    py32f0xx_hal_i2c.o(i.I2C_RequestMemoryWrite) refers to py32f0xx_hal_i2c.o(i.I2C_WaitOnMasterAddressFlagUntilTimeout) for I2C_WaitOnMasterAddressFlagUntilTimeout
    py32f0xx_hal_i2c.o(i.I2C_RequestMemoryWrite) refers to py32f0xx_hal_i2c.o(i.I2C_WaitOnTXEFlagUntilTimeout) for I2C_WaitOnTXEFlagUntilTimeout
    py32f0xx_hal_i2c.o(i.I2C_SlaveReceive_RXNE) refers to py32f0xx_hal_i2c.o(i.HAL_I2C_SlaveRxCpltCallback) for HAL_I2C_SlaveRxCpltCallback
    py32f0xx_hal_i2c.o(i.I2C_SlaveTransmit_TXE) refers to py32f0xx_hal_i2c.o(i.HAL_I2C_SlaveTxCpltCallback) for HAL_I2C_SlaveTxCpltCallback
    py32f0xx_hal_i2c.o(i.I2C_Slave_ADDR) refers to py32f0xx_hal_i2c.o(i.HAL_I2C_AddrCallback) for HAL_I2C_AddrCallback
    py32f0xx_hal_i2c.o(i.I2C_Slave_AF) refers to py32f0xx_hal_i2c.o(i.HAL_I2C_ListenCpltCallback) for HAL_I2C_ListenCpltCallback
    py32f0xx_hal_i2c.o(i.I2C_Slave_AF) refers to py32f0xx_hal_i2c.o(i.HAL_I2C_SlaveTxCpltCallback) for HAL_I2C_SlaveTxCpltCallback
    py32f0xx_hal_i2c.o(i.I2C_Slave_STOPF) refers to py32f0xx_hal_dma.o(i.HAL_DMA_GetState) for HAL_DMA_GetState
    py32f0xx_hal_i2c.o(i.I2C_Slave_STOPF) refers to py32f0xx_hal_dma.o(i.HAL_DMA_Abort_IT) for HAL_DMA_Abort_IT
    py32f0xx_hal_i2c.o(i.I2C_Slave_STOPF) refers to py32f0xx_hal_i2c.o(i.I2C_ITError) for I2C_ITError
    py32f0xx_hal_i2c.o(i.I2C_Slave_STOPF) refers to py32f0xx_hal_i2c.o(i.HAL_I2C_SlaveRxCpltCallback) for HAL_I2C_SlaveRxCpltCallback
    py32f0xx_hal_i2c.o(i.I2C_Slave_STOPF) refers to py32f0xx_hal_i2c.o(i.HAL_I2C_ListenCpltCallback) for HAL_I2C_ListenCpltCallback
    py32f0xx_hal_i2c.o(i.I2C_Slave_STOPF) refers to py32f0xx_hal_i2c.o(i.I2C_DMAAbort) for I2C_DMAAbort
    py32f0xx_hal_i2c.o(i.I2C_WaitOnBTFFlagUntilTimeout) refers to py32f0xx_hal_i2c.o(i.I2C_IsAcknowledgeFailed) for I2C_IsAcknowledgeFailed
    py32f0xx_hal_i2c.o(i.I2C_WaitOnBTFFlagUntilTimeout) refers to py32f0xx_hal.o(i.HAL_GetTick) for HAL_GetTick
    py32f0xx_hal_i2c.o(i.I2C_WaitOnFlagUntilTimeout) refers to py32f0xx_hal.o(i.HAL_GetTick) for HAL_GetTick
    py32f0xx_hal_i2c.o(i.I2C_WaitOnMasterAddressFlagUntilTimeout) refers to py32f0xx_hal.o(i.HAL_GetTick) for HAL_GetTick
    py32f0xx_hal_i2c.o(i.I2C_WaitOnRXNEFlagUntilTimeout) refers to py32f0xx_hal.o(i.HAL_GetTick) for HAL_GetTick
    py32f0xx_hal_i2c.o(i.I2C_WaitOnSTOPFlagUntilTimeout) refers to py32f0xx_hal_i2c.o(i.I2C_IsAcknowledgeFailed) for I2C_IsAcknowledgeFailed
    py32f0xx_hal_i2c.o(i.I2C_WaitOnSTOPFlagUntilTimeout) refers to py32f0xx_hal.o(i.HAL_GetTick) for HAL_GetTick
    py32f0xx_hal_i2c.o(i.I2C_WaitOnTXEFlagUntilTimeout) refers to py32f0xx_hal_i2c.o(i.I2C_IsAcknowledgeFailed) for I2C_IsAcknowledgeFailed
    py32f0xx_hal_i2c.o(i.I2C_WaitOnTXEFlagUntilTimeout) refers to py32f0xx_hal.o(i.HAL_GetTick) for HAL_GetTick
    py32f0xx_hal_spi.o(i.HAL_SPI_Abort) refers to uidiv.o(.text) for __aeabi_uidivmod
    py32f0xx_hal_spi.o(i.HAL_SPI_Abort) refers to py32f0xx_hal_dma.o(i.HAL_DMA_Abort) for HAL_DMA_Abort
    py32f0xx_hal_spi.o(i.HAL_SPI_Abort) refers to py32f0xx_hal.o(i.HAL_GetTick) for HAL_GetTick
    py32f0xx_hal_spi.o(i.HAL_SPI_Abort) refers to py32f0xx_hal_spi.o(i.SPI_EndRxTxTransaction) for SPI_EndRxTxTransaction
    py32f0xx_hal_spi.o(i.HAL_SPI_Abort) refers to py32f0xx_hal_spi.o(i.SPI_WaitFifoStateUntilTimeout) for SPI_WaitFifoStateUntilTimeout
    py32f0xx_hal_spi.o(i.HAL_SPI_Abort) refers to py32f0xx_hal_spi.o(i.SPI_WaitFlagStateUntilTimeout) for SPI_WaitFlagStateUntilTimeout
    py32f0xx_hal_spi.o(i.HAL_SPI_Abort) refers to system_py32f0xx.o(.data) for SystemCoreClock
    py32f0xx_hal_spi.o(i.HAL_SPI_Abort) refers to py32f0xx_hal_spi.o(i.SPI_AbortTx_ISR) for SPI_AbortTx_ISR
    py32f0xx_hal_spi.o(i.HAL_SPI_Abort) refers to py32f0xx_hal_spi.o(i.SPI_AbortRx_ISR) for SPI_AbortRx_ISR
    py32f0xx_hal_spi.o(i.HAL_SPI_Abort_IT) refers to uidiv.o(.text) for __aeabi_uidivmod
    py32f0xx_hal_spi.o(i.HAL_SPI_Abort_IT) refers to py32f0xx_hal_dma.o(i.HAL_DMA_Abort_IT) for HAL_DMA_Abort_IT
    py32f0xx_hal_spi.o(i.HAL_SPI_Abort_IT) refers to py32f0xx_hal_spi.o(i.HAL_SPI_AbortCpltCallback) for HAL_SPI_AbortCpltCallback
    py32f0xx_hal_spi.o(i.HAL_SPI_Abort_IT) refers to system_py32f0xx.o(.data) for SystemCoreClock
    py32f0xx_hal_spi.o(i.HAL_SPI_Abort_IT) refers to py32f0xx_hal_spi.o(i.SPI_AbortTx_ISR) for SPI_AbortTx_ISR
    py32f0xx_hal_spi.o(i.HAL_SPI_Abort_IT) refers to py32f0xx_hal_spi.o(i.SPI_AbortRx_ISR) for SPI_AbortRx_ISR
    py32f0xx_hal_spi.o(i.HAL_SPI_Abort_IT) refers to py32f0xx_hal_spi.o(i.SPI_DMATxAbortCallback) for SPI_DMATxAbortCallback
    py32f0xx_hal_spi.o(i.HAL_SPI_Abort_IT) refers to py32f0xx_hal_spi.o(i.SPI_DMARxAbortCallback) for SPI_DMARxAbortCallback
    py32f0xx_hal_spi.o(i.HAL_SPI_DMAStop) refers to py32f0xx_hal_dma.o(i.HAL_DMA_Abort) for HAL_DMA_Abort
    py32f0xx_hal_spi.o(i.HAL_SPI_DeInit) refers to py32f0xx_hal_spi.o(i.HAL_SPI_MspDeInit) for HAL_SPI_MspDeInit
    py32f0xx_hal_spi.o(i.HAL_SPI_IRQHandler) refers to py32f0xx_hal_dma.o(i.HAL_DMA_Abort_IT) for HAL_DMA_Abort_IT
    py32f0xx_hal_spi.o(i.HAL_SPI_IRQHandler) refers to py32f0xx_hal_spi.o(i.HAL_SPI_ErrorCallback) for HAL_SPI_ErrorCallback
    py32f0xx_hal_spi.o(i.HAL_SPI_IRQHandler) refers to py32f0xx_hal_spi.o(i.SPI_DMAAbortOnError) for SPI_DMAAbortOnError
    py32f0xx_hal_spi.o(i.HAL_SPI_Init) refers to py32f0xx_hal_spi.o(i.HAL_SPI_MspInit) for HAL_SPI_MspInit
    py32f0xx_hal_spi.o(i.HAL_SPI_Receive) refers to py32f0xx_hal_spi.o(i.HAL_SPI_TransmitReceive) for HAL_SPI_TransmitReceive
    py32f0xx_hal_spi.o(i.HAL_SPI_Receive) refers to py32f0xx_hal.o(i.HAL_GetTick) for HAL_GetTick
    py32f0xx_hal_spi.o(i.HAL_SPI_Receive) refers to py32f0xx_hal_spi.o(i.SPI_EndRxTransaction) for SPI_EndRxTransaction
    py32f0xx_hal_spi.o(i.HAL_SPI_Receive_DMA) refers to py32f0xx_hal_spi.o(i.HAL_SPI_TransmitReceive_DMA) for HAL_SPI_TransmitReceive_DMA
    py32f0xx_hal_spi.o(i.HAL_SPI_Receive_DMA) refers to py32f0xx_hal_dma.o(i.HAL_DMA_Start_IT) for HAL_DMA_Start_IT
    py32f0xx_hal_spi.o(i.HAL_SPI_Receive_DMA) refers to py32f0xx_hal_spi.o(i.SPI_DMAHalfReceiveCplt) for SPI_DMAHalfReceiveCplt
    py32f0xx_hal_spi.o(i.HAL_SPI_Receive_DMA) refers to py32f0xx_hal_spi.o(i.SPI_DMAReceiveCplt) for SPI_DMAReceiveCplt
    py32f0xx_hal_spi.o(i.HAL_SPI_Receive_DMA) refers to py32f0xx_hal_spi.o(i.SPI_DMAError) for SPI_DMAError
    py32f0xx_hal_spi.o(i.HAL_SPI_Receive_IT) refers to py32f0xx_hal_spi.o(i.HAL_SPI_TransmitReceive_IT) for HAL_SPI_TransmitReceive_IT
    py32f0xx_hal_spi.o(i.HAL_SPI_Receive_IT) refers to py32f0xx_hal_spi.o(i.SPI_RxISR_16BIT) for SPI_RxISR_16BIT
    py32f0xx_hal_spi.o(i.HAL_SPI_Receive_IT) refers to py32f0xx_hal_spi.o(i.SPI_RxISR_8BIT) for SPI_RxISR_8BIT
    py32f0xx_hal_spi.o(i.HAL_SPI_Transmit) refers to py32f0xx_hal.o(i.HAL_GetTick) for HAL_GetTick
    py32f0xx_hal_spi.o(i.HAL_SPI_Transmit) refers to py32f0xx_hal_spi.o(i.SPI_EndRxTxTransaction) for SPI_EndRxTxTransaction
    py32f0xx_hal_spi.o(i.HAL_SPI_TransmitReceive) refers to py32f0xx_hal.o(i.HAL_GetTick) for HAL_GetTick
    py32f0xx_hal_spi.o(i.HAL_SPI_TransmitReceive) refers to py32f0xx_hal_spi.o(i.SPI_EndRxTxTransaction) for SPI_EndRxTxTransaction
    py32f0xx_hal_spi.o(i.HAL_SPI_TransmitReceive_DMA) refers to py32f0xx_hal_dma.o(i.HAL_DMA_Start_IT) for HAL_DMA_Start_IT
    py32f0xx_hal_spi.o(i.HAL_SPI_TransmitReceive_DMA) refers to py32f0xx_hal_spi.o(i.SPI_DMAHalfReceiveCplt) for SPI_DMAHalfReceiveCplt
    py32f0xx_hal_spi.o(i.HAL_SPI_TransmitReceive_DMA) refers to py32f0xx_hal_spi.o(i.SPI_DMAReceiveCplt) for SPI_DMAReceiveCplt
    py32f0xx_hal_spi.o(i.HAL_SPI_TransmitReceive_DMA) refers to py32f0xx_hal_spi.o(i.SPI_DMAHalfTransmitReceiveCplt) for SPI_DMAHalfTransmitReceiveCplt
    py32f0xx_hal_spi.o(i.HAL_SPI_TransmitReceive_DMA) refers to py32f0xx_hal_spi.o(i.SPI_DMATransmitReceiveCplt) for SPI_DMATransmitReceiveCplt
    py32f0xx_hal_spi.o(i.HAL_SPI_TransmitReceive_DMA) refers to py32f0xx_hal_spi.o(i.SPI_DMAError) for SPI_DMAError
    py32f0xx_hal_spi.o(i.HAL_SPI_TransmitReceive_IT) refers to py32f0xx_hal_spi.o(i.SPI_2linesRxISR_16BIT) for SPI_2linesRxISR_16BIT
    py32f0xx_hal_spi.o(i.HAL_SPI_TransmitReceive_IT) refers to py32f0xx_hal_spi.o(i.SPI_2linesTxISR_16BIT) for SPI_2linesTxISR_16BIT
    py32f0xx_hal_spi.o(i.HAL_SPI_TransmitReceive_IT) refers to py32f0xx_hal_spi.o(i.SPI_2linesRxISR_8BIT) for SPI_2linesRxISR_8BIT
    py32f0xx_hal_spi.o(i.HAL_SPI_TransmitReceive_IT) refers to py32f0xx_hal_spi.o(i.SPI_2linesTxISR_8BIT) for SPI_2linesTxISR_8BIT
    py32f0xx_hal_spi.o(i.HAL_SPI_Transmit_DMA) refers to py32f0xx_hal_dma.o(i.HAL_DMA_Start_IT) for HAL_DMA_Start_IT
    py32f0xx_hal_spi.o(i.HAL_SPI_Transmit_DMA) refers to py32f0xx_hal_spi.o(i.SPI_DMAHalfTransmitCplt) for SPI_DMAHalfTransmitCplt
    py32f0xx_hal_spi.o(i.HAL_SPI_Transmit_DMA) refers to py32f0xx_hal_spi.o(i.SPI_DMATransmitCplt) for SPI_DMATransmitCplt
    py32f0xx_hal_spi.o(i.HAL_SPI_Transmit_DMA) refers to py32f0xx_hal_spi.o(i.SPI_DMAError) for SPI_DMAError
    py32f0xx_hal_spi.o(i.HAL_SPI_Transmit_IT) refers to py32f0xx_hal_spi.o(i.SPI_TxISR_16BIT) for SPI_TxISR_16BIT
    py32f0xx_hal_spi.o(i.HAL_SPI_Transmit_IT) refers to py32f0xx_hal_spi.o(i.SPI_TxISR_8BIT) for SPI_TxISR_8BIT
    py32f0xx_hal_spi.o(i.SPI_2linesRxISR_16BIT) refers to py32f0xx_hal_spi.o(i.SPI_CloseRxTx_ISR) for SPI_CloseRxTx_ISR
    py32f0xx_hal_spi.o(i.SPI_2linesRxISR_8BIT) refers to py32f0xx_hal_spi.o(i.SPI_CloseRxTx_ISR) for SPI_CloseRxTx_ISR
    py32f0xx_hal_spi.o(i.SPI_2linesTxISR_16BIT) refers to py32f0xx_hal_spi.o(i.SPI_CloseRxTx_ISR) for SPI_CloseRxTx_ISR
    py32f0xx_hal_spi.o(i.SPI_2linesTxISR_8BIT) refers to py32f0xx_hal_spi.o(i.SPI_CloseRxTx_ISR) for SPI_CloseRxTx_ISR
    py32f0xx_hal_spi.o(i.SPI_AbortRx_ISR) refers to uidiv.o(.text) for __aeabi_uidivmod
    py32f0xx_hal_spi.o(i.SPI_AbortRx_ISR) refers to py32f0xx_hal.o(i.HAL_GetTick) for HAL_GetTick
    py32f0xx_hal_spi.o(i.SPI_AbortRx_ISR) refers to py32f0xx_hal_spi.o(i.SPI_WaitFlagStateUntilTimeout) for SPI_WaitFlagStateUntilTimeout
    py32f0xx_hal_spi.o(i.SPI_AbortRx_ISR) refers to py32f0xx_hal_spi.o(i.SPI_WaitFifoStateUntilTimeout) for SPI_WaitFifoStateUntilTimeout
    py32f0xx_hal_spi.o(i.SPI_AbortRx_ISR) refers to system_py32f0xx.o(.data) for SystemCoreClock
    py32f0xx_hal_spi.o(i.SPI_AbortTx_ISR) refers to uidiv.o(.text) for __aeabi_uidivmod
    py32f0xx_hal_spi.o(i.SPI_AbortTx_ISR) refers to py32f0xx_hal.o(i.HAL_GetTick) for HAL_GetTick
    py32f0xx_hal_spi.o(i.SPI_AbortTx_ISR) refers to py32f0xx_hal_spi.o(i.SPI_EndRxTxTransaction) for SPI_EndRxTxTransaction
    py32f0xx_hal_spi.o(i.SPI_AbortTx_ISR) refers to py32f0xx_hal_spi.o(i.SPI_WaitFifoStateUntilTimeout) for SPI_WaitFifoStateUntilTimeout
    py32f0xx_hal_spi.o(i.SPI_AbortTx_ISR) refers to py32f0xx_hal_spi.o(i.SPI_WaitFlagStateUntilTimeout) for SPI_WaitFlagStateUntilTimeout
    py32f0xx_hal_spi.o(i.SPI_AbortTx_ISR) refers to system_py32f0xx.o(.data) for SystemCoreClock
    py32f0xx_hal_spi.o(i.SPI_CloseRxTx_ISR) refers to py32f0xx_hal.o(i.HAL_GetTick) for HAL_GetTick
    py32f0xx_hal_spi.o(i.SPI_CloseRxTx_ISR) refers to py32f0xx_hal_spi.o(i.SPI_EndRxTxTransaction) for SPI_EndRxTxTransaction
    py32f0xx_hal_spi.o(i.SPI_CloseRxTx_ISR) refers to py32f0xx_hal_spi.o(i.HAL_SPI_RxCpltCallback) for HAL_SPI_RxCpltCallback
    py32f0xx_hal_spi.o(i.SPI_CloseRxTx_ISR) refers to py32f0xx_hal_spi.o(i.HAL_SPI_TxRxCpltCallback) for HAL_SPI_TxRxCpltCallback
    py32f0xx_hal_spi.o(i.SPI_CloseRxTx_ISR) refers to py32f0xx_hal_spi.o(i.HAL_SPI_ErrorCallback) for HAL_SPI_ErrorCallback
    py32f0xx_hal_spi.o(i.SPI_CloseRx_ISR) refers to py32f0xx_hal.o(i.HAL_GetTick) for HAL_GetTick
    py32f0xx_hal_spi.o(i.SPI_CloseRx_ISR) refers to py32f0xx_hal_spi.o(i.SPI_EndRxTransaction) for SPI_EndRxTransaction
    py32f0xx_hal_spi.o(i.SPI_CloseRx_ISR) refers to py32f0xx_hal_spi.o(i.HAL_SPI_RxCpltCallback) for HAL_SPI_RxCpltCallback
    py32f0xx_hal_spi.o(i.SPI_CloseRx_ISR) refers to py32f0xx_hal_spi.o(i.HAL_SPI_ErrorCallback) for HAL_SPI_ErrorCallback
    py32f0xx_hal_spi.o(i.SPI_CloseTx_ISR) refers to py32f0xx_hal.o(i.HAL_GetTick) for HAL_GetTick
    py32f0xx_hal_spi.o(i.SPI_CloseTx_ISR) refers to py32f0xx_hal_spi.o(i.SPI_EndRxTxTransaction) for SPI_EndRxTxTransaction
    py32f0xx_hal_spi.o(i.SPI_CloseTx_ISR) refers to py32f0xx_hal_spi.o(i.HAL_SPI_ErrorCallback) for HAL_SPI_ErrorCallback
    py32f0xx_hal_spi.o(i.SPI_CloseTx_ISR) refers to py32f0xx_hal_spi.o(i.HAL_SPI_TxCpltCallback) for HAL_SPI_TxCpltCallback
    py32f0xx_hal_spi.o(i.SPI_DMAAbortOnError) refers to py32f0xx_hal_spi.o(i.HAL_SPI_ErrorCallback) for HAL_SPI_ErrorCallback
    py32f0xx_hal_spi.o(i.SPI_DMAError) refers to py32f0xx_hal_spi.o(i.HAL_SPI_ErrorCallback) for HAL_SPI_ErrorCallback
    py32f0xx_hal_spi.o(i.SPI_DMAHalfReceiveCplt) refers to py32f0xx_hal_spi.o(i.HAL_SPI_RxHalfCpltCallback) for HAL_SPI_RxHalfCpltCallback
    py32f0xx_hal_spi.o(i.SPI_DMAHalfTransmitCplt) refers to py32f0xx_hal_spi.o(i.HAL_SPI_TxHalfCpltCallback) for HAL_SPI_TxHalfCpltCallback
    py32f0xx_hal_spi.o(i.SPI_DMAHalfTransmitReceiveCplt) refers to py32f0xx_hal_spi.o(i.HAL_SPI_TxRxHalfCpltCallback) for HAL_SPI_TxRxHalfCpltCallback
    py32f0xx_hal_spi.o(i.SPI_DMAReceiveCplt) refers to py32f0xx_hal.o(i.HAL_GetTick) for HAL_GetTick
    py32f0xx_hal_spi.o(i.SPI_DMAReceiveCplt) refers to py32f0xx_hal_spi.o(i.SPI_EndRxTransaction) for SPI_EndRxTransaction
    py32f0xx_hal_spi.o(i.SPI_DMAReceiveCplt) refers to py32f0xx_hal_spi.o(i.HAL_SPI_ErrorCallback) for HAL_SPI_ErrorCallback
    py32f0xx_hal_spi.o(i.SPI_DMAReceiveCplt) refers to py32f0xx_hal_spi.o(i.HAL_SPI_RxCpltCallback) for HAL_SPI_RxCpltCallback
    py32f0xx_hal_spi.o(i.SPI_DMARxAbortCallback) refers to py32f0xx_hal.o(i.HAL_GetTick) for HAL_GetTick
    py32f0xx_hal_spi.o(i.SPI_DMARxAbortCallback) refers to py32f0xx_hal_spi.o(i.SPI_WaitFlagStateUntilTimeout) for SPI_WaitFlagStateUntilTimeout
    py32f0xx_hal_spi.o(i.SPI_DMARxAbortCallback) refers to py32f0xx_hal_spi.o(i.SPI_WaitFifoStateUntilTimeout) for SPI_WaitFifoStateUntilTimeout
    py32f0xx_hal_spi.o(i.SPI_DMARxAbortCallback) refers to py32f0xx_hal_spi.o(i.HAL_SPI_AbortCpltCallback) for HAL_SPI_AbortCpltCallback
    py32f0xx_hal_spi.o(i.SPI_DMATransmitCplt) refers to py32f0xx_hal.o(i.HAL_GetTick) for HAL_GetTick
    py32f0xx_hal_spi.o(i.SPI_DMATransmitCplt) refers to py32f0xx_hal_spi.o(i.SPI_EndRxTxTransaction) for SPI_EndRxTxTransaction
    py32f0xx_hal_spi.o(i.SPI_DMATransmitCplt) refers to py32f0xx_hal_spi.o(i.HAL_SPI_ErrorCallback) for HAL_SPI_ErrorCallback
    py32f0xx_hal_spi.o(i.SPI_DMATransmitCplt) refers to py32f0xx_hal_spi.o(i.HAL_SPI_TxCpltCallback) for HAL_SPI_TxCpltCallback
    py32f0xx_hal_spi.o(i.SPI_DMATransmitReceiveCplt) refers to py32f0xx_hal.o(i.HAL_GetTick) for HAL_GetTick
    py32f0xx_hal_spi.o(i.SPI_DMATransmitReceiveCplt) refers to py32f0xx_hal_spi.o(i.SPI_EndRxTxTransaction) for SPI_EndRxTxTransaction
    py32f0xx_hal_spi.o(i.SPI_DMATransmitReceiveCplt) refers to py32f0xx_hal_spi.o(i.HAL_SPI_ErrorCallback) for HAL_SPI_ErrorCallback
    py32f0xx_hal_spi.o(i.SPI_DMATransmitReceiveCplt) refers to py32f0xx_hal_spi.o(i.HAL_SPI_TxRxCpltCallback) for HAL_SPI_TxRxCpltCallback
    py32f0xx_hal_spi.o(i.SPI_DMATxAbortCallback) refers to py32f0xx_hal.o(i.HAL_GetTick) for HAL_GetTick
    py32f0xx_hal_spi.o(i.SPI_DMATxAbortCallback) refers to py32f0xx_hal_spi.o(i.SPI_EndRxTxTransaction) for SPI_EndRxTxTransaction
    py32f0xx_hal_spi.o(i.SPI_DMATxAbortCallback) refers to py32f0xx_hal_spi.o(i.SPI_WaitFifoStateUntilTimeout) for SPI_WaitFifoStateUntilTimeout
    py32f0xx_hal_spi.o(i.SPI_DMATxAbortCallback) refers to py32f0xx_hal_spi.o(i.HAL_SPI_AbortCpltCallback) for HAL_SPI_AbortCpltCallback
    py32f0xx_hal_spi.o(i.SPI_EndRxTransaction) refers to py32f0xx_hal_spi.o(i.SPI_WaitFlagStateUntilTimeout) for SPI_WaitFlagStateUntilTimeout
    py32f0xx_hal_spi.o(i.SPI_EndRxTransaction) refers to py32f0xx_hal_spi.o(i.SPI_WaitFifoStateUntilTimeout) for SPI_WaitFifoStateUntilTimeout
    py32f0xx_hal_spi.o(i.SPI_EndRxTxTransaction) refers to py32f0xx_hal_spi.o(i.SPI_WaitFifoStateUntilTimeout) for SPI_WaitFifoStateUntilTimeout
    py32f0xx_hal_spi.o(i.SPI_EndRxTxTransaction) refers to py32f0xx_hal_spi.o(i.SPI_WaitFlagStateUntilTimeout) for SPI_WaitFlagStateUntilTimeout
    py32f0xx_hal_spi.o(i.SPI_RxISR_16BIT) refers to py32f0xx_hal_spi.o(i.SPI_CloseRx_ISR) for SPI_CloseRx_ISR
    py32f0xx_hal_spi.o(i.SPI_RxISR_8BIT) refers to py32f0xx_hal_spi.o(i.SPI_CloseRx_ISR) for SPI_CloseRx_ISR
    py32f0xx_hal_spi.o(i.SPI_TxISR_16BIT) refers to py32f0xx_hal_spi.o(i.SPI_CloseTx_ISR) for SPI_CloseTx_ISR
    py32f0xx_hal_spi.o(i.SPI_TxISR_8BIT) refers to py32f0xx_hal_spi.o(i.SPI_CloseTx_ISR) for SPI_CloseTx_ISR
    py32f0xx_hal_spi.o(i.SPI_WaitFifoStateUntilTimeout) refers to py32f0xx_hal.o(i.HAL_GetTick) for HAL_GetTick
    py32f0xx_hal_spi.o(i.SPI_WaitFifoStateUntilTimeout) refers to system_py32f0xx.o(.data) for SystemCoreClock
    py32f0xx_hal_spi.o(i.SPI_WaitFlagStateUntilTimeout) refers to py32f0xx_hal.o(i.HAL_GetTick) for HAL_GetTick
    py32f0xx_hal_spi.o(i.SPI_WaitFlagStateUntilTimeout) refers to system_py32f0xx.o(.data) for SystemCoreClock
    entry.o(.ARM.Collect$$$$00000000) refers (Special) to entry10a.o(.ARM.Collect$$$$0000000D) for __rt_final_cpp
    entry.o(.ARM.Collect$$$$00000000) refers (Special) to entry11a.o(.ARM.Collect$$$$0000000F) for __rt_final_exit
    entry.o(.ARM.Collect$$$$00000000) refers (Special) to entry7b.o(.ARM.Collect$$$$00000008) for _main_clock
    entry.o(.ARM.Collect$$$$00000000) refers (Special) to entry8b.o(.ARM.Collect$$$$0000000A) for _main_cpp_init
    entry.o(.ARM.Collect$$$$00000000) refers (Special) to entry9a.o(.ARM.Collect$$$$0000000B) for _main_init
    entry.o(.ARM.Collect$$$$00000000) refers (Special) to entry5.o(.ARM.Collect$$$$00000004) for _main_scatterload
    entry.o(.ARM.Collect$$$$00000000) refers (Special) to entry2.o(.ARM.Collect$$$$00000001) for _main_stk
    entry2.o(.ARM.Collect$$$$00000001) refers to entry2.o(.ARM.Collect$$$$00002712) for __lit__00000000
    entry2.o(.ARM.Collect$$$$00002712) refers to startup_py32f003xx.o(STACK) for __initial_sp
    entry2.o(__vectab_stack_and_reset_area) refers to startup_py32f003xx.o(STACK) for __initial_sp
    entry2.o(__vectab_stack_and_reset_area) refers to entry.o(.ARM.Collect$$$$00000000) for __main
    entry5.o(.ARM.Collect$$$$00000004) refers to init.o(.text) for __scatterload
    entry9a.o(.ARM.Collect$$$$0000000B) refers to system_py32f0xx.o(i.$Sub$$main) for main
    entry9b.o(.ARM.Collect$$$$0000000C) refers to system_py32f0xx.o(i.$Sub$$main) for main
    init.o(.text) refers to entry5.o(.ARM.Collect$$$$00000004) for __main_after_scatterload


==============================================================================

Removing Unused input sections from the image.

    Removing startup_py32f003xx.o(HEAP), (0 bytes).
    Removing system_py32f0xx.o(.rev16_text), (4 bytes).
    Removing system_py32f0xx.o(.revsh_text), (4 bytes).
    Removing system_py32f0xx.o(i.SystemCoreClockUpdate), (156 bytes).
    Removing main.o(.rev16_text), (4 bytes).
    Removing main.o(.revsh_text), (4 bytes).
    Removing py32f0xx_hal_msp.o(.rev16_text), (4 bytes).
    Removing py32f0xx_hal_msp.o(.revsh_text), (4 bytes).
    Removing py32f0xx_it.o(.rev16_text), (4 bytes).
    Removing py32f0xx_it.o(.revsh_text), (4 bytes).
    Removing py32f0xx_it.o(i.SPI2_IRQHandler), (2 bytes).
    Removing py32f0xx_it.o(i.TIM6_LPTIM_IRQHandler), (2 bytes).
    Removing rs485.o(.rev16_text), (4 bytes).
    Removing rs485.o(.revsh_text), (4 bytes).
    Removing rs485.o(i.RS485_Receive), (96 bytes).
    Removing rs485.o(i.fputc), (28 bytes).
    Removing py32f0xx_hal.o(.rev16_text), (4 bytes).
    Removing py32f0xx_hal.o(.revsh_text), (4 bytes).
    Removing py32f0xx_hal.o(i.HAL_DBGMCU_DisableDBGMCUStopMode), (20 bytes).
    Removing py32f0xx_hal.o(i.HAL_DBGMCU_EnableDBGMCUStopMode), (20 bytes).
    Removing py32f0xx_hal.o(i.HAL_DeInit), (52 bytes).
    Removing py32f0xx_hal.o(i.HAL_Delay), (44 bytes).
    Removing py32f0xx_hal.o(i.HAL_GetDEVID), (16 bytes).
    Removing py32f0xx_hal.o(i.HAL_GetHalVersion), (8 bytes).
    Removing py32f0xx_hal.o(i.HAL_GetREVID), (12 bytes).
    Removing py32f0xx_hal.o(i.HAL_GetTickFreq), (12 bytes).
    Removing py32f0xx_hal.o(i.HAL_GetTickPrio), (12 bytes).
    Removing py32f0xx_hal.o(i.HAL_GetUIDw0), (12 bytes).
    Removing py32f0xx_hal.o(i.HAL_GetUIDw1), (12 bytes).
    Removing py32f0xx_hal.o(i.HAL_GetUIDw2), (12 bytes).
    Removing py32f0xx_hal.o(i.HAL_MspDeInit), (2 bytes).
    Removing py32f0xx_hal.o(i.HAL_MspInit), (2 bytes).
    Removing py32f0xx_hal.o(i.HAL_ResumeTick), (20 bytes).
    Removing py32f0xx_hal.o(i.HAL_SYSCFG_DMA_Req), (16 bytes).
    Removing py32f0xx_hal.o(i.HAL_SetTickFreq), (44 bytes).
    Removing py32f0xx_hal.o(i.HAL_SuspendTick), (20 bytes).
    Removing py32f0xx_hal_rcc.o(.rev16_text), (4 bytes).
    Removing py32f0xx_hal_rcc.o(.revsh_text), (4 bytes).
    Removing py32f0xx_hal_rcc.o(i.HAL_RCC_CSSCallback), (2 bytes).
    Removing py32f0xx_hal_rcc.o(i.HAL_RCC_ClockConfig), (420 bytes).
    Removing py32f0xx_hal_rcc.o(i.HAL_RCC_DeInit), (176 bytes).
    Removing py32f0xx_hal_rcc.o(i.HAL_RCC_EnableCSS), (20 bytes).
    Removing py32f0xx_hal_rcc.o(i.HAL_RCC_GetClockConfig), (60 bytes).
    Removing py32f0xx_hal_rcc.o(i.HAL_RCC_GetOscConfig), (132 bytes).
    Removing py32f0xx_hal_rcc.o(i.HAL_RCC_GetSysClockFreq), (128 bytes).
    Removing py32f0xx_hal_rcc.o(i.HAL_RCC_LSECSSCallback), (2 bytes).
    Removing py32f0xx_hal_rcc.o(i.HAL_RCC_MCOConfig), (408 bytes).
    Removing py32f0xx_hal_rcc.o(i.HAL_RCC_NMI_IRQHandler), (32 bytes).
    Removing py32f0xx_hal_rcc.o(i.HAL_RCC_OscConfig), (752 bytes).
    Removing py32f0xx_hal_rcc.o(.constdata), (20 bytes).
    Removing py32f0xx_hal_rcc_ex.o(.rev16_text), (4 bytes).
    Removing py32f0xx_hal_rcc_ex.o(.revsh_text), (4 bytes).
    Removing py32f0xx_hal_rcc_ex.o(i.HAL_RCCEx_DisableLSCO), (120 bytes).
    Removing py32f0xx_hal_rcc_ex.o(i.HAL_RCCEx_EnableLSCO), (124 bytes).
    Removing py32f0xx_hal_rcc_ex.o(i.HAL_RCCEx_GetPeriphCLKConfig), (68 bytes).
    Removing py32f0xx_hal_rcc_ex.o(i.HAL_RCCEx_GetPeriphCLKFreq), (236 bytes).
    Removing py32f0xx_hal_rcc_ex.o(i.HAL_RCCEx_PeriphCLKConfig), (372 bytes).
    Removing py32f0xx_hal_flash.o(.rev16_text), (4 bytes).
    Removing py32f0xx_hal_flash.o(.revsh_text), (4 bytes).
    Removing py32f0xx_hal_flash.o(i.FLASH_MassErase), (40 bytes).
    Removing py32f0xx_hal_flash.o(i.FLASH_OB_GetRDP), (24 bytes).
    Removing py32f0xx_hal_flash.o(i.FLASH_OB_GetUser), (24 bytes).
    Removing py32f0xx_hal_flash.o(i.FLASH_OB_OptrConfig), (32 bytes).
    Removing py32f0xx_hal_flash.o(i.FLASH_PageErase), (32 bytes).
    Removing py32f0xx_hal_flash.o(i.FLASH_Program_Page), (84 bytes).
    Removing py32f0xx_hal_flash.o(i.FLASH_SectorErase), (24 bytes).
    Removing py32f0xx_hal_flash.o(i.FLASH_WaitForLastOperation), (60 bytes).
    Removing py32f0xx_hal_flash.o(i.HAL_FLASH_EndOfOperationCallback), (2 bytes).
    Removing py32f0xx_hal_flash.o(i.HAL_FLASH_Erase), (444 bytes).
    Removing py32f0xx_hal_flash.o(i.HAL_FLASH_Erase_IT), (332 bytes).
    Removing py32f0xx_hal_flash.o(i.HAL_FLASH_GetError), (12 bytes).
    Removing py32f0xx_hal_flash.o(i.HAL_FLASH_IRQHandler), (288 bytes).
    Removing py32f0xx_hal_flash.o(i.HAL_FLASH_Lock), (36 bytes).
    Removing py32f0xx_hal_flash.o(i.HAL_FLASH_OBGetConfig), (80 bytes).
    Removing py32f0xx_hal_flash.o(i.HAL_FLASH_OBProgram), (396 bytes).
    Removing py32f0xx_hal_flash.o(i.HAL_FLASH_OB_Launch), (24 bytes).
    Removing py32f0xx_hal_flash.o(i.HAL_FLASH_OB_Lock), (36 bytes).
    Removing py32f0xx_hal_flash.o(i.HAL_FLASH_OB_RDP_LevelConfig), (124 bytes).
    Removing py32f0xx_hal_flash.o(i.HAL_FLASH_OB_Unlock), (52 bytes).
    Removing py32f0xx_hal_flash.o(i.HAL_FLASH_OperationErrorCallback), (2 bytes).
    Removing py32f0xx_hal_flash.o(i.HAL_FLASH_PageProgram), (18 bytes).
    Removing py32f0xx_hal_flash.o(i.HAL_FLASH_PageProgram_IT), (18 bytes).
    Removing py32f0xx_hal_flash.o(i.HAL_FLASH_Program), (300 bytes).
    Removing py32f0xx_hal_flash.o(i.HAL_FLASH_Program_IT), (284 bytes).
    Removing py32f0xx_hal_flash.o(i.HAL_FLASH_Unlock), (52 bytes).
    Removing py32f0xx_hal_flash.o(.bss), (24 bytes).
    Removing py32f0xx_hal_flash.o(.constdata), (32 bytes).
    Removing py32f0xx_hal_gpio.o(.rev16_text), (4 bytes).
    Removing py32f0xx_hal_gpio.o(.revsh_text), (4 bytes).
    Removing py32f0xx_hal_gpio.o(i.HAL_GPIO_DeInit), (244 bytes).
    Removing py32f0xx_hal_gpio.o(i.HAL_GPIO_EXTI_Callback), (2 bytes).
    Removing py32f0xx_hal_gpio.o(i.HAL_GPIO_EXTI_IRQHandler), (32 bytes).
    Removing py32f0xx_hal_gpio.o(i.HAL_GPIO_LockPin), (50 bytes).
    Removing py32f0xx_hal_gpio.o(i.HAL_GPIO_ReadPin), (18 bytes).
    Removing py32f0xx_hal_gpio.o(i.HAL_GPIO_TogglePin), (16 bytes).
    Removing py32f0xx_hal_gpio.o(i.HAL_GPIO_WritePin), (12 bytes).
    Removing py32f0xx_hal_dma.o(.rev16_text), (4 bytes).
    Removing py32f0xx_hal_dma.o(.revsh_text), (4 bytes).
    Removing py32f0xx_hal_dma.o(i.DMA_SetConfig), (42 bytes).
    Removing py32f0xx_hal_dma.o(i.HAL_DMA_Abort), (84 bytes).
    Removing py32f0xx_hal_dma.o(i.HAL_DMA_Abort_IT), (120 bytes).
    Removing py32f0xx_hal_dma.o(i.HAL_DMA_ChannelMap), (92 bytes).
    Removing py32f0xx_hal_dma.o(i.HAL_DMA_DeInit), (108 bytes).
    Removing py32f0xx_hal_dma.o(i.HAL_DMA_GetError), (6 bytes).
    Removing py32f0xx_hal_dma.o(i.HAL_DMA_GetState), (8 bytes).
    Removing py32f0xx_hal_dma.o(i.HAL_DMA_IRQHandler), (296 bytes).
    Removing py32f0xx_hal_dma.o(i.HAL_DMA_Init), (112 bytes).
    Removing py32f0xx_hal_dma.o(i.HAL_DMA_PollForTransfer), (380 bytes).
    Removing py32f0xx_hal_dma.o(i.HAL_DMA_RegisterCallback), (92 bytes).
    Removing py32f0xx_hal_dma.o(i.HAL_DMA_Start), (110 bytes).
    Removing py32f0xx_hal_dma.o(i.HAL_DMA_Start_IT), (154 bytes).
    Removing py32f0xx_hal_dma.o(i.HAL_DMA_UnRegisterCallback), (108 bytes).
    Removing py32f0xx_hal_pwr.o(.rev16_text), (4 bytes).
    Removing py32f0xx_hal_pwr.o(.revsh_text), (4 bytes).
    Removing py32f0xx_hal_pwr.o(i.HAL_PWR_ConfigPVD), (204 bytes).
    Removing py32f0xx_hal_pwr.o(i.HAL_PWR_DeInit), (32 bytes).
    Removing py32f0xx_hal_pwr.o(i.HAL_PWR_DisableBkUpAccess), (20 bytes).
    Removing py32f0xx_hal_pwr.o(i.HAL_PWR_DisablePVD), (20 bytes).
    Removing py32f0xx_hal_pwr.o(i.HAL_PWR_DisableSEVOnPend), (20 bytes).
    Removing py32f0xx_hal_pwr.o(i.HAL_PWR_DisableSleepOnExit), (20 bytes).
    Removing py32f0xx_hal_pwr.o(i.HAL_PWR_EnableBkUpAccess), (20 bytes).
    Removing py32f0xx_hal_pwr.o(i.HAL_PWR_EnablePVD), (20 bytes).
    Removing py32f0xx_hal_pwr.o(i.HAL_PWR_EnableSEVOnPend), (20 bytes).
    Removing py32f0xx_hal_pwr.o(i.HAL_PWR_EnableSleepOnExit), (20 bytes).
    Removing py32f0xx_hal_pwr.o(i.HAL_PWR_EnterSLEEPMode), (32 bytes).
    Removing py32f0xx_hal_pwr.o(i.HAL_PWR_EnterSTOPMode), (84 bytes).
    Removing py32f0xx_hal_pwr.o(i.HAL_PWR_PVD_Callback), (2 bytes).
    Removing py32f0xx_hal_pwr.o(i.HAL_PWR_PVD_IRQHandler), (32 bytes).
    Removing py32f0xx_hal_uart.o(.rev16_text), (4 bytes).
    Removing py32f0xx_hal_uart.o(.revsh_text), (4 bytes).
    Removing py32f0xx_hal_uart.o(i.HAL_HalfDuplex_EnableReceiver), (72 bytes).
    Removing py32f0xx_hal_uart.o(i.HAL_HalfDuplex_EnableTransmitter), (72 bytes).
    Removing py32f0xx_hal_uart.o(i.HAL_HalfDuplex_Init), (116 bytes).
    Removing py32f0xx_hal_uart.o(i.HAL_MultiProcessor_EnterMuteMode), (62 bytes).
    Removing py32f0xx_hal_uart.o(i.HAL_MultiProcessor_ExitMuteMode), (62 bytes).
    Removing py32f0xx_hal_uart.o(i.HAL_MultiProcessor_Init), (166 bytes).
    Removing py32f0xx_hal_uart.o(i.HAL_UART_Abort), (176 bytes).
    Removing py32f0xx_hal_uart.o(i.HAL_UART_AbortCpltCallback), (2 bytes).
    Removing py32f0xx_hal_uart.o(i.HAL_UART_AbortReceive), (106 bytes).
    Removing py32f0xx_hal_uart.o(i.HAL_UART_AbortReceiveCpltCallback), (2 bytes).
    Removing py32f0xx_hal_uart.o(i.HAL_UART_AbortReceive_IT), (124 bytes).
    Removing py32f0xx_hal_uart.o(i.HAL_UART_AbortTransmit), (92 bytes).
    Removing py32f0xx_hal_uart.o(i.HAL_UART_AbortTransmitCpltCallback), (2 bytes).
    Removing py32f0xx_hal_uart.o(i.HAL_UART_AbortTransmit_IT), (112 bytes).
    Removing py32f0xx_hal_uart.o(i.HAL_UART_Abort_IT), (232 bytes).
    Removing py32f0xx_hal_uart.o(i.HAL_UART_DMAPause), (130 bytes).
    Removing py32f0xx_hal_uart.o(i.HAL_UART_DMAResume), (128 bytes).
    Removing py32f0xx_hal_uart.o(i.HAL_UART_DMAStop), (110 bytes).
    Removing py32f0xx_hal_uart.o(i.HAL_UART_DeInit), (64 bytes).
    Removing py32f0xx_hal_uart.o(i.HAL_UART_ErrorCallback), (2 bytes).
    Removing py32f0xx_hal_uart.o(i.HAL_UART_GetError), (6 bytes).
    Removing py32f0xx_hal_uart.o(i.HAL_UART_GetState), (20 bytes).
    Removing py32f0xx_hal_uart.o(i.HAL_UART_IRQHandler), (380 bytes).
    Removing py32f0xx_hal_uart.o(i.HAL_UART_MspDeInit), (2 bytes).
    Removing py32f0xx_hal_uart.o(i.HAL_UART_Receive), (228 bytes).
    Removing py32f0xx_hal_uart.o(i.HAL_UART_Receive_DMA), (220 bytes).
    Removing py32f0xx_hal_uart.o(i.HAL_UART_Receive_IT), (118 bytes).
    Removing py32f0xx_hal_uart.o(i.HAL_UART_RxCpltCallback), (2 bytes).
    Removing py32f0xx_hal_uart.o(i.HAL_UART_RxHalfCpltCallback), (2 bytes).
    Removing py32f0xx_hal_uart.o(i.HAL_UART_SendBreak), (62 bytes).
    Removing py32f0xx_hal_uart.o(i.HAL_UART_Transmit_DMA), (160 bytes).
    Removing py32f0xx_hal_uart.o(i.HAL_UART_Transmit_IT), (92 bytes).
    Removing py32f0xx_hal_uart.o(i.HAL_UART_TxCpltCallback), (2 bytes).
    Removing py32f0xx_hal_uart.o(i.HAL_UART_TxHalfCpltCallback), (2 bytes).
    Removing py32f0xx_hal_uart.o(i.UART_DMAAbortOnError), (20 bytes).
    Removing py32f0xx_hal_uart.o(i.UART_DMAError), (88 bytes).
    Removing py32f0xx_hal_uart.o(i.UART_DMAReceiveCplt), (70 bytes).
    Removing py32f0xx_hal_uart.o(i.UART_DMARxAbortCallback), (56 bytes).
    Removing py32f0xx_hal_uart.o(i.UART_DMARxHalfCplt), (14 bytes).
    Removing py32f0xx_hal_uart.o(i.UART_DMARxOnlyAbortCallback), (24 bytes).
    Removing py32f0xx_hal_uart.o(i.UART_DMATransmitCplt), (54 bytes).
    Removing py32f0xx_hal_uart.o(i.UART_DMATxAbortCallback), (56 bytes).
    Removing py32f0xx_hal_uart.o(i.UART_DMATxHalfCplt), (14 bytes).
    Removing py32f0xx_hal_uart.o(i.UART_DMATxOnlyAbortCallback), (24 bytes).
    Removing py32f0xx_hal_uart.o(i.UART_EndRxTransfer), (34 bytes).
    Removing py32f0xx_hal_uart.o(i.UART_EndTransmit_IT), (32 bytes).
    Removing py32f0xx_hal_uart.o(i.UART_EndTxTransfer), (20 bytes).
    Removing py32f0xx_hal_uart.o(i.UART_Receive_IT), (136 bytes).
    Removing py32f0xx_hal_uart.o(i.UART_Transmit_IT), (106 bytes).
    Removing py32f0xx_hal_cortex.o(.rev16_text), (4 bytes).
    Removing py32f0xx_hal_cortex.o(.revsh_text), (4 bytes).
    Removing py32f0xx_hal_cortex.o(i.HAL_NVIC_ClearPendingIRQ), (24 bytes).
    Removing py32f0xx_hal_cortex.o(i.HAL_NVIC_DisableIRQ), (24 bytes).
    Removing py32f0xx_hal_cortex.o(i.HAL_NVIC_GetPendingIRQ), (40 bytes).
    Removing py32f0xx_hal_cortex.o(i.HAL_NVIC_GetPriority), (72 bytes).
    Removing py32f0xx_hal_cortex.o(i.HAL_NVIC_SetPendingIRQ), (24 bytes).
    Removing py32f0xx_hal_cortex.o(i.HAL_NVIC_SystemReset), (56 bytes).
    Removing py32f0xx_hal_cortex.o(i.HAL_SYSTICK_CLKSourceConfig), (36 bytes).
    Removing py32f0xx_hal_cortex.o(i.HAL_SYSTICK_Callback), (2 bytes).
    Removing py32f0xx_hal_cortex.o(i.HAL_SYSTICK_IRQHandler), (8 bytes).
    Removing py32f0xx_hal_i2c.o(.rev16_text), (4 bytes).
    Removing py32f0xx_hal_i2c.o(.revsh_text), (4 bytes).
    Removing py32f0xx_hal_i2c.o(i.HAL_I2C_AbortCpltCallback), (2 bytes).
    Removing py32f0xx_hal_i2c.o(i.HAL_I2C_AddrCallback), (2 bytes).
    Removing py32f0xx_hal_i2c.o(i.HAL_I2C_DeInit), (66 bytes).
    Removing py32f0xx_hal_i2c.o(i.HAL_I2C_DisableListen_IT), (74 bytes).
    Removing py32f0xx_hal_i2c.o(i.HAL_I2C_ER_IRQHandler), (288 bytes).
    Removing py32f0xx_hal_i2c.o(i.HAL_I2C_EV_IRQHandler), (600 bytes).
    Removing py32f0xx_hal_i2c.o(i.HAL_I2C_EnableListen_IT), (76 bytes).
    Removing py32f0xx_hal_i2c.o(i.HAL_I2C_ErrorCallback), (2 bytes).
    Removing py32f0xx_hal_i2c.o(i.HAL_I2C_GetError), (6 bytes).
    Removing py32f0xx_hal_i2c.o(i.HAL_I2C_GetMode), (8 bytes).
    Removing py32f0xx_hal_i2c.o(i.HAL_I2C_GetState), (8 bytes).
    Removing py32f0xx_hal_i2c.o(i.HAL_I2C_Init), (436 bytes).
    Removing py32f0xx_hal_i2c.o(i.HAL_I2C_IsDeviceReady), (464 bytes).
    Removing py32f0xx_hal_i2c.o(i.HAL_I2C_ListenCpltCallback), (2 bytes).
    Removing py32f0xx_hal_i2c.o(i.HAL_I2C_MasterRxCpltCallback), (2 bytes).
    Removing py32f0xx_hal_i2c.o(i.HAL_I2C_MasterTxCpltCallback), (2 bytes).
    Removing py32f0xx_hal_i2c.o(i.HAL_I2C_Master_Abort_IT), (116 bytes).
    Removing py32f0xx_hal_i2c.o(i.HAL_I2C_Master_Receive), (808 bytes).
    Removing py32f0xx_hal_i2c.o(i.HAL_I2C_Master_Receive_DMA), (436 bytes).
    Removing py32f0xx_hal_i2c.o(i.HAL_I2C_Master_Receive_IT), (268 bytes).
    Removing py32f0xx_hal_i2c.o(i.HAL_I2C_Master_Seq_Receive_DMA), (660 bytes).
    Removing py32f0xx_hal_i2c.o(i.HAL_I2C_Master_Seq_Receive_IT), (392 bytes).
    Removing py32f0xx_hal_i2c.o(i.HAL_I2C_Master_Seq_Transmit_DMA), (520 bytes).
    Removing py32f0xx_hal_i2c.o(i.HAL_I2C_Master_Seq_Transmit_IT), (300 bytes).
    Removing py32f0xx_hal_i2c.o(i.HAL_I2C_Master_Transmit), (384 bytes).
    Removing py32f0xx_hal_i2c.o(i.HAL_I2C_Master_Transmit_DMA), (500 bytes).
    Removing py32f0xx_hal_i2c.o(i.HAL_I2C_Master_Transmit_IT), (252 bytes).
    Removing py32f0xx_hal_i2c.o(i.HAL_I2C_MemRxCpltCallback), (2 bytes).
    Removing py32f0xx_hal_i2c.o(i.HAL_I2C_MemTxCpltCallback), (2 bytes).
    Removing py32f0xx_hal_i2c.o(i.HAL_I2C_Mem_Read), (816 bytes).
    Removing py32f0xx_hal_i2c.o(i.HAL_I2C_Mem_Read_DMA), (516 bytes).
    Removing py32f0xx_hal_i2c.o(i.HAL_I2C_Mem_Read_IT), (284 bytes).
    Removing py32f0xx_hal_i2c.o(i.HAL_I2C_Mem_Write), (372 bytes).
    Removing py32f0xx_hal_i2c.o(i.HAL_I2C_Mem_Write_DMA), (436 bytes).
    Removing py32f0xx_hal_i2c.o(i.HAL_I2C_Mem_Write_IT), (264 bytes).
    Removing py32f0xx_hal_i2c.o(i.HAL_I2C_MspDeInit), (2 bytes).
    Removing py32f0xx_hal_i2c.o(i.HAL_I2C_MspInit), (2 bytes).
    Removing py32f0xx_hal_i2c.o(i.HAL_I2C_SlaveRxCpltCallback), (2 bytes).
    Removing py32f0xx_hal_i2c.o(i.HAL_I2C_SlaveTxCpltCallback), (2 bytes).
    Removing py32f0xx_hal_i2c.o(i.HAL_I2C_Slave_Receive), (404 bytes).
    Removing py32f0xx_hal_i2c.o(i.HAL_I2C_Slave_Receive_DMA), (268 bytes).
    Removing py32f0xx_hal_i2c.o(i.HAL_I2C_Slave_Receive_IT), (156 bytes).
    Removing py32f0xx_hal_i2c.o(i.HAL_I2C_Slave_Seq_Receive_DMA), (440 bytes).
    Removing py32f0xx_hal_i2c.o(i.HAL_I2C_Slave_Seq_Receive_IT), (164 bytes).
    Removing py32f0xx_hal_i2c.o(i.HAL_I2C_Slave_Seq_Transmit_DMA), (440 bytes).
    Removing py32f0xx_hal_i2c.o(i.HAL_I2C_Slave_Seq_Transmit_IT), (164 bytes).
    Removing py32f0xx_hal_i2c.o(i.HAL_I2C_Slave_Transmit), (380 bytes).
    Removing py32f0xx_hal_i2c.o(i.HAL_I2C_Slave_Transmit_DMA), (324 bytes).
    Removing py32f0xx_hal_i2c.o(i.HAL_I2C_Slave_Transmit_IT), (156 bytes).
    Removing py32f0xx_hal_i2c.o(i.I2C_ConvertOtherXferOptions), (32 bytes).
    Removing py32f0xx_hal_i2c.o(i.I2C_DMAAbort), (156 bytes).
    Removing py32f0xx_hal_i2c.o(i.I2C_DMAError), (62 bytes).
    Removing py32f0xx_hal_i2c.o(i.I2C_DMAXferCplt), (320 bytes).
    Removing py32f0xx_hal_i2c.o(i.I2C_ITError), (404 bytes).
    Removing py32f0xx_hal_i2c.o(i.I2C_IsAcknowledgeFailed), (66 bytes).
    Removing py32f0xx_hal_i2c.o(i.I2C_MasterReceive_BTF), (310 bytes).
    Removing py32f0xx_hal_i2c.o(i.I2C_MasterReceive_RXNE), (174 bytes).
    Removing py32f0xx_hal_i2c.o(i.I2C_MasterRequestRead), (144 bytes).
    Removing py32f0xx_hal_i2c.o(i.I2C_MasterRequestWrite), (128 bytes).
    Removing py32f0xx_hal_i2c.o(i.I2C_MasterTransmit_BTF), (172 bytes).
    Removing py32f0xx_hal_i2c.o(i.I2C_MasterTransmit_TXE), (352 bytes).
    Removing py32f0xx_hal_i2c.o(i.I2C_Master_ADD10), (52 bytes).
    Removing py32f0xx_hal_i2c.o(i.I2C_Master_ADDR), (616 bytes).
    Removing py32f0xx_hal_i2c.o(i.I2C_Master_SB), (116 bytes).
    Removing py32f0xx_hal_i2c.o(i.I2C_RequestMemoryRead), (340 bytes).
    Removing py32f0xx_hal_i2c.o(i.I2C_RequestMemoryWrite), (244 bytes).
    Removing py32f0xx_hal_i2c.o(i.I2C_SlaveReceive_BTF), (28 bytes).
    Removing py32f0xx_hal_i2c.o(i.I2C_SlaveReceive_RXNE), (76 bytes).
    Removing py32f0xx_hal_i2c.o(i.I2C_SlaveTransmit_BTF), (28 bytes).
    Removing py32f0xx_hal_i2c.o(i.I2C_SlaveTransmit_TXE), (76 bytes).
    Removing py32f0xx_hal_i2c.o(i.I2C_Slave_ADDR), (90 bytes).
    Removing py32f0xx_hal_i2c.o(i.I2C_Slave_AF), (168 bytes).
    Removing py32f0xx_hal_i2c.o(i.I2C_Slave_STOPF), (424 bytes).
    Removing py32f0xx_hal_i2c.o(i.I2C_WaitOnBTFFlagUntilTimeout), (100 bytes).
    Removing py32f0xx_hal_i2c.o(i.I2C_WaitOnFlagUntilTimeout), (130 bytes).
    Removing py32f0xx_hal_i2c.o(i.I2C_WaitOnMasterAddressFlagUntilTimeout), (204 bytes).
    Removing py32f0xx_hal_i2c.o(i.I2C_WaitOnRXNEFlagUntilTimeout), (132 bytes).
    Removing py32f0xx_hal_i2c.o(i.I2C_WaitOnSTOPFlagUntilTimeout), (94 bytes).
    Removing py32f0xx_hal_i2c.o(i.I2C_WaitOnTXEFlagUntilTimeout), (100 bytes).
    Removing py32f0xx_hal_spi.o(.rev16_text), (4 bytes).
    Removing py32f0xx_hal_spi.o(.revsh_text), (4 bytes).
    Removing py32f0xx_hal_spi.o(i.HAL_SPI_Abort), (472 bytes).
    Removing py32f0xx_hal_spi.o(i.HAL_SPI_AbortCpltCallback), (2 bytes).
    Removing py32f0xx_hal_spi.o(i.HAL_SPI_Abort_IT), (404 bytes).
    Removing py32f0xx_hal_spi.o(i.HAL_SPI_DMAPause), (50 bytes).
    Removing py32f0xx_hal_spi.o(i.HAL_SPI_DMAResume), (50 bytes).
    Removing py32f0xx_hal_spi.o(i.HAL_SPI_DMAStop), (80 bytes).
    Removing py32f0xx_hal_spi.o(i.HAL_SPI_DeInit), (58 bytes).
    Removing py32f0xx_hal_spi.o(i.HAL_SPI_ErrorCallback), (2 bytes).
    Removing py32f0xx_hal_spi.o(i.HAL_SPI_GetError), (6 bytes).
    Removing py32f0xx_hal_spi.o(i.HAL_SPI_GetState), (8 bytes).
    Removing py32f0xx_hal_spi.o(i.HAL_SPI_IRQHandler), (364 bytes).
    Removing py32f0xx_hal_spi.o(i.HAL_SPI_Init), (140 bytes).
    Removing py32f0xx_hal_spi.o(i.HAL_SPI_MspDeInit), (2 bytes).
    Removing py32f0xx_hal_spi.o(i.HAL_SPI_MspInit), (2 bytes).
    Removing py32f0xx_hal_spi.o(i.HAL_SPI_Receive), (458 bytes).
    Removing py32f0xx_hal_spi.o(i.HAL_SPI_Receive_DMA), (424 bytes).
    Removing py32f0xx_hal_spi.o(i.HAL_SPI_Receive_IT), (256 bytes).
    Removing py32f0xx_hal_spi.o(i.HAL_SPI_RxCpltCallback), (2 bytes).
    Removing py32f0xx_hal_spi.o(i.HAL_SPI_RxHalfCpltCallback), (2 bytes).
    Removing py32f0xx_hal_spi.o(i.HAL_SPI_Transmit), (450 bytes).
    Removing py32f0xx_hal_spi.o(i.HAL_SPI_TransmitReceive), (606 bytes).
    Removing py32f0xx_hal_spi.o(i.HAL_SPI_TransmitReceive_DMA), (588 bytes).
    Removing py32f0xx_hal_spi.o(i.HAL_SPI_TransmitReceive_IT), (264 bytes).
    Removing py32f0xx_hal_spi.o(i.HAL_SPI_Transmit_DMA), (348 bytes).
    Removing py32f0xx_hal_spi.o(i.HAL_SPI_Transmit_IT), (188 bytes).
    Removing py32f0xx_hal_spi.o(i.HAL_SPI_TxCpltCallback), (2 bytes).
    Removing py32f0xx_hal_spi.o(i.HAL_SPI_TxHalfCpltCallback), (2 bytes).
    Removing py32f0xx_hal_spi.o(i.HAL_SPI_TxRxCpltCallback), (2 bytes).
    Removing py32f0xx_hal_spi.o(i.HAL_SPI_TxRxHalfCpltCallback), (2 bytes).
    Removing py32f0xx_hal_spi.o(i.SPI_2linesRxISR_16BIT), (56 bytes).
    Removing py32f0xx_hal_spi.o(i.SPI_2linesRxISR_8BIT), (104 bytes).
    Removing py32f0xx_hal_spi.o(i.SPI_2linesTxISR_16BIT), (56 bytes).
    Removing py32f0xx_hal_spi.o(i.SPI_2linesTxISR_8BIT), (84 bytes).
    Removing py32f0xx_hal_spi.o(i.SPI_AbortRx_ISR), (164 bytes).
    Removing py32f0xx_hal_spi.o(i.SPI_AbortTx_ISR), (276 bytes).
    Removing py32f0xx_hal_spi.o(i.SPI_CloseRxTx_ISR), (100 bytes).
    Removing py32f0xx_hal_spi.o(i.SPI_CloseRx_ISR), (72 bytes).
    Removing py32f0xx_hal_spi.o(i.SPI_CloseTx_ISR), (98 bytes).
    Removing py32f0xx_hal_spi.o(i.SPI_DMAAbortOnError), (20 bytes).
    Removing py32f0xx_hal_spi.o(i.SPI_DMAError), (40 bytes).
    Removing py32f0xx_hal_spi.o(i.SPI_DMAHalfReceiveCplt), (14 bytes).
    Removing py32f0xx_hal_spi.o(i.SPI_DMAHalfTransmitCplt), (14 bytes).
    Removing py32f0xx_hal_spi.o(i.SPI_DMAHalfTransmitReceiveCplt), (14 bytes).
    Removing py32f0xx_hal_spi.o(i.SPI_DMAReceiveCplt), (128 bytes).
    Removing py32f0xx_hal_spi.o(i.SPI_DMARxAbortCallback), (180 bytes).
    Removing py32f0xx_hal_spi.o(i.SPI_DMATransmitCplt), (128 bytes).
    Removing py32f0xx_hal_spi.o(i.SPI_DMATransmitReceiveCplt), (104 bytes).
    Removing py32f0xx_hal_spi.o(i.SPI_DMATxAbortCallback), (176 bytes).
    Removing py32f0xx_hal_spi.o(i.SPI_EndRxTransaction), (142 bytes).
    Removing py32f0xx_hal_spi.o(i.SPI_EndRxTxTransaction), (106 bytes).
    Removing py32f0xx_hal_spi.o(i.SPI_RxISR_16BIT), (38 bytes).
    Removing py32f0xx_hal_spi.o(i.SPI_RxISR_8BIT), (38 bytes).
    Removing py32f0xx_hal_spi.o(i.SPI_TxISR_16BIT), (38 bytes).
    Removing py32f0xx_hal_spi.o(i.SPI_TxISR_8BIT), (38 bytes).
    Removing py32f0xx_hal_spi.o(i.SPI_WaitFifoStateUntilTimeout), (212 bytes).
    Removing py32f0xx_hal_spi.o(i.SPI_WaitFlagStateUntilTimeout), (180 bytes).
    Removing py32f0xx_hal_rcc.o(i.__ARM_common_switch8), (28 bytes).

330 unused section(s) (total 38980 bytes) removed from the image.

==============================================================================

Image Symbol Table

    Local Symbols

    Symbol Name                              Value     Ov Type        Size  Object(Section)

    ../clib/microlib/division.c              0x00000000   Number         0  uidiv.o ABSOLUTE
    ../clib/microlib/init/entry.s            0x00000000   Number         0  entry.o ABSOLUTE
    ../clib/microlib/init/entry.s            0x00000000   Number         0  entry11b.o ABSOLUTE
    ../clib/microlib/init/entry.s            0x00000000   Number         0  entry11a.o ABSOLUTE
    ../clib/microlib/init/entry.s            0x00000000   Number         0  entry10b.o ABSOLUTE
    ../clib/microlib/init/entry.s            0x00000000   Number         0  entry10a.o ABSOLUTE
    ../clib/microlib/init/entry.s            0x00000000   Number         0  entry9a.o ABSOLUTE
    ../clib/microlib/init/entry.s            0x00000000   Number         0  entry9b.o ABSOLUTE
    ../clib/microlib/init/entry.s            0x00000000   Number         0  entry8b.o ABSOLUTE
    ../clib/microlib/init/entry.s            0x00000000   Number         0  entry5.o ABSOLUTE
    ../clib/microlib/init/entry.s            0x00000000   Number         0  entry8a.o ABSOLUTE
    ../clib/microlib/init/entry.s            0x00000000   Number         0  entry2.o ABSOLUTE
    ../clib/microlib/init/entry.s            0x00000000   Number         0  entry7b.o ABSOLUTE
    ../clib/microlib/init/entry.s            0x00000000   Number         0  entry7a.o ABSOLUTE
    ../clib/microlib/string/memcpy.c         0x00000000   Number         0  memcpya.o ABSOLUTE
    ../clib/microlib/string/memcpy.c         0x00000000   Number         0  memcpyb.o ABSOLUTE
    ../clib/microlib/string/memset.c         0x00000000   Number         0  memseta.o ABSOLUTE
    ..\Drivers\PY32F0xx_HAL_Driver\Src\py32f0xx_hal.c 0x00000000   Number         0  py32f0xx_hal.o ABSOLUTE
    ..\Drivers\PY32F0xx_HAL_Driver\Src\py32f0xx_hal_cortex.c 0x00000000   Number         0  py32f0xx_hal_cortex.o ABSOLUTE
    ..\Drivers\PY32F0xx_HAL_Driver\Src\py32f0xx_hal_dma.c 0x00000000   Number         0  py32f0xx_hal_dma.o ABSOLUTE
    ..\Drivers\PY32F0xx_HAL_Driver\Src\py32f0xx_hal_flash.c 0x00000000   Number         0  py32f0xx_hal_flash.o ABSOLUTE
    ..\Drivers\PY32F0xx_HAL_Driver\Src\py32f0xx_hal_gpio.c 0x00000000   Number         0  py32f0xx_hal_gpio.o ABSOLUTE
    ..\Drivers\PY32F0xx_HAL_Driver\Src\py32f0xx_hal_i2c.c 0x00000000   Number         0  py32f0xx_hal_i2c.o ABSOLUTE
    ..\Drivers\PY32F0xx_HAL_Driver\Src\py32f0xx_hal_pwr.c 0x00000000   Number         0  py32f0xx_hal_pwr.o ABSOLUTE
    ..\Drivers\PY32F0xx_HAL_Driver\Src\py32f0xx_hal_rcc.c 0x00000000   Number         0  py32f0xx_hal_rcc.o ABSOLUTE
    ..\Drivers\PY32F0xx_HAL_Driver\Src\py32f0xx_hal_rcc_ex.c 0x00000000   Number         0  py32f0xx_hal_rcc_ex.o ABSOLUTE
    ..\Drivers\PY32F0xx_HAL_Driver\Src\py32f0xx_hal_spi.c 0x00000000   Number         0  py32f0xx_hal_spi.o ABSOLUTE
    ..\Drivers\PY32F0xx_HAL_Driver\Src\py32f0xx_hal_uart.c 0x00000000   Number         0  py32f0xx_hal_uart.o ABSOLUTE
    ..\Firmware\Src\RS485.c                  0x00000000   Number         0  rs485.o ABSOLUTE
    ..\User\Src\main.c                       0x00000000   Number         0  main.o ABSOLUTE
    ..\User\Src\py32f0xx_hal_msp.c           0x00000000   Number         0  py32f0xx_hal_msp.o ABSOLUTE
    ..\User\Src\py32f0xx_it.c                0x00000000   Number         0  py32f0xx_it.o ABSOLUTE
    ..\User\Src\system_py32f0xx.c            0x00000000   Number         0  system_py32f0xx.o ABSOLUTE
    ..\\Drivers\\PY32F0xx_HAL_Driver\\Src\\py32f0xx_hal.c 0x00000000   Number         0  py32f0xx_hal.o ABSOLUTE
    ..\\Drivers\\PY32F0xx_HAL_Driver\\Src\\py32f0xx_hal_cortex.c 0x00000000   Number         0  py32f0xx_hal_cortex.o ABSOLUTE
    ..\\Drivers\\PY32F0xx_HAL_Driver\\Src\\py32f0xx_hal_dma.c 0x00000000   Number         0  py32f0xx_hal_dma.o ABSOLUTE
    ..\\Drivers\\PY32F0xx_HAL_Driver\\Src\\py32f0xx_hal_flash.c 0x00000000   Number         0  py32f0xx_hal_flash.o ABSOLUTE
    ..\\Drivers\\PY32F0xx_HAL_Driver\\Src\\py32f0xx_hal_gpio.c 0x00000000   Number         0  py32f0xx_hal_gpio.o ABSOLUTE
    ..\\Drivers\\PY32F0xx_HAL_Driver\\Src\\py32f0xx_hal_i2c.c 0x00000000   Number         0  py32f0xx_hal_i2c.o ABSOLUTE
    ..\\Drivers\\PY32F0xx_HAL_Driver\\Src\\py32f0xx_hal_pwr.c 0x00000000   Number         0  py32f0xx_hal_pwr.o ABSOLUTE
    ..\\Drivers\\PY32F0xx_HAL_Driver\\Src\\py32f0xx_hal_rcc.c 0x00000000   Number         0  py32f0xx_hal_rcc.o ABSOLUTE
    ..\\Drivers\\PY32F0xx_HAL_Driver\\Src\\py32f0xx_hal_rcc_ex.c 0x00000000   Number         0  py32f0xx_hal_rcc_ex.o ABSOLUTE
    ..\\Drivers\\PY32F0xx_HAL_Driver\\Src\\py32f0xx_hal_spi.c 0x00000000   Number         0  py32f0xx_hal_spi.o ABSOLUTE
    ..\\Drivers\\PY32F0xx_HAL_Driver\\Src\\py32f0xx_hal_uart.c 0x00000000   Number         0  py32f0xx_hal_uart.o ABSOLUTE
    ..\\Firmware\\Src\\RS485.c               0x00000000   Number         0  rs485.o ABSOLUTE
    ..\\User\\Src\\main.c                    0x00000000   Number         0  main.o ABSOLUTE
    ..\\User\\Src\\py32f0xx_hal_msp.c        0x00000000   Number         0  py32f0xx_hal_msp.o ABSOLUTE
    ..\\User\\Src\\py32f0xx_it.c             0x00000000   Number         0  py32f0xx_it.o ABSOLUTE
    ..\\User\\Src\\system_py32f0xx.c         0x00000000   Number         0  system_py32f0xx.o ABSOLUTE
    dc.s                                     0x00000000   Number         0  dc.o ABSOLUTE
    handlers.s                               0x00000000   Number         0  handlers.o ABSOLUTE
    init.s                                   0x00000000   Number         0  init.o ABSOLUTE
    startup_py32f003xx.s                     0x00000000   Number         0  startup_py32f003xx.o ABSOLUTE
    RESET                                    0x08000000   Section      192  startup_py32f003xx.o(RESET)
    .ARM.Collect$$$$00000000                 0x080000c0   Section        0  entry.o(.ARM.Collect$$$$00000000)
    .ARM.Collect$$$$00000001                 0x080000c0   Section        4  entry2.o(.ARM.Collect$$$$00000001)
    .ARM.Collect$$$$00000004                 0x080000c4   Section        4  entry5.o(.ARM.Collect$$$$00000004)
    .ARM.Collect$$$$00000008                 0x080000c8   Section        0  entry7b.o(.ARM.Collect$$$$00000008)
    .ARM.Collect$$$$0000000A                 0x080000c8   Section        0  entry8b.o(.ARM.Collect$$$$0000000A)
    .ARM.Collect$$$$0000000B                 0x080000c8   Section        8  entry9a.o(.ARM.Collect$$$$0000000B)
    .ARM.Collect$$$$0000000D                 0x080000d0   Section        0  entry10a.o(.ARM.Collect$$$$0000000D)
    .ARM.Collect$$$$0000000F                 0x080000d0   Section        0  entry11a.o(.ARM.Collect$$$$0000000F)
    .ARM.Collect$$$$00002712                 0x080000d0   Section        4  entry2.o(.ARM.Collect$$$$00002712)
    __lit__00000000                          0x080000d0   Data           4  entry2.o(.ARM.Collect$$$$00002712)
    .text                                    0x080000d4   Section       28  startup_py32f003xx.o(.text)
    .text                                    0x080000f0   Section        0  uidiv.o(.text)
    .text                                    0x0800011c   Section        0  memseta.o(.text)
    .text                                    0x08000140   Section       36  init.o(.text)
    i.$Sub$$main                             0x08000164   Section        0  system_py32f0xx.o(i.$Sub$$main)
    i.ADC_COMP_IRQHandler                    0x08000198   Section        0  py32f0xx_it.o(i.ADC_COMP_IRQHandler)
    i.DMA1_Channel1_IRQHandler               0x0800019a   Section        0  py32f0xx_it.o(i.DMA1_Channel1_IRQHandler)
    i.DMA1_Channel2_3_IRQHandler             0x0800019c   Section        0  py32f0xx_it.o(i.DMA1_Channel2_3_IRQHandler)
    i.EXTI0_1_IRQHandler                     0x0800019e   Section        0  py32f0xx_it.o(i.EXTI0_1_IRQHandler)
    i.EXTI2_3_IRQHandler                     0x080001a0   Section        0  py32f0xx_it.o(i.EXTI2_3_IRQHandler)
    i.EXTI4_15_IRQHandler                    0x080001a2   Section        0  py32f0xx_it.o(i.EXTI4_15_IRQHandler)
    i.Error_Handler                          0x080001a4   Section        0  main.o(i.Error_Handler)
    i.FLASH_IRQHandler                       0x080001a8   Section        0  py32f0xx_it.o(i.FLASH_IRQHandler)
    i.HAL_GPIO_Init                          0x080001ac   Section        0  py32f0xx_hal_gpio.o(i.HAL_GPIO_Init)
    i.HAL_GetTick                            0x08000360   Section        0  py32f0xx_hal.o(i.HAL_GetTick)
    i.HAL_IncTick                            0x0800036c   Section        0  py32f0xx_hal.o(i.HAL_IncTick)
    i.HAL_Init                               0x08000384   Section        0  py32f0xx_hal.o(i.HAL_Init)
    i.HAL_InitTick                           0x080003a0   Section        0  py32f0xx_hal.o(i.HAL_InitTick)
    i.HAL_MspInit                            0x08000400   Section        0  py32f0xx_hal_msp.o(i.HAL_MspInit)
    i.HAL_NVIC_EnableIRQ                     0x08000404   Section        0  py32f0xx_hal_cortex.o(i.HAL_NVIC_EnableIRQ)
    i.HAL_NVIC_SetPriority                   0x0800041c   Section        0  py32f0xx_hal_cortex.o(i.HAL_NVIC_SetPriority)
    i.HAL_RCC_GetHCLKFreq                    0x08000430   Section        0  py32f0xx_hal_rcc.o(i.HAL_RCC_GetHCLKFreq)
    i.HAL_RCC_GetPCLK1Freq                   0x0800043c   Section        0  py32f0xx_hal_rcc.o(i.HAL_RCC_GetPCLK1Freq)
    i.HAL_SYSTICK_Config                     0x08000464   Section        0  py32f0xx_hal_cortex.o(i.HAL_SYSTICK_Config)
    i.HAL_UART_Init                          0x0800049c   Section        0  py32f0xx_hal_uart.o(i.HAL_UART_Init)
    i.HAL_UART_MspInit                       0x08000526   Section        0  py32f0xx_hal_uart.o(i.HAL_UART_MspInit)
    i.HAL_UART_Transmit                      0x08000528   Section        0  py32f0xx_hal_uart.o(i.HAL_UART_Transmit)
    i.HardFault_Handler                      0x08000626   Section        0  py32f0xx_it.o(i.HardFault_Handler)
    i.I2C1_IRQHandler                        0x0800062a   Section        0  py32f0xx_it.o(i.I2C1_IRQHandler)
    i.Modbus_Send_Byte                       0x0800062c   Section        0  rs485.o(i.Modbus_Send_Byte)
    i.NMI_Handler                            0x08000658   Section        0  py32f0xx_it.o(i.NMI_Handler)
    i.NVIC_SetPriority                       0x0800065c   Section        0  py32f0xx_hal_cortex.o(i.NVIC_SetPriority)
    NVIC_SetPriority                         0x0800065d   Thumb Code   110  py32f0xx_hal_cortex.o(i.NVIC_SetPriority)
    i.PVD_IRQHandler                         0x080006d4   Section        0  py32f0xx_it.o(i.PVD_IRQHandler)
    i.PendSV_Handler                         0x080006d6   Section        0  py32f0xx_it.o(i.PendSV_Handler)
    i.RCC_IRQHandler                         0x080006d8   Section        0  py32f0xx_it.o(i.RCC_IRQHandler)
    i.RTC_IRQHandler                         0x080006da   Section        0  py32f0xx_it.o(i.RTC_IRQHandler)
    i.SPI1_IRQHandler                        0x080006dc   Section        0  py32f0xx_it.o(i.SPI1_IRQHandler)
    i.SVC_Handler                            0x080006de   Section        0  py32f0xx_it.o(i.SVC_Handler)
    i.SysTick_Handler                        0x080006e0   Section        0  py32f0xx_it.o(i.SysTick_Handler)
    i.SystemInit                             0x080006e8   Section        0  system_py32f0xx.o(i.SystemInit)
    i.TIM14_IRQHandler                       0x08000714   Section        0  py32f0xx_it.o(i.TIM14_IRQHandler)
    i.TIM16_IRQHandler                       0x08000716   Section        0  py32f0xx_it.o(i.TIM16_IRQHandler)
    i.TIM17_IRQHandler                       0x08000718   Section        0  py32f0xx_it.o(i.TIM17_IRQHandler)
    i.TIM1_BRK_UP_TRG_COM_IRQHandler         0x0800071a   Section        0  py32f0xx_it.o(i.TIM1_BRK_UP_TRG_COM_IRQHandler)
    i.TIM1_CC_IRQHandler                     0x0800071c   Section        0  py32f0xx_it.o(i.TIM1_CC_IRQHandler)
    i.TIM3_IRQHandler                        0x0800071e   Section        0  py32f0xx_it.o(i.TIM3_IRQHandler)
    i.UART_AdvFeatureConfig                  0x08000720   Section        0  py32f0xx_hal_uart.o(i.UART_AdvFeatureConfig)
    UART_AdvFeatureConfig                    0x08000721   Thumb Code    56  py32f0xx_hal_uart.o(i.UART_AdvFeatureConfig)
    i.UART_SetConfig                         0x08000758   Section        0  py32f0xx_hal_uart.o(i.UART_SetConfig)
    UART_SetConfig                           0x08000759   Thumb Code   414  py32f0xx_hal_uart.o(i.UART_SetConfig)
    i.UART_WaitOnFlagUntilTimeout            0x080008fc   Section        0  py32f0xx_hal_uart.o(i.UART_WaitOnFlagUntilTimeout)
    UART_WaitOnFlagUntilTimeout              0x080008fd   Thumb Code   112  py32f0xx_hal_uart.o(i.UART_WaitOnFlagUntilTimeout)
    i.USART1_IRQHandler                      0x0800096c   Section        0  rs485.o(i.USART1_IRQHandler)
    i.USART_Config                           0x080009d4   Section        0  rs485.o(i.USART_Config)
    i.WWDG_IRQHandler                        0x08000ac8   Section        0  py32f0xx_it.o(i.WWDG_IRQHandler)
    i.__scatterload_copy                     0x08000aca   Section       14  handlers.o(i.__scatterload_copy)
    i.__scatterload_null                     0x08000ad8   Section        2  handlers.o(i.__scatterload_null)
    i.__scatterload_zeroinit                 0x08000ada   Section       14  handlers.o(i.__scatterload_zeroinit)
    i.main                                   0x08000ae8   Section        0  main.o(i.main)
    .constdata                               0x08000b64   Section      128  system_py32f0xx.o(.constdata)
    .ARM.__at_0x20000000                     0x20000000   Section      192  system_py32f0xx.o(.ARM.__at_0x20000000)
    .data                                    0x200000c0   Section        4  system_py32f0xx.o(.data)
    .data                                    0x200000c4   Section        5  main.o(.data)
    last                                     0x200000c4   Data           4  main.o(.data)
    which                                    0x200000c8   Data           1  main.o(.data)
    .data                                    0x200000c9   Section        2  rs485.o(.data)
    .data                                    0x200000cc   Section       12  py32f0xx_hal.o(.data)
    .bss                                     0x200000d8   Section      216  rs485.o(.bss)
    STACK                                    0x200001b0   Section     1024  startup_py32f003xx.o(STACK)

    Global Symbols

    Symbol Name                              Value     Ov Type        Size  Object(Section)

    BuildAttributes$$THM_ISAv3M$S$PE$A:L22$X:L11$S22$IEEE1$IW$USESV6$~STKCKD$USESV7$~SHL$OSPACE$EBA8$MICROLIB$REQ8$PRES8$EABIv2 0x00000000   Number         0  anon$$obj.o ABSOLUTE
    __ARM_use_no_argv                        0x00000000   Number         0  main.o ABSOLUTE
    __cpp_initialize__aeabi_                  - Undefined Weak Reference
    __cxa_finalize                            - Undefined Weak Reference
    __decompress                              - Undefined Weak Reference
    _clock_init                               - Undefined Weak Reference
    _microlib_exit                            - Undefined Weak Reference
    __Vectors_Size                           0x000000c0   Number         0  startup_py32f003xx.o ABSOLUTE
    __Vectors                                0x08000000   Data           4  startup_py32f003xx.o(RESET)
    __Vectors_End                            0x080000c0   Data           0  startup_py32f003xx.o(RESET)
    __main                                   0x080000c1   Thumb Code     0  entry.o(.ARM.Collect$$$$00000000)
    _main_stk                                0x080000c1   Thumb Code     0  entry2.o(.ARM.Collect$$$$00000001)
    _main_scatterload                        0x080000c5   Thumb Code     0  entry5.o(.ARM.Collect$$$$00000004)
    __main_after_scatterload                 0x080000c9   Thumb Code     0  entry5.o(.ARM.Collect$$$$00000004)
    _main_clock                              0x080000c9   Thumb Code     0  entry7b.o(.ARM.Collect$$$$00000008)
    _main_cpp_init                           0x080000c9   Thumb Code     0  entry8b.o(.ARM.Collect$$$$0000000A)
    _main_init                               0x080000c9   Thumb Code     0  entry9a.o(.ARM.Collect$$$$0000000B)
    __rt_final_cpp                           0x080000d1   Thumb Code     0  entry10a.o(.ARM.Collect$$$$0000000D)
    __rt_final_exit                          0x080000d1   Thumb Code     0  entry11a.o(.ARM.Collect$$$$0000000F)
    Reset_Handler                            0x080000d5   Thumb Code     8  startup_py32f003xx.o(.text)
    LPTIM1_IRQHandler                        0x080000e7   Thumb Code     0  startup_py32f003xx.o(.text)
    USART2_IRQHandler                        0x080000e7   Thumb Code     0  startup_py32f003xx.o(.text)
    __aeabi_uidiv                            0x080000f1   Thumb Code     0  uidiv.o(.text)
    __aeabi_uidivmod                         0x080000f1   Thumb Code    44  uidiv.o(.text)
    __aeabi_memset                           0x0800011d   Thumb Code    14  memseta.o(.text)
    __aeabi_memset4                          0x0800011d   Thumb Code     0  memseta.o(.text)
    __aeabi_memset8                          0x0800011d   Thumb Code     0  memseta.o(.text)
    __aeabi_memclr                           0x0800012b   Thumb Code     4  memseta.o(.text)
    __aeabi_memclr4                          0x0800012b   Thumb Code     0  memseta.o(.text)
    __aeabi_memclr8                          0x0800012b   Thumb Code     0  memseta.o(.text)
    _memset$wrapper                          0x0800012f   Thumb Code    18  memseta.o(.text)
    __scatterload                            0x08000141   Thumb Code    28  init.o(.text)
    __scatterload_rt2                        0x08000141   Thumb Code     0  init.o(.text)
    main                                     0x08000165   Thumb Code    44  system_py32f0xx.o(i.$Sub$$main)
    ADC_COMP_IRQHandler                      0x08000199   Thumb Code     2  py32f0xx_it.o(i.ADC_COMP_IRQHandler)
    DMA1_Channel1_IRQHandler                 0x0800019b   Thumb Code     2  py32f0xx_it.o(i.DMA1_Channel1_IRQHandler)
    DMA1_Channel2_3_IRQHandler               0x0800019d   Thumb Code     2  py32f0xx_it.o(i.DMA1_Channel2_3_IRQHandler)
    EXTI0_1_IRQHandler                       0x0800019f   Thumb Code     2  py32f0xx_it.o(i.EXTI0_1_IRQHandler)
    EXTI2_3_IRQHandler                       0x080001a1   Thumb Code     2  py32f0xx_it.o(i.EXTI2_3_IRQHandler)
    EXTI4_15_IRQHandler                      0x080001a3   Thumb Code     2  py32f0xx_it.o(i.EXTI4_15_IRQHandler)
    Error_Handler                            0x080001a5   Thumb Code     4  main.o(i.Error_Handler)
    FLASH_IRQHandler                         0x080001a9   Thumb Code     2  py32f0xx_it.o(i.FLASH_IRQHandler)
    HAL_GPIO_Init                            0x080001ad   Thumb Code   428  py32f0xx_hal_gpio.o(i.HAL_GPIO_Init)
    HAL_GetTick                              0x08000361   Thumb Code     6  py32f0xx_hal.o(i.HAL_GetTick)
    HAL_IncTick                              0x0800036d   Thumb Code    16  py32f0xx_hal.o(i.HAL_IncTick)
    HAL_Init                                 0x08000385   Thumb Code    26  py32f0xx_hal.o(i.HAL_Init)
    HAL_InitTick                             0x080003a1   Thumb Code    82  py32f0xx_hal.o(i.HAL_InitTick)
    HAL_MspInit                              0x08000401   Thumb Code     2  py32f0xx_hal_msp.o(i.HAL_MspInit)
    HAL_NVIC_EnableIRQ                       0x08000405   Thumb Code    18  py32f0xx_hal_cortex.o(i.HAL_NVIC_EnableIRQ)
    HAL_NVIC_SetPriority                     0x0800041d   Thumb Code    18  py32f0xx_hal_cortex.o(i.HAL_NVIC_SetPriority)
    HAL_RCC_GetHCLKFreq                      0x08000431   Thumb Code     6  py32f0xx_hal_rcc.o(i.HAL_RCC_GetHCLKFreq)
    HAL_RCC_GetPCLK1Freq                     0x0800043d   Thumb Code    32  py32f0xx_hal_rcc.o(i.HAL_RCC_GetPCLK1Freq)
    HAL_SYSTICK_Config                       0x08000465   Thumb Code    46  py32f0xx_hal_cortex.o(i.HAL_SYSTICK_Config)
    HAL_UART_Init                            0x0800049d   Thumb Code   138  py32f0xx_hal_uart.o(i.HAL_UART_Init)
    HAL_UART_MspInit                         0x08000527   Thumb Code     2  py32f0xx_hal_uart.o(i.HAL_UART_MspInit)
    HAL_UART_Transmit                        0x08000529   Thumb Code   254  py32f0xx_hal_uart.o(i.HAL_UART_Transmit)
    HardFault_Handler                        0x08000627   Thumb Code     4  py32f0xx_it.o(i.HardFault_Handler)
    I2C1_IRQHandler                          0x0800062b   Thumb Code     2  py32f0xx_it.o(i.I2C1_IRQHandler)
    Modbus_Send_Byte                         0x0800062d   Thumb Code    36  rs485.o(i.Modbus_Send_Byte)
    NMI_Handler                              0x08000659   Thumb Code     2  py32f0xx_it.o(i.NMI_Handler)
    PVD_IRQHandler                           0x080006d5   Thumb Code     2  py32f0xx_it.o(i.PVD_IRQHandler)
    PendSV_Handler                           0x080006d7   Thumb Code     2  py32f0xx_it.o(i.PendSV_Handler)
    RCC_IRQHandler                           0x080006d9   Thumb Code     2  py32f0xx_it.o(i.RCC_IRQHandler)
    RTC_IRQHandler                           0x080006db   Thumb Code     2  py32f0xx_it.o(i.RTC_IRQHandler)
    SPI1_IRQHandler                          0x080006dd   Thumb Code     2  py32f0xx_it.o(i.SPI1_IRQHandler)
    SVC_Handler                              0x080006df   Thumb Code     2  py32f0xx_it.o(i.SVC_Handler)
    SysTick_Handler                          0x080006e1   Thumb Code     8  py32f0xx_it.o(i.SysTick_Handler)
    SystemInit                               0x080006e9   Thumb Code    32  system_py32f0xx.o(i.SystemInit)
    TIM14_IRQHandler                         0x08000715   Thumb Code     2  py32f0xx_it.o(i.TIM14_IRQHandler)
    TIM16_IRQHandler                         0x08000717   Thumb Code     2  py32f0xx_it.o(i.TIM16_IRQHandler)
    TIM17_IRQHandler                         0x08000719   Thumb Code     2  py32f0xx_it.o(i.TIM17_IRQHandler)
    TIM1_BRK_UP_TRG_COM_IRQHandler           0x0800071b   Thumb Code     2  py32f0xx_it.o(i.TIM1_BRK_UP_TRG_COM_IRQHandler)
    TIM1_CC_IRQHandler                       0x0800071d   Thumb Code     2  py32f0xx_it.o(i.TIM1_CC_IRQHandler)
    TIM3_IRQHandler                          0x0800071f   Thumb Code     2  py32f0xx_it.o(i.TIM3_IRQHandler)
    USART1_IRQHandler                        0x0800096d   Thumb Code    86  rs485.o(i.USART1_IRQHandler)
    USART_Config                             0x080009d5   Thumb Code   230  rs485.o(i.USART_Config)
    WWDG_IRQHandler                          0x08000ac9   Thumb Code     2  py32f0xx_it.o(i.WWDG_IRQHandler)
    __scatterload_copy                       0x08000acb   Thumb Code    14  handlers.o(i.__scatterload_copy)
    __scatterload_null                       0x08000ad9   Thumb Code     2  handlers.o(i.__scatterload_null)
    __scatterload_zeroinit                   0x08000adb   Thumb Code    14  handlers.o(i.__scatterload_zeroinit)
    $Super$$main                             0x08000ae9   Thumb Code    94  main.o(i.main)
    AHBPrescTable                            0x08000b64   Data          64  system_py32f0xx.o(.constdata)
    APBPrescTable                            0x08000ba4   Data          32  system_py32f0xx.o(.constdata)
    Region$$Table$$Base                      0x08000be4   Number         0  anon$$obj.o(Region$$Table)
    Region$$Table$$Limit                     0x08000c04   Number         0  anon$$obj.o(Region$$Table)
    VECT_SRAM_TAB                            0x20000000   Data         192  system_py32f0xx.o(.ARM.__at_0x20000000)
    SystemCoreClock                          0x200000c0   Data           4  system_py32f0xx.o(.data)
    cRxIndex                                 0x200000c9   Data           1  rs485.o(.data)
    Frame_Ok                                 0x200000ca   Data           1  rs485.o(.data)
    uwTick                                   0x200000cc   Data           4  py32f0xx_hal.o(.data)
    uwTickPrio                               0x200000d0   Data           4  py32f0xx_hal.o(.data)
    uwTickFreq                               0x200000d4   Data           4  py32f0xx_hal.o(.data)
    UartHandle                               0x200000d8   Data          76  rs485.o(.bss)
    aTxBuffer                                0x20000124   Data          20  rs485.o(.bss)
    aRxBuffer                                0x20000138   Data         120  rs485.o(.bss)
    __initial_sp                             0x200005b0   Data           0  startup_py32f003xx.o(STACK)



==============================================================================

Memory Map of the image

  Image Entry point : 0x080000c1

  Load Region LR_IROM1 (Base: 0x08000000, Size: 0x00000cdc, Max: 0x00010000, ABSOLUTE)

    Execution Region ER_IROM1 (Exec base: 0x08000000, Load base: 0x08000000, Size: 0x00000c04, Max: 0x00010000, ABSOLUTE)

    Exec Addr    Load Addr    Size         Type   Attr      Idx    E Section Name        Object

    0x08000000   0x08000000   0x000000c0   Data   RO            3    RESET               startup_py32f003xx.o
    0x080000c0   0x080000c0   0x00000000   Code   RO         2333  * .ARM.Collect$$$$00000000  mc_p.l(entry.o)
    0x080000c0   0x080000c0   0x00000004   Code   RO         2344    .ARM.Collect$$$$00000001  mc_p.l(entry2.o)
    0x080000c4   0x080000c4   0x00000004   Code   RO         2347    .ARM.Collect$$$$00000004  mc_p.l(entry5.o)
    0x080000c8   0x080000c8   0x00000000   Code   RO         2349    .ARM.Collect$$$$00000008  mc_p.l(entry7b.o)
    0x080000c8   0x080000c8   0x00000000   Code   RO         2351    .ARM.Collect$$$$0000000A  mc_p.l(entry8b.o)
    0x080000c8   0x080000c8   0x00000008   Code   RO         2352    .ARM.Collect$$$$0000000B  mc_p.l(entry9a.o)
    0x080000d0   0x080000d0   0x00000000   Code   RO         2354    .ARM.Collect$$$$0000000D  mc_p.l(entry10a.o)
    0x080000d0   0x080000d0   0x00000000   Code   RO         2356    .ARM.Collect$$$$0000000F  mc_p.l(entry11a.o)
    0x080000d0   0x080000d0   0x00000004   Code   RO         2345    .ARM.Collect$$$$00002712  mc_p.l(entry2.o)
    0x080000d4   0x080000d4   0x0000001c   Code   RO            4    .text               startup_py32f003xx.o
    0x080000f0   0x080000f0   0x0000002c   Code   RO         2336    .text               mc_p.l(uidiv.o)
    0x0800011c   0x0800011c   0x00000024   Code   RO         2340    .text               mc_p.l(memseta.o)
    0x08000140   0x08000140   0x00000024   Code   RO         2358    .text               mc_p.l(init.o)
    0x08000164   0x08000164   0x00000034   Code   RO           12    i.$Sub$$main        system_py32f0xx.o
    0x08000198   0x08000198   0x00000002   Code   RO          191    i.ADC_COMP_IRQHandler  py32f0xx_it.o
    0x0800019a   0x0800019a   0x00000002   Code   RO          192    i.DMA1_Channel1_IRQHandler  py32f0xx_it.o
    0x0800019c   0x0800019c   0x00000002   Code   RO          193    i.DMA1_Channel2_3_IRQHandler  py32f0xx_it.o
    0x0800019e   0x0800019e   0x00000002   Code   RO          194    i.EXTI0_1_IRQHandler  py32f0xx_it.o
    0x080001a0   0x080001a0   0x00000002   Code   RO          195    i.EXTI2_3_IRQHandler  py32f0xx_it.o
    0x080001a2   0x080001a2   0x00000002   Code   RO          196    i.EXTI4_15_IRQHandler  py32f0xx_it.o
    0x080001a4   0x080001a4   0x00000004   Code   RO          131    i.Error_Handler     main.o
    0x080001a8   0x080001a8   0x00000002   Code   RO          197    i.FLASH_IRQHandler  py32f0xx_it.o
    0x080001aa   0x080001aa   0x00000002   PAD
    0x080001ac   0x080001ac   0x000001b4   Code   RO          880    i.HAL_GPIO_Init     py32f0xx_hal_gpio.o
    0x08000360   0x08000360   0x0000000c   Code   RO          420    i.HAL_GetTick       py32f0xx_hal.o
    0x0800036c   0x0800036c   0x00000018   Code   RO          426    i.HAL_IncTick       py32f0xx_hal.o
    0x08000384   0x08000384   0x0000001a   Code   RO          427    i.HAL_Init          py32f0xx_hal.o
    0x0800039e   0x0800039e   0x00000002   PAD
    0x080003a0   0x080003a0   0x00000060   Code   RO          428    i.HAL_InitTick      py32f0xx_hal.o
    0x08000400   0x08000400   0x00000002   Code   RO          171    i.HAL_MspInit       py32f0xx_hal_msp.o
    0x08000402   0x08000402   0x00000002   PAD
    0x08000404   0x08000404   0x00000018   Code   RO         1462    i.HAL_NVIC_EnableIRQ  py32f0xx_hal_cortex.o
    0x0800041c   0x0800041c   0x00000012   Code   RO         1466    i.HAL_NVIC_SetPriority  py32f0xx_hal_cortex.o
    0x0800042e   0x0800042e   0x00000002   PAD
    0x08000430   0x08000430   0x0000000c   Code   RO          570    i.HAL_RCC_GetHCLKFreq  py32f0xx_hal_rcc.o
    0x0800043c   0x0800043c   0x00000028   Code   RO          572    i.HAL_RCC_GetPCLK1Freq  py32f0xx_hal_rcc.o
    0x08000464   0x08000464   0x00000038   Code   RO         1470    i.HAL_SYSTICK_Config  py32f0xx_hal_cortex.o
    0x0800049c   0x0800049c   0x0000008a   Code   RO         1157    i.HAL_UART_Init     py32f0xx_hal_uart.o
    0x08000526   0x08000526   0x00000002   Code   RO         1159    i.HAL_UART_MspInit  py32f0xx_hal_uart.o
    0x08000528   0x08000528   0x000000fe   Code   RO         1166    i.HAL_UART_Transmit  py32f0xx_hal_uart.o
    0x08000626   0x08000626   0x00000004   Code   RO          198    i.HardFault_Handler  py32f0xx_it.o
    0x0800062a   0x0800062a   0x00000002   Code   RO          199    i.I2C1_IRQHandler   py32f0xx_it.o
    0x0800062c   0x0800062c   0x0000002c   Code   RO          365    i.Modbus_Send_Byte  rs485.o
    0x08000658   0x08000658   0x00000002   Code   RO          200    i.NMI_Handler       py32f0xx_it.o
    0x0800065a   0x0800065a   0x00000002   PAD
    0x0800065c   0x0800065c   0x00000078   Code   RO         1472    i.NVIC_SetPriority  py32f0xx_hal_cortex.o
    0x080006d4   0x080006d4   0x00000002   Code   RO          201    i.PVD_IRQHandler    py32f0xx_it.o
    0x080006d6   0x080006d6   0x00000002   Code   RO          202    i.PendSV_Handler    py32f0xx_it.o
    0x080006d8   0x080006d8   0x00000002   Code   RO          203    i.RCC_IRQHandler    py32f0xx_it.o
    0x080006da   0x080006da   0x00000002   Code   RO          204    i.RTC_IRQHandler    py32f0xx_it.o
    0x080006dc   0x080006dc   0x00000002   Code   RO          205    i.SPI1_IRQHandler   py32f0xx_it.o
    0x080006de   0x080006de   0x00000002   Code   RO          207    i.SVC_Handler       py32f0xx_it.o
    0x080006e0   0x080006e0   0x00000008   Code   RO          208    i.SysTick_Handler   py32f0xx_it.o
    0x080006e8   0x080006e8   0x0000002c   Code   RO           14    i.SystemInit        system_py32f0xx.o
    0x08000714   0x08000714   0x00000002   Code   RO          209    i.TIM14_IRQHandler  py32f0xx_it.o
    0x08000716   0x08000716   0x00000002   Code   RO          210    i.TIM16_IRQHandler  py32f0xx_it.o
    0x08000718   0x08000718   0x00000002   Code   RO          211    i.TIM17_IRQHandler  py32f0xx_it.o
    0x0800071a   0x0800071a   0x00000002   Code   RO          212    i.TIM1_BRK_UP_TRG_COM_IRQHandler  py32f0xx_it.o
    0x0800071c   0x0800071c   0x00000002   Code   RO          213    i.TIM1_CC_IRQHandler  py32f0xx_it.o
    0x0800071e   0x0800071e   0x00000002   Code   RO          214    i.TIM3_IRQHandler   py32f0xx_it.o
    0x08000720   0x08000720   0x00000038   Code   RO         1171    i.UART_AdvFeatureConfig  py32f0xx_hal_uart.o
    0x08000758   0x08000758   0x000001a4   Code   RO         1186    i.UART_SetConfig    py32f0xx_hal_uart.o
    0x080008fc   0x080008fc   0x00000070   Code   RO         1188    i.UART_WaitOnFlagUntilTimeout  py32f0xx_hal_uart.o
    0x0800096c   0x0800096c   0x00000068   Code   RO          367    i.USART1_IRQHandler  rs485.o
    0x080009d4   0x080009d4   0x000000f4   Code   RO          368    i.USART_Config      rs485.o
    0x08000ac8   0x08000ac8   0x00000002   Code   RO          216    i.WWDG_IRQHandler   py32f0xx_it.o
    0x08000aca   0x08000aca   0x0000000e   Code   RO         2362    i.__scatterload_copy  mc_p.l(handlers.o)
    0x08000ad8   0x08000ad8   0x00000002   Code   RO         2363    i.__scatterload_null  mc_p.l(handlers.o)
    0x08000ada   0x08000ada   0x0000000e   Code   RO         2364    i.__scatterload_zeroinit  mc_p.l(handlers.o)
    0x08000ae8   0x08000ae8   0x0000007c   Code   RO          132    i.main              main.o
    0x08000b64   0x08000b64   0x00000080   Data   RO           16    .constdata          system_py32f0xx.o
    0x08000be4   0x08000be4   0x00000020   Data   RO         2360    Region$$Table       anon$$obj.o


    Execution Region RW_IRAM1 (Exec base: 0x20000000, Load base: 0x08000c04, Size: 0x000005b0, Max: 0x00002000, ABSOLUTE)

    Exec Addr    Load Addr    Size         Type   Attr      Idx    E Section Name        Object

    0x20000000   0x08000c04   0x000000c0   Data   RW           15    .ARM.__at_0x20000000  system_py32f0xx.o
    0x200000c0   0x08000cc4   0x00000004   Data   RW           17    .data               system_py32f0xx.o
    0x200000c4   0x08000cc8   0x00000005   Data   RW          133    .data               main.o
    0x200000c9   0x08000ccd   0x00000002   Data   RW          371    .data               rs485.o
    0x200000cb   0x08000ccf   0x00000001   PAD
    0x200000cc   0x08000cd0   0x0000000c   Data   RW          435    .data               py32f0xx_hal.o
    0x200000d8        -       0x000000d8   Zero   RW          370    .bss                rs485.o
    0x200001b0        -       0x00000400   Zero   RW            1    STACK               startup_py32f003xx.o


==============================================================================

Image component sizes


      Code (inc. data)   RO Data    RW Data    ZI Data      Debug   Object Name

       128         30          0          5          0       1003   main.o
       158         28          0         12          0       3089   py32f0xx_hal.o
       218         26          0          0          0       9061   py32f0xx_hal_cortex.o
       436          8          0          0          0       1496   py32f0xx_hal_gpio.o
         2          0          0          0          0        414   py32f0xx_hal_msp.o
        52         14          0          0          0       1037   py32f0xx_hal_rcc.o
       982          6          0          0          0       4691   py32f0xx_hal_uart.o
        56          0          0          0          0      10002   py32f0xx_it.o
       392         40          0          2        216       2473   rs485.o
        28          8        192          0       1024        616   startup_py32f003xx.o
        96         20        128        196          0     181434   system_py32f0xx.o

    ----------------------------------------------------------------------
      2558        180        352        216       1240     215316   Object Totals
         0          0         32          0          0          0   (incl. Generated)
        10          0          0          1          0          0   (incl. Padding)

    ----------------------------------------------------------------------

      Code (inc. data)   RO Data    RW Data    ZI Data      Debug   Library Member Name

         0          0          0          0          0          0   entry.o
         0          0          0          0          0          0   entry10a.o
         0          0          0          0          0          0   entry11a.o
         8          4          0          0          0          0   entry2.o
         4          0          0          0          0          0   entry5.o
         0          0          0          0          0          0   entry7b.o
         0          0          0          0          0          0   entry8b.o
         8          4          0          0          0          0   entry9a.o
        30          0          0          0          0          0   handlers.o
        36          8          0          0          0         68   init.o
        36          0          0          0          0        100   memseta.o
        44          0          0          0          0         72   uidiv.o

    ----------------------------------------------------------------------
       166         16          0          0          0        240   Library Totals
         0          0          0          0          0          0   (incl. Padding)

    ----------------------------------------------------------------------

      Code (inc. data)   RO Data    RW Data    ZI Data      Debug   Library Name

       166         16          0          0          0        240   mc_p.l

    ----------------------------------------------------------------------
       166         16          0          0          0        240   Library Totals

    ----------------------------------------------------------------------

==============================================================================


      Code (inc. data)   RO Data    RW Data    ZI Data      Debug   

      2724        196        352        216       1240     213728   Grand Totals
      2724        196        352        216       1240     213728   ELF Image Totals
      2724        196        352        216          0          0   ROM Totals

==============================================================================

    Total RO  Size (Code + RO Data)                 3076 (   3.00kB)
    Total RW  Size (RW Data + ZI Data)              1456 (   1.42kB)
    Total ROM Size (Code + RO Data + RW Data)       3292 (   3.21kB)

==============================================================================

