Component: ARM Compiler 5.06 update 6 (build 750) Tool: armlink [4d35ed]

==============================================================================

Section Cross References

    startup_py32f003xx.o(RESET) refers to startup_py32f003xx.o(STACK) for __initial_sp
    startup_py32f003xx.o(RESET) refers to startup_py32f003xx.o(.text) for Reset_Handler
    startup_py32f003xx.o(RESET) refers to py32f0xx_it.o(i.NMI_Handler) for NMI_Handler
    startup_py32f003xx.o(RESET) refers to py32f0xx_it.o(i.HardFault_Handler) for HardFault_Handler
    startup_py32f003xx.o(RESET) refers to py32f0xx_it.o(i.SVC_Handler) for SVC_Handler
    startup_py32f003xx.o(RESET) refers to py32f0xx_it.o(i.PendSV_Handler) for PendSV_Handler
    startup_py32f003xx.o(RESET) refers to py32f0xx_it.o(i.SysTick_Handler) for SysTick_Handler
    startup_py32f003xx.o(RESET) refers to py32f0xx_it.o(i.WWDG_IRQHandler) for WWDG_IRQHandler
    startup_py32f003xx.o(RESET) refers to py32f0xx_it.o(i.PVD_IRQHandler) for PVD_IRQHandler
    startup_py32f003xx.o(RESET) refers to py32f0xx_it.o(i.RTC_IRQHandler) for RTC_IRQHandler
    startup_py32f003xx.o(RESET) refers to py32f0xx_it.o(i.FLASH_IRQHandler) for FLASH_IRQHandler
    startup_py32f003xx.o(RESET) refers to py32f0xx_it.o(i.RCC_IRQHandler) for RCC_IRQHandler
    startup_py32f003xx.o(RESET) refers to py32f0xx_it.o(i.EXTI0_1_IRQHandler) for EXTI0_1_IRQHandler
    startup_py32f003xx.o(RESET) refers to py32f0xx_it.o(i.EXTI2_3_IRQHandler) for EXTI2_3_IRQHandler
    startup_py32f003xx.o(RESET) refers to py32f0xx_it.o(i.EXTI4_15_IRQHandler) for EXTI4_15_IRQHandler
    startup_py32f003xx.o(RESET) refers to py32f0xx_it.o(i.DMA1_Channel1_IRQHandler) for DMA1_Channel1_IRQHandler
    startup_py32f003xx.o(RESET) refers to py32f0xx_it.o(i.DMA1_Channel2_3_IRQHandler) for DMA1_Channel2_3_IRQHandler
    startup_py32f003xx.o(RESET) refers to py32f0xx_it.o(i.ADC_COMP_IRQHandler) for ADC_COMP_IRQHandler
    startup_py32f003xx.o(RESET) refers to py32f0xx_it.o(i.TIM1_BRK_UP_TRG_COM_IRQHandler) for TIM1_BRK_UP_TRG_COM_IRQHandler
    startup_py32f003xx.o(RESET) refers to py32f0xx_it.o(i.TIM1_CC_IRQHandler) for TIM1_CC_IRQHandler
    startup_py32f003xx.o(RESET) refers to py32f0xx_it.o(i.TIM3_IRQHandler) for TIM3_IRQHandler
    startup_py32f003xx.o(RESET) refers to py32f0xx_it.o(i.TIM14_IRQHandler) for TIM14_IRQHandler
    startup_py32f003xx.o(RESET) refers to py32f0xx_it.o(i.TIM16_IRQHandler) for TIM16_IRQHandler
    startup_py32f003xx.o(RESET) refers to py32f0xx_it.o(i.TIM17_IRQHandler) for TIM17_IRQHandler
    startup_py32f003xx.o(RESET) refers to py32f0xx_it.o(i.I2C1_IRQHandler) for I2C1_IRQHandler
    startup_py32f003xx.o(RESET) refers to py32f0xx_it.o(i.SPI1_IRQHandler) for SPI1_IRQHandler
    startup_py32f003xx.o(RESET) refers to py32f0xx_it.o(i.USART2_IRQHandler) for USART2_IRQHandler
    startup_py32f003xx.o(.text) refers to system_py32f0xx.o(i.SystemInit) for SystemInit
    startup_py32f003xx.o(.text) refers to entry.o(.ARM.Collect$$$$00000000) for __main
    system_py32f0xx.o(i.$Sub$$main) refers to main.o(i.main) for $Super$$main
    system_py32f0xx.o(i.$Sub$$main) refers to system_py32f0xx.o(.ARM.__at_0x20000000) for VECT_SRAM_TAB
    system_py32f0xx.o(i.SystemCoreClockUpdate) refers to memcpya.o(.text) for __aeabi_memcpy4
    system_py32f0xx.o(i.SystemCoreClockUpdate) refers to uidiv.o(.text) for __aeabi_uidivmod
    system_py32f0xx.o(i.SystemCoreClockUpdate) refers to system_py32f0xx.o(.constdata) for .constdata
    system_py32f0xx.o(i.SystemCoreClockUpdate) refers to system_py32f0xx.o(.data) for SystemCoreClock
    main.o(i.GPIO_LED_Config) refers to py32f0xx_hal_gpio.o(i.HAL_GPIO_Init) for HAL_GPIO_Init
    main.o(i.led_task) refers to py32f0xx_hal_gpio.o(i.HAL_GPIO_TogglePin) for HAL_GPIO_TogglePin
    main.o(i.led_task) refers to tasks.o(i.vTaskDelay) for vTaskDelay
    main.o(i.main) refers to py32f0xx_hal.o(i.HAL_Init) for HAL_Init
    main.o(i.main) refers to main.o(i.GPIO_LED_Config) for GPIO_LED_Config
    main.o(i.main) refers to usart2_echo.o(i.USART2_Echo_Init) for USART2_Echo_Init
    main.o(i.main) refers to tasks.o(i.xTaskCreate) for xTaskCreate
    main.o(i.main) refers to main.o(i.Error_Handler) for Error_Handler
    main.o(i.main) refers to tasks.o(i.vTaskStartScheduler) for vTaskStartScheduler
    main.o(i.main) refers to main.o(.data) for StartTask_Handler
    main.o(i.main) refers to main.o(i.start_task) for start_task
    main.o(i.start_task) refers to tasks.o(i.xTaskCreate) for xTaskCreate
    main.o(i.start_task) refers to main.o(i.Error_Handler) for Error_Handler
    main.o(i.start_task) refers to tasks.o(i.vTaskDelete) for vTaskDelete
    main.o(i.start_task) refers to main.o(.data) for LedTask_Handler
    main.o(i.start_task) refers to main.o(i.led_task) for led_task
    main.o(i.start_task) refers to main.o(i.usart_task) for usart_task
    main.o(i.usart_task) refers to usart2_echo.o(i.USART2_Echo_Task) for USART2_Echo_Task
[...]
    tasks.o(i.xTaskGenericNotifyStateClear) refers to tasks.o(.data) for pxCurrentTCB
    tasks.o(i.xTaskGenericNotifyWait) refers to tasks.o(i.vTaskSuspendAll) for vTaskSuspendAll
    tasks.o(i.xTaskGenericNotifyWait) refers to port.o(i.vPortEnterCritical) for vPortEnterCritical
    tasks.o(i.xTaskGenericNotifyWait) refers to port.o(i.vPortExitCritical) for vPortExitCritical
    tasks.o(i.xTaskGenericNotifyWait) refers to tasks.o(i.prvAddCurrentTaskToDelayedList) for prvAddCurrentTaskToDelayedList
    tasks.o(i.xTaskGenericNotifyWait) refers to tasks.o(i.xTaskResumeAll) for xTaskResumeAll
    tasks.o(i.xTaskGenericNotifyWait) refers to port.o(i.vPortYield) for vPortYield
    tasks.o(i.xTaskGenericNotifyWait) refers to tasks.o(.data) for pxCurrentTCB
    tasks.o(i.xTaskGetCurrentTaskHandle) refers to tasks.o(.data) for pxCurrentTCB
    tasks.o(i.xTaskGetCurrentTaskHandleForCore) refers to tasks.o(.data) for pxCurrentTCB
    tasks.o(i.xTaskGetSchedulerState) refers to tasks.o(.data) for xSchedulerRunning
    tasks.o(i.xTaskGetTickCount) refers to tasks.o(.data) for xTickCount
    tasks.o(i.xTaskGetTickCountFromISR) refers to tasks.o(.data) for xTickCount
    tasks.o(i.xTaskIncrementTick) refers to tasks.o(i.prvResetNextTaskUnblockTime) for prvResetNextTaskUnblockTime
    tasks.o(i.xTaskIncrementTick) refers to tasks.o(.data) for uxSchedulerSuspended
    tasks.o(i.xTaskIncrementTick) refers to tasks.o(.bss) for pxReadyTasksLists
    tasks.o(i.xTaskRemoveFromEventList) refers to tasks.o(.data) for uxSchedulerSuspended
    tasks.o(i.xTaskRemoveFromEventList) refers to tasks.o(.bss) for pxReadyTasksLists
    tasks.o(i.xTaskResumeAll) refers to port.o(i.vPortEnterCritical) for vPortEnterCritical
    tasks.o(i.xTaskResumeAll) refers to tasks.o(i.prvResetNextTaskUnblockTime) for prvResetNextTaskUnblockTime
    tasks.o(i.xTaskResumeAll) refers to tasks.o(i.xTaskIncrementTick) for xTaskIncrementTick
    tasks.o(i.xTaskResumeAll) refers to port.o(i.vPortYield) for vPortYield
    tasks.o(i.xTaskResumeAll) refers to port.o(i.vPortExitCritical) for vPortExitCritical
    tasks.o(i.xTaskResumeAll) refers to tasks.o(.data) for uxSchedulerSuspended
    tasks.o(i.xTaskResumeAll) refers to tasks.o(.bss) for xPendingReadyList
    heap_4.o(i.prvHeapInit) refers to heap_4.o(.bss) for ucHeap
    heap_4.o(i.prvHeapInit) refers to heap_4.o(.data) for xStart
    heap_4.o(i.prvInsertBlockIntoFreeList) refers to heap_4.o(.data) for xStart
    heap_4.o(i.prvInsertBlockIntoFreeList) refers to heap_4.o(.bss) for ucHeap
    heap_4.o(i.pvPortCalloc) refers to uidiv.o(.text) for __aeabi_uidivmod
    heap_4.o(i.pvPortCalloc) refers to heap_4.o(i.pvPortMalloc) for pvPortMalloc
    heap_4.o(i.pvPortCalloc) refers to memseta.o(.text) for __aeabi_memclr
    heap_4.o(i.pvPortMalloc) refers to tasks.o(i.vTaskSuspendAll) for vTaskSuspendAll
    heap_4.o(i.pvPortMalloc) refers to heap_4.o(i.prvHeapInit) for prvHeapInit
    heap_4.o(i.pvPortMalloc) refers to tasks.o(i.xTaskResumeAll) for xTaskResumeAll
    heap_4.o(i.pvPortMalloc) refers to main.o(i.vApplicationMallocFailedHook) for vApplicationMallocFailedHook
    heap_4.o(i.pvPortMalloc) refers to heap_4.o(.data) for pxEnd
    heap_4.o(i.pvPortMalloc) refers to heap_4.o(.bss) for ucHeap
    heap_4.o(i.vPortFree) refers to tasks.o(i.vTaskSuspendAll) for vTaskSuspendAll
    heap_4.o(i.vPortFree) refers to heap_4.o(i.prvInsertBlockIntoFreeList) for prvInsertBlockIntoFreeList
    heap_4.o(i.vPortFree) refers to tasks.o(i.xTaskResumeAll) for xTaskResumeAll
    heap_4.o(i.vPortFree) refers to heap_4.o(.bss) for ucHeap
    heap_4.o(i.vPortFree) refers to heap_4.o(.data) for xFreeBytesRemaining
    heap_4.o(i.vPortGetHeapStats) refers to tasks.o(i.vTaskSuspendAll) for vTaskSuspendAll
    heap_4.o(i.vPortGetHeapStats) refers to tasks.o(i.xTaskResumeAll) for xTaskResumeAll
    heap_4.o(i.vPortGetHeapStats) refers to port.o(i.vPortEnterCritical) for vPortEnterCritical
    heap_4.o(i.vPortGetHeapStats) refers to port.o(i.vPortExitCritical) for vPortExitCritical
    heap_4.o(i.vPortGetHeapStats) refers to heap_4.o(.data) for xStart
    heap_4.o(i.vPortHeapResetState) refers to heap_4.o(.data) for pxEnd
    heap_4.o(i.xPortGetFreeHeapSize) refers to heap_4.o(.data) for xFreeBytesRemaining
    heap_4.o(i.xPortGetMinimumEverFreeHeapSize) refers to heap_4.o(.data) for xMinimumEverFreeBytesRemaining
    port.o(.emb_text) refers to tasks.o(.data) for pxCurrentTCB
    port.o(.emb_text) refers to tasks.o(i.vTaskSwitchContext) for vTaskSwitchContext
    port.o(i.prvTaskExitError) refers to port.o(.data) for uxCriticalNesting
    port.o(i.pxPortInitialiseStack) refers to port.o(i.prvTaskExitError) for prvTaskExitError
    port.o(i.vPortEndScheduler) refers to port.o(.data) for uxCriticalNesting
    port.o(i.vPortEnterCritical) refers to port.o(.data) for uxCriticalNesting
    port.o(i.vPortExitCritical) refers to port.o(.data) for uxCriticalNesting
    port.o(i.xPortStartScheduler) refers to port.o(i.vPortSetupTimerInterrupt) for vPortSetupTimerInterrupt
    port.o(i.xPortStartScheduler) refers to port.o(.emb_text) for __asm___6_port_c_39a90d8d__prvPortStartFirstTask
    port.o(i.xPortStartScheduler) refers to port.o(.data) for uxCriticalNesting
    port.o(i.xPortSysTickHandler) refers to port.o(.emb_text) for ulSetInterruptMaskFromISR
    port.o(i.xPortSysTickHandler) refers to tasks.o(i.xTaskIncrementTick) for xTaskIncrementTick
    entry.o(.ARM.Collect$$$$00000000) refers (Special) to entry10a.o(.ARM.Collect$$$$0000000D) for __rt_final_cpp
    entry.o(.ARM.Collect$$$$00000000) refers (Special) to entry11a.o(.ARM.Collect$$$$0000000F) for __rt_final_exit
    entry.o(.ARM.Collect$$$$00000000) refers (Special) to entry7b.o(.ARM.Collect$$$$00000008) for _main_clock
    entry.o(.ARM.Collect$$$$00000000) refers (Special) to entry8b.o(.ARM.Collect$$$$0000000A) for _main_cpp_init
    entry.o(.ARM.Collect$$$$00000000) refers (Special) to entry9a.o(.ARM.Collect$$$$0000000B) for _main_init
    entry.o(.ARM.Collect$$$$00000000) refers (Special) to entry5.o(.ARM.Collect$$$$00000004) for _main_scatterload
    entry.o(.ARM.Collect$$$$00000000) refers (Special) to entry2.o(.ARM.Collect$$$$00000001) for _main_stk
    entry2.o(.ARM.Collect$$$$00000001) refers to entry2.o(.ARM.Collect$$$$00002712) for __lit__00000000
    entry2.o(.ARM.Collect$$$$00002712) refers to startup_py32f003xx.o(STACK) for __initial_sp
    entry2.o(__vectab_stack_and_reset_area) refers to startup_py32f003xx.o(STACK) for __initial_sp
    entry2.o(__vectab_stack_and_reset_area) refers to entry.o(.ARM.Collect$$$$00000000) for __main
    entry5.o(.ARM.Collect$$$$00000004) refers to init.o(.text) for __scatterload
    entry9a.o(.ARM.Collect$$$$0000000B) refers to system_py32f0xx.o(i.$Sub$$main) for main
    entry9b.o(.ARM.Collect$$$$0000000C) refers to system_py32f0xx.o(i.$Sub$$main) for main
    init.o(.text) refers to entry5.o(.ARM.Collect$$$$00000004) for __main_after_scatterload


==============================================================================

Removing Unused input sections from the image.

    Removing startup_py32f003xx.o(HEAP), (0 bytes).
    Removing system_py32f0xx.o(.rev16_text), (4 bytes).
    Removing system_py32f0xx.o(.revsh_text), (4 bytes).
    Removing system_py32f0xx.o(i.SystemCoreClockUpdate), (156 bytes).
    Removing main.o(.rev16_text), (4 bytes).
    Removing main.o(.revsh_text), (4 bytes).
    Removing py32f0xx_hal_msp.o(.rev16_text), (4 bytes).
    Removing py32f0xx_hal_msp.o(.revsh_text), (4 bytes).
    Removing py32f0xx_it.o(.rev16_text), (4 bytes).
    Removing py32f0xx_it.o(.revsh_text), (4 bytes).
    Removing py32f0xx_it.o(i.SPI2_IRQHandler), (2 bytes).
    Removing py32f0xx_it.o(i.TIM6_LPTIM_IRQHandler), (2 bytes).
    Removing usart2_echo.o(.rev16_text), (4 bytes).
    Removing usart2_echo.o(.revsh_text), (4 bytes).
    Removing usart2_echo.o(i.USART2_Receive), (84 bytes).
    Removing usart2_echo.o(i.USART2_ReceiveFrame), (72 bytes).
    Removing rs485.o(.rev16_text), (4 bytes).
    Removing rs485.o(.revsh_text), (4 bytes).
    Removing py32f0xx_hal.o(.rev16_text), (4 bytes).
    Removing py32f0xx_hal.o(.revsh_text), (4 bytes).
    Removing py32f0xx_hal.o(i.HAL_DBGMCU_DisableDBGMCUStopMode), (20 bytes).
    Removing py32f0xx_hal.o(i.HAL_DBGMCU_EnableDBGMCUStopMode), (20 bytes).
    Removing py32f0xx_hal.o(i.HAL_DeInit), (52 bytes).
    Removing py32f0xx_hal.o(i.HAL_Delay), (44 bytes).
    Removing py32f0xx_hal.o(i.HAL_GetDEVID), (16 bytes).
    Removing py32f0xx_hal.o(i.HAL_GetHalVersion), (8 bytes).
    Removing py32f0xx_hal.o(i.HAL_GetREVID), (12 bytes).
    Removing py32f0xx_hal.o(i.HAL_GetTickFreq), (12 bytes).
    Removing py32f0xx_hal.o(i.HAL_GetTickPrio), (12 bytes).
    Removing py32f0xx_hal.o(i.HAL_GetUIDw0), (12 bytes).
    Removing py32f0xx_hal.o(i.HAL_GetUIDw1), (12 bytes).
    Removing py32f0xx_hal.o(i.HAL_GetUIDw2), (12 bytes).
    Removing py32f0xx_hal.o(i.HAL_MspDeInit), (2 bytes).
    Removing py32f0xx_hal.o(i.HAL_MspInit), (2 bytes).
    Removing py32f0xx_hal.o(i.HAL_ResumeTick), (20 bytes).
    Removing py32f0xx_hal.o(i.HAL_SYSCFG_DMA_Req), (16 bytes).
    Removing py32f0xx_hal.o(i.HAL_SetTickFreq), (44 bytes).
    Removing py32f0xx_hal.o(i.HAL_SuspendTick), (20 bytes).
    Removing py32f0xx_hal_rcc.o(.rev16_text), (4 bytes).
    Removing py32f0xx_hal_rcc.o(.revsh_text), (4 bytes).
    Removing py32f0xx_hal_rcc.o(i.HAL_RCC_CSSCallback), (2 bytes).
    Removing py32f0xx_hal_rcc.o(i.HAL_RCC_ClockConfig), (420 bytes).
    Removing py32f0xx_hal_rcc.o(i.HAL_RCC_DeInit), (176 bytes).
    Removing py32f0xx_hal_rcc.o(i.HAL_RCC_EnableCSS), (20 bytes).
    Removing py32f0xx_hal_rcc.o(i.HAL_RCC_GetClockConfig), (60 bytes).
    Removing py32f0xx_hal_rcc.o(i.HAL_RCC_GetOscConfig), (132 bytes).
    Removing py32f0xx_hal_rcc.o(i.HAL_RCC_GetSysClockFreq), (128 bytes).
    Removing py32f0xx_hal_rcc.o(i.HAL_RCC_LSECSSCallback), (2 bytes).
    Removing py32f0xx_hal_rcc.o(i.HAL_RCC_MCOConfig), (408 bytes).
    Removing py32f0xx_hal_rcc.o(i.HAL_RCC_NMI_IRQHandler), (32 bytes).
    Removing py32f0xx_hal_rcc.o(i.HAL_RCC_OscConfig), (752 bytes).
    Removing py32f0xx_hal_rcc.o(.constdata), (20 bytes).
    Removing py32f0xx_hal_rcc_ex.o(.rev16_text), (4 bytes).
    Removing py32f0xx_hal_rcc_ex.o(.revsh_text), (4 bytes).
    Removing py32f0xx_hal_rcc_ex.o(i.HAL_RCCEx_DisableLSCO), (120 bytes).
    Removing py32f0xx_hal_rcc_ex.o(i.HAL_RCCEx_EnableLSCO), (124 bytes).
    Removing py32f0xx_hal_rcc_ex.o(i.HAL_RCCEx_GetPeriphCLKConfig), (68 bytes).
    Removing py32f0xx_hal_rcc_ex.o(i.HAL_RCCEx_GetPeriphCLKFreq), (236 bytes).
    Removing py32f0xx_hal_rcc_ex.o(i.HAL_RCCEx_PeriphCLKConfig), (372 bytes).
    Removing py32f0xx_hal_flash.o(.rev16_text), (4 bytes).
    Removing py32f0xx_hal_flash.o(.revsh_text), (4 bytes).
    Removing py32f0xx_hal_flash.o(i.FLASH_MassErase), (40 bytes).
    Removing py32f0xx_hal_flash.o(i.FLASH_OB_GetRDP), (24 bytes).
    Removing py32f0xx_hal_flash.o(i.FLASH_OB_GetUser), (24 bytes).
    Removing py32f0xx_hal_flash.o(i.FLASH_OB_OptrConfig), (32 bytes).
    Removing py32f0xx_hal_flash.o(i.FLASH_PageErase), (32 bytes).
    Removing py32f0xx_hal_flash.o(i.FLASH_Program_Page), (84 bytes).
    Removing py32f0xx_hal_flash.o(i.FLASH_SectorErase), (24 bytes).
    Removing py32f0xx_hal_flash.o(i.FLASH_WaitForLastOperation), (60 bytes).
    Removing py32f0xx_hal_flash.o(i.HAL_FLASH_EndOfOperationCallback), (2 bytes).
    Removing py32f0xx_hal_flash.o(i.HAL_FLASH_Erase), (444 bytes).
    Removing py32f0xx_hal_flash.o(i.HAL_FLASH_Erase_IT), (332 bytes).
    Removing py32f0xx_hal_flash.o(i.HAL_FLASH_GetError), (12 bytes).
    Removing py32f0xx_hal_flash.o(i.HAL_FLASH_IRQHandler), (288 bytes).
    Removing py32f0xx_hal_flash.o(i.HAL_FLASH_Lock), (36 bytes).
    Removing py32f0xx_hal_flash.o(i.HAL_FLASH_OBGetConfig), (80 bytes).
    Removing py32f0xx_hal_flash.o(i.HAL_FLASH_OBProgram), (396 bytes).
    Removing py32f0xx_hal_flash.o(i.HAL_FLASH_OB_Launch), (24 bytes).
    Removing py32f0xx_hal_flash.o(i.HAL_FLASH_OB_Lock), (36 bytes).
    Removing py32f0xx_hal_flash.o(i.HAL_FLASH_OB_RDP_LevelConfig), (124 bytes).
    Removing py32f0xx_hal_flash.o(i.HAL_FLASH_OB_Unlock), (52 bytes).
    Removing py32f0xx_hal_flash.o(i.HAL_FLASH_OperationErrorCallback), (2 bytes).
    Removing py32f0xx_hal_flash.o(i.HAL_FLASH_PageProgram), (18 bytes).
    Removing py32f0xx_hal_flash.o(i.HAL_FLASH_PageProgram_IT), (18 bytes).
    Removing py32f0xx_hal_flash.o(i.HAL_FLASH_Program), (300 bytes).
    Removing py32f0xx_hal_flash.o(i.HAL_FLASH_Program_IT), (284 bytes).
    Removing py32f0xx_hal_flash.o(i.HAL_FLASH_Unlock), (52 bytes).
    Removing py32f0xx_hal_flash.o(.bss), (24 bytes).
    Removing py32f0xx_hal_flash.o(.constdata), (32 bytes).
    Removing py32f0xx_hal_gpio.o(.rev16_text), (4 bytes).
    Removing py32f0xx_hal_gpio.o(.revsh_text), (4 bytes).
    Removing py32f0xx_hal_gpio.o(i.HAL_GPIO_DeInit), (244 bytes).
    Removing py32f0xx_hal_gpio.o(i.HAL_GPIO_EXTI_Callback), (2 bytes).
    Removing py32f0xx_hal_gpio.o(i.HAL_GPIO_EXTI_IRQHandler), (32 bytes).
    Removing py32f0xx_hal_gpio.o(i.HAL_GPIO_LockPin), (50 bytes).
    Removing py32f0xx_hal_gpio.o(i.HAL_GPIO_ReadPin), (18 bytes).
    Removing py32f0xx_hal_gpio.o(i.HAL_GPIO_WritePin), (12 bytes).
    Removing py32f0xx_hal_dma.o(.rev16_text), (4 bytes).
    Removing py32f0xx_hal_dma.o(.revsh_text), (4 bytes).
    Removing py32f0xx_hal_dma.o(i.DMA_SetConfig), (42 bytes).
    Removing py32f0xx_hal_dma.o(i.HAL_DMA_Abort), (84 bytes).
    Removing py32f0xx_hal_dma.o(i.HAL_DMA_Abort_IT), (120 bytes).
    Removing py32f0xx_hal_dma.o(i.HAL_DMA_ChannelMap), (92 bytes).
    Removing py32f0xx_hal_dma.o(i.HAL_DMA_DeInit), (108 bytes).
    Removing py32f0xx_hal_dma.o(i.HAL_DMA_GetError), (6 bytes).
    Removing py32f0xx_hal_dma.o(i.HAL_DMA_GetState), (8 bytes).
    Removing py32f0xx_hal_dma.o(i.HAL_DMA_IRQHandler), (296 bytes).
    Removing py32f0xx_hal_dma.o(i.HAL_DMA_Init), (112 bytes).
    Removing py32f0xx_hal_dma.o(i.HAL_DMA_PollForTransfer), (380 bytes).
    Removing py32f0xx_hal_dma.o(i.HAL_DMA_RegisterCallback), (92 bytes).
    Removing py32f0xx_hal_dma.o(i.HAL_DMA_Start), (110 bytes).
    Removing py32f0xx_hal_dma.o(i.HAL_DMA_Start_IT), (154 bytes).
    Removing py32f0xx_hal_dma.o(i.HAL_DMA_UnRegisterCallback), (108 bytes).
    Removing py32f0xx_hal_pwr.o(.rev16_text), (4 bytes).
    Removing py32f0xx_hal_pwr.o(.revsh_text), (4 bytes).
    Removing py32f0xx_hal_pwr.o(i.HAL_PWR_ConfigPVD), (204 bytes).
    Removing py32f0xx_hal_pwr.o(i.HAL_PWR_DeInit), (32 bytes).
    Removing py32f0xx_hal_pwr.o(i.HAL_PWR_DisableBkUpAccess), (20 bytes).
    Removing py32f0xx_hal_pwr.o(i.HAL_PWR_DisablePVD), (20 bytes).
    Removing py32f0xx_hal_pwr.o(i.HAL_PWR_DisableSEVOnPend), (20 bytes).
    Removing py32f0xx_hal_pwr.o(i.HAL_PWR_DisableSleepOnExit), (20 bytes).
    Removing py32f0xx_hal_pwr.o(i.HAL_PWR_EnableBkUpAccess), (20 bytes).
    Removing py32f0xx_hal_pwr.o(i.HAL_PWR_EnablePVD), (20 bytes).
    Removing py32f0xx_hal_pwr.o(i.HAL_PWR_EnableSEVOnPend), (20 bytes).
    Removing py32f0xx_hal_pwr.o(i.HAL_PWR_EnableSleepOnExit), (20 bytes).
    Removing py32f0xx_hal_pwr.o(i.HAL_PWR_EnterSLEEPMode), (32 bytes).
    Removing py32f0xx_hal_pwr.o(i.HAL_PWR_EnterSTOPMode), (84 bytes).
    Removing py32f0xx_hal_pwr.o(i.HAL_PWR_PVD_Callback), (2 bytes).
    Removing py32f0xx_hal_pwr.o(i.HAL_PWR_PVD_IRQHandler), (32 bytes).
    Removing py32f0xx_hal_uart.o(.rev16_text), (4 bytes).
    Removing py32f0xx_hal_uart.o(.revsh_text), (4 bytes).
    Removing py32f0xx_hal_uart.o(i.HAL_HalfDuplex_EnableReceiver), (72 bytes).
    Removing py32f0xx_hal_uart.o(i.HAL_HalfDuplex_EnableTransmitter), (72 bytes).
    Removing py32f0xx_hal_uart.o(i.HAL_HalfDuplex_Init), (116 bytes).
    Removing py32f0xx_hal_uart.o(i.HAL_MultiProcessor_EnterMuteMode), (62 bytes).
    Removing py32f0xx_hal_uart.o(i.HAL_MultiProcessor_ExitMuteMode), (62 bytes).
    Removing py32f0xx_hal_uart.o(i.HAL_MultiProcessor_Init), (166 bytes).
    Removing py32f0xx_hal_uart.o(i.HAL_UART_Abort), (176 bytes).
    Removing py32f0xx_hal_uart.o(i.HAL_UART_AbortCpltCallback), (2 bytes).
    Removing py32f0xx_hal_uart.o(i.HAL_UART_AbortReceive), (106 bytes).
    Removing py32f0xx_hal_uart.o(i.HAL_UART_AbortReceiveCpltCallback), (2 bytes).
    Removing py32f0xx_hal_uart.o(i.HAL_UART_AbortReceive_IT), (124 bytes).
    Removing py32f0xx_hal_uart.o(i.HAL_UART_AbortTransmit), (92 bytes).
    Removing py32f0xx_hal_uart.o(i.HAL_UART_AbortTransmitCpltCallback), (2 bytes).
    Removing py32f0xx_hal_uart.o(i.HAL_UART_AbortTransmit_IT), (112 bytes).
    Removing py32f0xx_hal_uart.o(i.HAL_UART_Abort_IT), (232 bytes).
    Removing py32f0xx_hal_uart.o(i.HAL_UART_DMAPause), (130 bytes).
    Removing py32f0xx_hal_uart.o(i.HAL_UART_DMAResume), (128 bytes).
    Removing py32f0xx_hal_uart.o(i.HAL_UART_DMAStop), (110 bytes).
    Removing py32f0xx_hal_uart.o(i.HAL_UART_DeInit), (64 bytes).
    Removing py32f0xx_hal_uart.o(i.HAL_UART_ErrorCallback), (2 bytes).
    Removing py32f0xx_hal_uart.o(i.HAL_UART_GetError), (6 bytes).
    Removing py32f0xx_hal_uart.o(i.HAL_UART_GetState), (20 bytes).
    Removing py32f0xx_hal_uart.o(i.HAL_UART_IRQHandler), (380 bytes).
    Removing py32f0xx_hal_uart.o(i.HAL_UART_MspDeInit), (2 bytes).
    Removing py32f0xx_hal_uart.o(i.HAL_UART_Receive), (228 bytes).
    Removing py32f0xx_hal_uart.o(i.HAL_UART_Receive_DMA), (220 bytes).
    Removing py32f0xx_hal_uart.o(i.HAL_UART_Receive_IT), (118 bytes).
    Removing py32f0xx_hal_uart.o(i.HAL_UART_RxCpltCallback), (2 bytes).
    Removing py32f0xx_hal_uart.o(i.HAL_UART_RxHalfCpltCallback), (2 bytes).
    Removing py32f0xx_hal_uart.o(i.HAL_UART_SendBreak), (62 bytes).
    Removing py32f0xx_hal_uart.o(i.HAL_UART_Transmit_DMA), (160 bytes).
    Removing py32f0xx_hal_uart.o(i.HAL_UART_Transmit_IT), (92 bytes).
    Removing py32f0xx_hal_uart.o(i.HAL_UART_TxCpltCallback), (2 bytes).
    Removing py32f0xx_hal_uart.o(i.HAL_UART_TxHalfCpltCallback), (2 bytes).
    Removing py32f0xx_hal_uart.o(i.UART_DMAAbortOnError), (20 bytes).
    Removing py32f0xx_hal_uart.o(i.UART_DMAError), (88 bytes).
    Removing py32f0xx_hal_uart.o(i.UART_DMAReceiveCplt), (70 bytes).
    Removing py32f0xx_hal_uart.o(i.UART_DMARxAbortCallback), (56 bytes).
    Removing py32f0xx_hal_uart.o(i.UART_DMARxHalfCplt), (14 bytes).
    Removing py32f0xx_hal_uart.o(i.UART_DMARxOnlyAbortCallback), (24 bytes).
    Removing py32f0xx_hal_uart.o(i.UART_DMATransmitCplt), (54 bytes).
    Removing py32f0xx_hal_uart.o(i.UART_DMATxAbortCallback), (56 bytes).
    Removing py32f0xx_hal_uart.o(i.UART_DMATxHalfCplt), (14 bytes).
    Removing py32f0xx_hal_uart.o(i.UART_DMATxOnlyAbortCallback), (24 bytes).
    Removing py32f0xx_hal_uart.o(i.UART_EndRxTransfer), (34 bytes).
    Removing py32f0xx_hal_uart.o(i.UART_EndTransmit_IT), (32 bytes).
    Removing py32f0xx_hal_uart.o(i.UART_EndTxTransfer), (20 bytes).
    Removing py32f0xx_hal_uart.o(i.UART_Receive_IT), (136 bytes).
    Removing py32f0xx_hal_uart.o(i.UART_Transmit_IT), (106 bytes).
    Removing py32f0xx_hal_cortex.o(.rev16_text), (4 bytes).
    Removing py32f0xx_hal_cortex.o(.revsh_text), (4 bytes).
    Removing py32f0xx_hal_cortex.o(i.HAL_NVIC_ClearPendingIRQ), (24 bytes).
    Removing py32f0xx_hal_cortex.o(i.HAL_NVIC_DisableIRQ), (24 bytes).
    Removing py32f0xx_hal_cortex.o(i.HAL_NVIC_GetPendingIRQ), (40 bytes).
    Removing py32f0xx_hal_cortex.o(i.HAL_NVIC_GetPriority), (72 bytes).
    Removing py32f0xx_hal_cortex.o(i.HAL_NVIC_SetPendingIRQ), (24 bytes).
    Removing py32f0xx_hal_cortex.o(i.HAL_NVIC_SystemReset), (56 bytes).
    Removing py32f0xx_hal_cortex.o(i.HAL_SYSTICK_CLKSourceConfig), (36 bytes).
    Removing py32f0xx_hal_cortex.o(i.HAL_SYSTICK_Callback), (2 bytes).
    Removing py32f0xx_hal_cortex.o(i.HAL_SYSTICK_IRQHandler), (8 bytes).
    Removing py32f0xx_hal_i2c.o(.rev16_text), (4 bytes).
    Removing py32f0xx_hal_i2c.o(.revsh_text), (4 bytes).
    Removing py32f0xx_hal_i2c.o(i.HAL_I2C_AbortCpltCallback), (2 bytes).
    Removing py32f0xx_hal_i2c.o(i.HAL_I2C_AddrCallback), (2 bytes).
    Removing py32f0xx_hal_i2c.o(i.HAL_I2C_DeInit), (66 bytes).
    Removing py32f0xx_hal_i2c.o(i.HAL_I2C_DisableListen_IT), (74 bytes).
    Removing py32f0xx_hal_i2c.o(i.HAL_I2C_ER_IRQHandler), (288 bytes).
    Removing py32f0xx_hal_i2c.o(i.HAL_I2C_EV_IRQHandler), (600 bytes).
    Removing py32f0xx_hal_i2c.o(i.HAL_I2C_EnableListen_IT), (76 bytes).
    Removing py32f0xx_hal_i2c.o(i.HAL_I2C_ErrorCallback), (2 bytes).
    Removing py32f0xx_hal_i2c.o(i.HAL_I2C_GetError), (6 bytes).
    Removing py32f0xx_hal_i2c.o(i.HAL_I2C_GetMode), (8 bytes).
    Removing py32f0xx_hal_i2c.o(i.HAL_I2C_GetState), (8 bytes).
    Removing py32f0xx_hal_i2c.o(i.HAL_I2C_Init), (436 bytes).
    Removing py32f0xx_hal_i2c.o(i.HAL_I2C_IsDeviceReady), (464 bytes).
    Removing py32f0xx_hal_i2c.o(i.HAL_I2C_ListenCpltCallback), (2 bytes).
    Removing py32f0xx_hal_i2c.o(i.HAL_I2C_MasterRxCpltCallback), (2 bytes).
    Removing py32f0xx_hal_i2c.o(i.HAL_I2C_MasterTxCpltCallback), (2 bytes).
    Removing py32f0xx_hal_i2c.o(i.HAL_I2C_Master_Abort_IT), (116 bytes).
    Removing py32f0xx_hal_i2c.o(i.HAL_I2C_Master_Receive), (808 bytes).
    Removing py32f0xx_hal_i2c.o(i.HAL_I2C_Master_Receive_DMA), (436 bytes).
    Removing py32f0xx_hal_i2c.o(i.HAL_I2C_Master_Receive_IT), (268 bytes).
    Removing py32f0xx_hal_i2c.o(i.HAL_I2C_Master_Seq_Receive_DMA), (660 bytes).
    Removing py32f0xx_hal_i2c.o(i.HAL_I2C_Master_Seq_Receive_IT), (392 bytes).
    Removing py32f0xx_hal_i2c.o(i.HAL_I2C_Master_Seq_Transmit_DMA), (520 bytes).
    Removing py32f0xx_hal_i2c.o(i.HAL_I2C_Master_Seq_Transmit_IT), (300 bytes).
    Removing py32f0xx_hal_i2c.o(i.HAL_I2C_Master_Transmit), (384 bytes).
    Removing py32f0xx_hal_i2c.o(i.HAL_I2C_Master_Transmit_DMA), (500 bytes).
    Removing py32f0xx_hal_i2c.o(i.HAL_I2C_Master_Transmit_IT), (252 bytes).
    Removing py32f0xx_hal_i2c.o(i.HAL_I2C_MemRxCpltCallback), (2 bytes).
    Removing py32f0xx_hal_i2c.o(i.HAL_I2C_MemTxCpltCallback), (2 bytes).
    Removing py32f0xx_hal_i2c.o(i.HAL_I2C_Mem_Read), (816 bytes).
    Removing py32f0xx_hal_i2c.o(i.HAL_I2C_Mem_Read_DMA), (516 bytes).
    Removing py32f0xx_hal_i2c.o(i.HAL_I2C_Mem_Read_IT), (284 bytes).
    Removing py32f0xx_hal_i2c.o(i.HAL_I2C_Mem_Write), (372 bytes).
    Removing py32f0xx_hal_i2c.o(i.HAL_I2C_Mem_Write_DMA), (436 bytes).
    Removing py32f0xx_hal_i2c.o(i.HAL_I2C_Mem_Write_IT), (264 bytes).
    Removing py32f0xx_hal_i2c.o(i.HAL_I2C_MspDeInit), (2 bytes).
    Removing py32f0xx_hal_i2c.o(i.HAL_I2C_MspInit), (2 bytes).
    Removing py32f0xx_hal_i2c.o(i.HAL_I2C_SlaveRxCpltCallback), (2 bytes).
    Removing py32f0xx_hal_i2c.o(i.HAL_I2C_SlaveTxCpltCallback), (2 bytes).
    Removing py32f0xx_hal_i2c.o(i.HAL_I2C_Slave_Receive), (404 bytes).
    Removing py32f0xx_hal_i2c.o(i.HAL_I2C_Slave_Receive_DMA), (268 bytes).
    Removing py32f0xx_hal_i2c.o(i.HAL_I2C_Slave_Receive_IT), (156 bytes).
    Removing py32f0xx_hal_i2c.o(i.HAL_I2C_Slave_Seq_Receive_DMA), (440 bytes).
    Removing py32f0xx_hal_i2c.o(i.HAL_I2C_Slave_Seq_Receive_IT), (164 bytes).
    Removing py32f0xx_hal_i2c.o(i.HAL_I2C_Slave_Seq_Transmit_DMA), (440 bytes).
    Removing py32f0xx_hal_i2c.o(i.HAL_I2C_Slave_Seq_Transmit_IT), (164 bytes).
    Removing py32f0xx_hal_i2c.o(i.HAL_I2C_Slave_Transmit), (380 bytes).
    Removing py32f0xx_hal_i2c.o(i.HAL_I2C_Slave_Transmit_DMA), (324 bytes).
    Removing py32f0xx_hal_i2c.o(i.HAL_I2C_Slave_Transmit_IT), (156 bytes).
    Removing py32f0xx_hal_i2c.o(i.I2C_ConvertOtherXferOptions), (32 bytes).
    Removing py32f0xx_hal_i2c.o(i.I2C_DMAAbort), (156 bytes).
    Removing py32f0xx_hal_i2c.o(i.I2C_DMAError), (62 bytes).
    Removing py32f0xx_hal_i2c.o(i.I2C_DMAXferCplt), (320 bytes).
    Removing py32f0xx_hal_i2c.o(i.I2C_ITError), (404 bytes).
    Removing py32f0xx_hal_i2c.o(i.I2C_IsAcknowledgeFailed), (66 bytes).
    Removing py32f0xx_hal_i2c.o(i.I2C_MasterReceive_BTF), (310 bytes).
    Removing py32f0xx_hal_i2c.o(i.I2C_MasterReceive_RXNE), (174 bytes).
    Removing py32f0xx_hal_i2c.o(i.I2C_MasterRequestRead), (144 bytes).
    Removing py32f0xx_hal_i2c.o(i.I2C_MasterRequestWrite), (128 bytes).
    Removing py32f0xx_hal_i2c.o(i.I2C_MasterTransmit_BTF), (172 bytes).
    Removing py32f0xx_hal_i2c.o(i.I2C_MasterTransmit_TXE), (352 bytes).
    Removing py32f0xx_hal_i2c.o(i.I2C_Master_ADD10), (52 bytes).
    Removing py32f0xx_hal_i2c.o(i.I2C_Master_ADDR), (616 bytes).
    Removing py32f0xx_hal_i2c.o(i.I2C_Master_SB), (116 bytes).
    Removing py32f0xx_hal_i2c.o(i.I2C_RequestMemoryRead), (340 bytes).
    Removing py32f0xx_hal_i2c.o(i.I2C_RequestMemoryWrite), (244 bytes).
    Removing py32f0xx_hal_i2c.o(i.I2C_SlaveReceive_BTF), (28 bytes).
    Removing py32f0xx_hal_i2c.o(i.I2C_SlaveReceive_RXNE), (76 bytes).
    Removing py32f0xx_hal_i2c.o(i.I2C_SlaveTransmit_BTF), (28 bytes).
    Removing py32f0xx_hal_i2c.o(i.I2C_SlaveTransmit_TXE), (76 bytes).
    Removing py32f0xx_hal_i2c.o(i.I2C_Slave_ADDR), (90 bytes).
    Removing py32f0xx_hal_i2c.o(i.I2C_Slave_AF), (168 bytes).
    Removing py32f0xx_hal_i2c.o(i.I2C_Slave_STOPF), (424 bytes).
    Removing py32f0xx_hal_i2c.o(i.I2C_WaitOnBTFFlagUntilTimeout), (100 bytes).
    Removing py32f0xx_hal_i2c.o(i.I2C_WaitOnFlagUntilTimeout), (130 bytes).
    Removing py32f0xx_hal_i2c.o(i.I2C_WaitOnMasterAddressFlagUntilTimeout), (204 bytes).
    Removing py32f0xx_hal_i2c.o(i.I2C_WaitOnRXNEFlagUntilTimeout), (132 bytes).
    Removing py32f0xx_hal_i2c.o(i.I2C_WaitOnSTOPFlagUntilTimeout), (94 bytes).
    Removing py32f0xx_hal_i2c.o(i.I2C_WaitOnTXEFlagUntilTimeout), (100 bytes).
    Removing py32f0xx_hal_spi.o(.rev16_text), (4 bytes).
    Removing py32f0xx_hal_spi.o(.revsh_text), (4 bytes).
    Removing py32f0xx_hal_spi.o(i.HAL_SPI_Abort), (472 bytes).
    Removing py32f0xx_hal_spi.o(i.HAL_SPI_AbortCpltCallback), (2 bytes).
    Removing py32f0xx_hal_spi.o(i.HAL_SPI_Abort_IT), (404 bytes).
    Removing py32f0xx_hal_spi.o(i.HAL_SPI_DMAPause), (50 bytes).
    Removing py32f0xx_hal_spi.o(i.HAL_SPI_DMAResume), (50 bytes).
    Removing py32f0xx_hal_spi.o(i.HAL_SPI_DMAStop), (80 bytes).
    Removing py32f0xx_hal_spi.o(i.HAL_SPI_DeInit), (58 bytes).
    Removing py32f0xx_hal_spi.o(i.HAL_SPI_ErrorCallback), (2 bytes).
    Removing py32f0xx_hal_spi.o(i.HAL_SPI_GetError), (6 bytes).
    Removing py32f0xx_hal_spi.o(i.HAL_SPI_GetState), (8 bytes).
    Removing py32f0xx_hal_spi.o(i.HAL_SPI_IRQHandler), (364 bytes).
    Removing py32f0xx_hal_spi.o(i.HAL_SPI_Init), (140 bytes).
    Removing py32f0xx_hal_spi.o(i.HAL_SPI_MspDeInit), (2 bytes).
    Removing py32f0xx_hal_spi.o(i.HAL_SPI_MspInit), (2 bytes).
    Removing py32f0xx_hal_spi.o(i.HAL_SPI_Receive), (458 bytes).
    Removing py32f0xx_hal_spi.o(i.HAL_SPI_Receive_DMA), (424 bytes).
    Removing py32f0xx_hal_spi.o(i.HAL_SPI_Receive_IT), (256 bytes).
    Removing py32f0xx_hal_spi.o(i.HAL_SPI_RxCpltCallback), (2 bytes).
    Removing py32f0xx_hal_spi.o(i.HAL_SPI_RxHalfCpltCallback), (2 bytes).
    Removing py32f0xx_hal_spi.o(i.HAL_SPI_Transmit), (450 bytes).
    Removing py32f0xx_hal_spi.o(i.HAL_SPI_TransmitReceive), (606 bytes).
    Removing py32f0xx_hal_spi.o(i.HAL_SPI_TransmitReceive_DMA), (588 bytes).
    Removing py32f0xx_hal_spi.o(i.HAL_SPI_TransmitReceive_IT), (264 bytes).
    Removing py32f0xx_hal_spi.o(i.HAL_SPI_Transmit_DMA), (348 bytes).
    Removing py32f0xx_hal_spi.o(i.HAL_SPI_Transmit_IT), (188 bytes).
    Removing py32f0xx_hal_spi.o(i.HAL_SPI_TxCpltCallback), (2 bytes).
    Removing py32f0xx_hal_spi.o(i.HAL_SPI_TxHalfCpltCallback), (2 bytes).
    Removing py32f0xx_hal_spi.o(i.HAL_SPI_TxRxCpltCallback), (2 bytes).
    Removing py32f0xx_hal_spi.o(i.HAL_SPI_TxRxHalfCpltCallback), (2 bytes).
    Removing py32f0xx_hal_spi.o(i.SPI_2linesRxISR_16BIT), (56 bytes).
    Removing py32f0xx_hal_spi.o(i.SPI_2linesRxISR_8BIT), (104 bytes).
    Removing py32f0xx_hal_spi.o(i.SPI_2linesTxISR_16BIT), (56 bytes).
    Removing py32f0xx_hal_spi.o(i.SPI_2linesTxISR_8BIT), (84 bytes).
    Removing py32f0xx_hal_spi.o(i.SPI_AbortRx_ISR), (164 bytes).
    Removing py32f0xx_hal_spi.o(i.SPI_AbortTx_ISR), (276 bytes).
    Removing py32f0xx_hal_spi.o(i.SPI_CloseRxTx_ISR), (100 bytes).
    Removing py32f0xx_hal_spi.o(i.SPI_CloseRx_ISR), (72 bytes).
    Removing py32f0xx_hal_spi.o(i.SPI_CloseTx_ISR), (98 bytes).
    Removing py32f0xx_hal_spi.o(i.SPI_DMAAbortOnError), (20 bytes).
    Removing py32f0xx_hal_spi.o(i.SPI_DMAError), (40 bytes).
    Removing py32f0xx_hal_spi.o(i.SPI_DMAHalfReceiveCplt), (14 bytes).
    Removing py32f0xx_hal_spi.o(i.SPI_DMAHalfTransmitCplt), (14 bytes).
    Removing py32f0xx_hal_spi.o(i.SPI_DMAHalfTransmitReceiveCplt), (14 bytes).
    Removing py32f0xx_hal_spi.o(i.SPI_DMAReceiveCplt), (128 bytes).
    Removing py32f0xx_hal_spi.o(i.SPI_DMARxAbortCallback), (180 bytes).
    Removing py32f0xx_hal_spi.o(i.SPI_DMATransmitCplt), (128 bytes).
    Removing py32f0xx_hal_spi.o(i.SPI_DMATransmitReceiveCplt), (104 bytes).
    Removing py32f0xx_hal_spi.o(i.SPI_DMATxAbortCallback), (176 bytes).
    Removing py32f0xx_hal_spi.o(i.SPI_EndRxTransaction), (142 bytes).
    Removing py32f0xx_hal_spi.o(i.SPI_EndRxTxTransaction), (106 bytes).
    Removing py32f0xx_hal_spi.o(i.SPI_RxISR_16BIT), (38 bytes).
    Removing py32f0xx_hal_spi.o(i.SPI_RxISR_8BIT), (38 bytes).
    Removing py32f0xx_hal_spi.o(i.SPI_TxISR_16BIT), (38 bytes).
    Removing py32f0xx_hal_spi.o(i.SPI_TxISR_8BIT), (38 bytes).
    Removing py32f0xx_hal_spi.o(i.SPI_WaitFifoStateUntilTimeout), (212 bytes).
    Removing py32f0xx_hal_spi.o(i.SPI_WaitFlagStateUntilTimeout), (180 bytes).
    Removing event_groups.o(i.prvTestWaitCondition), (34 bytes).
    Removing event_groups.o(i.vEventGroupClearBitsCallback), (16 bytes).
    Removing event_groups.o(i.vEventGroupDelete), (78 bytes).
    Removing event_groups.o(i.vEventGroupSetBitsCallback), (16 bytes).
    Removing event_groups.o(i.xEventGroupClearBits), (62 bytes).
    Removing event_groups.o(i.xEventGroupCreate), (28 bytes).
    Removing event_groups.o(i.xEventGroupGetBitsFromISR), (24 bytes).
    Removing event_groups.o(i.xEventGroupSetBits), (200 bytes).
    Removing event_groups.o(i.xEventGroupSync), (238 bytes).
    Removing event_groups.o(i.xEventGroupWaitBits), (292 bytes).
    Removing queue.o(i.prvCopyDataFromQueue), (44 bytes).
    Removing queue.o(i.prvCopyDataToQueue), (108 bytes).
    Removing queue.o(i.prvInitialiseNewQueue), (34 bytes).
    Removing queue.o(i.prvIsQueueEmpty), (28 bytes).
    Removing queue.o(i.prvIsQueueFull), (30 bytes).
    Removing queue.o(i.prvUnlockQueue), (142 bytes).
    Removing queue.o(i.uxQueueGetQueueItemSize), (6 bytes).
    Removing queue.o(i.uxQueueGetQueueLength), (6 bytes).
    Removing queue.o(i.uxQueueMessagesWaiting), (28 bytes).
    Removing queue.o(i.uxQueueMessagesWaitingFromISR), (18 bytes).
    Removing queue.o(i.uxQueueSpacesAvailable), (34 bytes).
    Removing queue.o(i.vQueueDelete), (24 bytes).
    Removing queue.o(i.xQueueGenericCreate), (98 bytes).
    Removing queue.o(i.xQueueGenericReset), (182 bytes).
    Removing queue.o(i.xQueueGenericSend), (346 bytes).
    Removing queue.o(i.xQueueGenericSendFromISR), (224 bytes).
    Removing queue.o(i.xQueueGiveFromISR), (208 bytes).
    Removing queue.o(i.xQueueIsQueueEmptyFromISR), (28 bytes).
    Removing queue.o(i.xQueueIsQueueFullFromISR), (32 bytes).
    Removing queue.o(i.xQueuePeek), (316 bytes).
    Removing queue.o(i.xQueuePeekFromISR), (108 bytes).
    Removing queue.o(i.xQueueReceive), (312 bytes).
    Removing queue.o(i.xQueueReceiveFromISR), (192 bytes).
    Removing queue.o(i.xQueueSemaphoreTake), (292 bytes).
    Removing stream_buffer.o(i.prvBytesInBuffer), (24 bytes).
    Removing stream_buffer.o(i.prvInitialiseNewStreamBuffer), (64 bytes).
    Removing stream_buffer.o(i.prvReadBytesFromBuffer), (138 bytes).
    Removing stream_buffer.o(i.prvReadMessageFromBuffer), (90 bytes).
    Removing stream_buffer.o(i.prvWriteBytesToBuffer), (142 bytes).
    Removing stream_buffer.o(i.prvWriteMessageToBuffer), (108 bytes).
    Removing stream_buffer.o(i.uxStreamBufferGetStreamBufferNotificationIndex), (18 bytes).
    Removing stream_buffer.o(i.vStreamBufferDelete), (44 bytes).
    Removing stream_buffer.o(i.vStreamBufferSetStreamBufferNotificationIndex), (82 bytes).
    Removing stream_buffer.o(i.xStreamBufferBytesAvailable), (28 bytes).
    Removing stream_buffer.o(i.xStreamBufferGenericCreate), (168 bytes).
    Removing stream_buffer.o(i.xStreamBufferIsEmpty), (32 bytes).
    Removing stream_buffer.o(i.xStreamBufferIsFull), (52 bytes).
    Removing stream_buffer.o(i.xStreamBufferNextMessageLengthBytes), (84 bytes).
    Removing stream_buffer.o(i.xStreamBufferReceive), (240 bytes).
    Removing stream_buffer.o(i.xStreamBufferReceiveCompletedFromISR), (68 bytes).
    Removing stream_buffer.o(i.xStreamBufferReceiveFromISR), (136 bytes).
    Removing stream_buffer.o(i.xStreamBufferReset), (74 bytes).
    Removing stream_buffer.o(i.xStreamBufferResetFromISR), (82 bytes).
    Removing stream_buffer.o(i.xStreamBufferSend), (296 bytes).
    Removing stream_buffer.o(i.xStreamBufferSendCompletedFromISR), (68 bytes).
    Removing stream_buffer.o(i.xStreamBufferSendFromISR), (146 bytes).
    Removing stream_buffer.o(i.xStreamBufferSetTriggerLevel), (38 bytes).
    Removing stream_buffer.o(i.xStreamBufferSpacesAvailable), (50 bytes).
    Removing tasks.o(i.pcTaskGetName), (36 bytes).
    Removing tasks.o(i.ulTaskGenericNotifyTake), (184 bytes).
    Removing tasks.o(i.ulTaskGenericNotifyValueClear), (88 bytes).
    Removing tasks.o(i.uxTaskGetNumberOfTasks), (12 bytes).
    Removing tasks.o(i.uxTaskResetEventItemValue), (28 bytes).
    Removing tasks.o(i.vTaskEndScheduler), (48 bytes).
    Removing tasks.o(i.vTaskGenericNotifyGiveFromISR), (336 bytes).
    Removing tasks.o(i.vTaskInternalSetTimeOutState), (24 bytes).
    Removing tasks.o(i.vTaskMissedYield), (12 bytes).
    Removing tasks.o(i.vTaskPlaceOnEventList), (44 bytes).
    Removing tasks.o(i.vTaskPlaceOnUnorderedEventList), (124 bytes).
    Removing tasks.o(i.vTaskRemoveFromUnorderedEventList), (256 bytes).
    Removing tasks.o(i.vTaskResetState), (116 bytes).
    Removing tasks.o(i.vTaskSetTimeOutState), (44 bytes).
    Removing tasks.o(i.xTaskCatchUpTicks), (68 bytes).
    Removing tasks.o(i.xTaskCheckForTimeOut), (108 bytes).
    Removing tasks.o(i.xTaskGenericNotify), (404 bytes).
    Removing tasks.o(i.xTaskGenericNotifyFromISR), (464 bytes).
    Removing tasks.o(i.xTaskGenericNotifyStateClear), (80 bytes).
    Removing tasks.o(i.xTaskGenericNotifyWait), (208 bytes).
    Removing tasks.o(i.xTaskGetCurrentTaskHandle), (12 bytes).
    Removing tasks.o(i.xTaskGetCurrentTaskHandleForCore), (32 bytes).
    Removing tasks.o(i.xTaskGetTickCount), (12 bytes).
    Removing tasks.o(i.xTaskGetTickCountFromISR), (12 bytes).
    Removing tasks.o(i.xTaskRemoveFromEventList), (284 bytes).
    Removing heap_4.o(i.pvPortCalloc), (66 bytes).
    Removing heap_4.o(i.vPortGetHeapStats), (128 bytes).
    Removing heap_4.o(i.vPortHeapResetState), (44 bytes).
    Removing heap_4.o(i.vPortInitialiseBlocks), (2 bytes).
    Removing heap_4.o(i.xPortGetFreeHeapSize), (12 bytes).
    Removing heap_4.o(i.xPortGetMinimumEverFreeHeapSize), (12 bytes).
    Removing port.o(i.vPortEndScheduler), (36 bytes).
    Removing py32f0xx_hal_rcc.o(i.__ARM_common_switch8), (28 bytes).

421 unused section(s) (total 48440 bytes) removed from the image.

==============================================================================

Image Symbol Table

    Local Symbols

    Symbol Name                              Value     Ov Type        Size  Object(Section)

    ../clib/../cmprslib/zerorunl.c           0x00000000   Number         0  __dczerorl.o ABSOLUTE
    ../clib/microlib/division.c              0x00000000   Number         0  uidiv.o ABSOLUTE
    ../clib/microlib/init/entry.s            0x00000000   Number         0  entry8a.o ABSOLUTE
    ../clib/microlib/init/entry.s            0x00000000   Number         0  entry8b.o ABSOLUTE
    ../clib/microlib/init/entry.s            0x00000000   Number         0  entry9a.o ABSOLUTE
    ../clib/microlib/init/entry.s            0x00000000   Number         0  entry9b.o ABSOLUTE
    ../clib/microlib/init/entry.s            0x00000000   Number         0  entry10a.o ABSOLUTE
    ../clib/microlib/init/entry.s            0x00000000   Number         0  entry10b.o ABSOLUTE
    ../clib/microlib/init/entry.s            0x00000000   Number         0  entry.o ABSOLUTE
    ../clib/microlib/init/entry.s            0x00000000   Number         0  entry11a.o ABSOLUTE
    ../clib/microlib/init/entry.s            0x00000000   Number         0  entry11b.o ABSOLUTE
    ../clib/microlib/init/entry.s            0x00000000   Number         0  entry2.o ABSOLUTE
    ../clib/microlib/init/entry.s            0x00000000   Number         0  entry5.o ABSOLUTE
    ../clib/microlib/init/entry.s            0x00000000   Number         0  entry7a.o ABSOLUTE
    ../clib/microlib/init/entry.s            0x00000000   Number         0  entry7b.o ABSOLUTE
    ../clib/microlib/string/memcpy.c         0x00000000   Number         0  memcpya.o ABSOLUTE
    ../clib/microlib/string/memcpy.c         0x00000000   Number         0  memcpyb.o ABSOLUTE
    ../clib/microlib/string/memset.c         0x00000000   Number         0  memseta.o ABSOLUTE
    ../clib/microlib/string/memset.c         0x00000000   Number         0  memset.o ABSOLUTE
    ..\Drivers\PY32F0xx_HAL_Driver\Src\py32f0xx_hal.c 0x00000000   Number         0  py32f0xx_hal.o ABSOLUTE
    ..\Drivers\PY32F0xx_HAL_Driver\Src\py32f0xx_hal_cortex.c 0x00000000   Number         0  py32f0xx_hal_cortex.o ABSOLUTE
    ..\Drivers\PY32F0xx_HAL_Driver\Src\py32f0xx_hal_dma.c 0x00000000   Number         0  py32f0xx_hal_dma.o ABSOLUTE
    ..\Drivers\PY32F0xx_HAL_Driver\Src\py32f0xx_hal_flash.c 0x00000000   Number         0  py32f0xx_hal_flash.o ABSOLUTE
    ..\Drivers\PY32F0xx_HAL_Driver\Src\py32f0xx_hal_gpio.c 0x00000000   Number         0  py32f0xx_hal_gpio.o ABSOLUTE
    ..\Drivers\PY32F0xx_HAL_Driver\Src\py32f0xx_hal_i2c.c 0x00000000   Number         0  py32f0xx_hal_i2c.o ABSOLUTE
    ..\Drivers\PY32F0xx_HAL_Driver\Src\py32f0xx_hal_pwr.c 0x00000000   Number         0  py32f0xx_hal_pwr.o ABSOLUTE
    ..\Drivers\PY32F0xx_HAL_Driver\Src\py32f0xx_hal_rcc.c 0x00000000   Number         0  py32f0xx_hal_rcc.o ABSOLUTE
    ..\Drivers\PY32F0xx_HAL_Driver\Src\py32f0xx_hal_rcc_ex.c 0x00000000   Number         0  py32f0xx_hal_rcc_ex.o ABSOLUTE
    ..\Drivers\PY32F0xx_HAL_Driver\Src\py32f0xx_hal_spi.c 0x00000000   Number         0  py32f0xx_hal_spi.o ABSOLUTE
    ..\Drivers\PY32F0xx_HAL_Driver\Src\py32f0xx_hal_uart.c 0x00000000   Number         0  py32f0xx_hal_uart.o ABSOLUTE
    ..\Firmware\Src\RS485.c                  0x00000000   Number         0  rs485.o ABSOLUTE
    ..\Firmware\Src\usart2_echo.c            0x00000000   Number         0  usart2_echo.o ABSOLUTE
    ..\FreeRTOS\croutine.c                   0x00000000   Number         0  croutine.o ABSOLUTE
    ..\FreeRTOS\event_groups.c               0x00000000   Number         0  event_groups.o ABSOLUTE
    ..\FreeRTOS\list.c                       0x00000000   Number         0  list.o ABSOLUTE
    ..\FreeRTOS\portable\MemMang\heap_4.c    0x00000000   Number         0  heap_4.o ABSOLUTE
    ..\FreeRTOS\portable\RVDS\ARM_CM0\port.c 0x00000000   Number         0  port.o ABSOLUTE
    ..\FreeRTOS\queue.c                      0x00000000   Number         0  queue.o ABSOLUTE
    ..\FreeRTOS\stream_buffer.c              0x00000000   Number         0  stream_buffer.o ABSOLUTE
    ..\FreeRTOS\tasks.c                      0x00000000   Number         0  tasks.o ABSOLUTE
    ..\FreeRTOS\timers.c                     0x00000000   Number         0  timers.o ABSOLUTE
    ..\User\Src\main.c                       0x00000000   Number         0  main.o ABSOLUTE
    ..\User\Src\py32f0xx_hal_msp.c           0x00000000   Number         0  py32f0xx_hal_msp.o ABSOLUTE
    ..\User\Src\py32f0xx_it.c                0x00000000   Number         0  py32f0xx_it.o ABSOLUTE
    ..\User\Src\system_py32f0xx.c            0x00000000   Number         0  system_py32f0xx.o ABSOLUTE
    ..\\Drivers\\PY32F0xx_HAL_Driver\\Src\\py32f0xx_hal.c 0x00000000   Number         0  py32f0xx_hal.o ABSOLUTE
    ..\\Drivers\\PY32F0xx_HAL_Driver\\Src\\py32f0xx_hal_cortex.c 0x00000000   Number         0  py32f0xx_hal_cortex.o ABSOLUTE
    ..\\Drivers\\PY32F0xx_HAL_Driver\\Src\\py32f0xx_hal_dma.c 0x00000000   Number         0  py32f0xx_hal_dma.o ABSOLUTE
    ..\\Drivers\\PY32F0xx_HAL_Driver\\Src\\py32f0xx_hal_flash.c 0x00000000   Number         0  py32f0xx_hal_flash.o ABSOLUTE
    ..\\Drivers\\PY32F0xx_HAL_Driver\\Src\\py32f0xx_hal_gpio.c 0x00000000   Number         0  py32f0xx_hal_gpio.o ABSOLUTE
    ..\\Drivers\\PY32F0xx_HAL_Driver\\Src\\py32f0xx_hal_i2c.c 0x00000000   Number         0  py32f0xx_hal_i2c.o ABSOLUTE
    ..\\Drivers\\PY32F0xx_HAL_Driver\\Src\\py32f0xx_hal_pwr.c 0x00000000   Number         0  py32f0xx_hal_pwr.o ABSOLUTE
    ..\\Drivers\\PY32F0xx_HAL_Driver\\Src\\py32f0xx_hal_rcc.c 0x00000000   Number         0  py32f0xx_hal_rcc.o ABSOLUTE
    ..\\Drivers\\PY32F0xx_HAL_Driver\\Src\\py32f0xx_hal_rcc_ex.c 0x00000000   Number         0  py32f0xx_hal_rcc_ex.o ABSOLUTE
    ..\\Drivers\\PY32F0xx_HAL_Driver\\Src\\py32f0xx_hal_spi.c 0x00000000   Number         0  py32f0xx_hal_spi.o ABSOLUTE
    ..\\Drivers\\PY32F0xx_HAL_Driver\\Src\\py32f0xx_hal_uart.c 0x00000000   Number         0  py32f0xx_hal_uart.o ABSOLUTE
    ..\\Firmware\\Src\\RS485.c               0x00000000   Number         0  rs485.o ABSOLUTE
    ..\\Firmware\\Src\\usart2_echo.c         0x00000000   Number         0  usart2_echo.o ABSOLUTE
    ..\\FreeRTOS\\portable\\RVDS\\ARM_CM0\\port.c 0x00000000   Number         0  port.o ABSOLUTE
    ..\\User\\Src\\main.c                    0x00000000   Number         0  main.o ABSOLUTE
    ..\\User\\Src\\py32f0xx_hal_msp.c        0x00000000   Number         0  py32f0xx_hal_msp.o ABSOLUTE
    ..\\User\\Src\\py32f0xx_it.c             0x00000000   Number         0  py32f0xx_it.o ABSOLUTE
    ..\\User\\Src\\system_py32f0xx.c         0x00000000   Number         0  system_py32f0xx.o ABSOLUTE
    dc.s                                     0x00000000   Number         0  dc.o ABSOLUTE
    handlers.s                               0x00000000   Number         0  handlers.o ABSOLUTE
    init.s                                   0x00000000   Number         0  init.o ABSOLUTE
    startup_py32f003xx.s                     0x00000000   Number         0  startup_py32f003xx.o ABSOLUTE
    RESET                                    0x08000000   Section      192  startup_py32f003xx.o(RESET)
    .ARM.Collect$$$$00000000                 0x080000c0   Section        0  entry.o(.ARM.Collect$$$$00000000)
    .ARM.Collect$$$$00000001                 0x080000c0   Section        4  entry2.o(.ARM.Collect$$$$00000001)
    .ARM.Collect$$$$00000004                 0x080000c4   Section        4  entry5.o(.ARM.Collect$$$$00000004)
    .ARM.Collect$$$$00000008                 0x080000c8   Section        0  entry7b.o(.ARM.Collect$$$$00000008)
    .ARM.Collect$$$$0000000A                 0x080000c8   Section        0  entry8b.o(.ARM.Collect$$$$0000000A)
    .ARM.Collect$$$$0000000B                 0x080000c8   Section        8  entry9a.o(.ARM.Collect$$$$0000000B)
    .ARM.Collect$$$$0000000D                 0x080000d0   Section        0  entry10a.o(.ARM.Collect$$$$0000000D)
    .ARM.Collect$$$$0000000F                 0x080000d0   Section        0  entry11a.o(.ARM.Collect$$$$0000000F)
    .ARM.Collect$$$$00002712                 0x080000d0   Section        4  entry2.o(.ARM.Collect$$$$00002712)
    __lit__00000000                          0x080000d0   Data           4  entry2.o(.ARM.Collect$$$$00002712)
    .emb_text                                0x080000d4   Section      120  port.o(.emb_text)
    .text                                    0x0800014c   Section       28  startup_py32f003xx.o(.text)
    .text                                    0x08000168   Section        0  uidiv.o(.text)
    .text                                    0x08000194   Section        0  memseta.o(.text)
    .text                                    0x080001b8   Section       36  init.o(.text)
    .text                                    0x080001dc   Section        0  __dczerorl.o(.text)
    i.$Sub$$main                             0x08000218   Section        0  system_py32f0xx.o(i.$Sub$$main)
    i.ADC_COMP_IRQHandler                    0x0800024c   Section        0  py32f0xx_it.o(i.ADC_COMP_IRQHandler)
    i.DMA1_Channel1_IRQHandler               0x0800024e   Section        0  py32f0xx_it.o(i.DMA1_Channel1_IRQHandler)
    i.DMA1_Channel2_3_IRQHandler             0x08000250   Section        0  py32f0xx_it.o(i.DMA1_Channel2_3_IRQHandler)
    i.EXTI0_1_IRQHandler                     0x08000252   Section        0  py32f0xx_it.o(i.EXTI0_1_IRQHandler)
    i.EXTI2_3_IRQHandler                     0x08000254   Section        0  py32f0xx_it.o(i.EXTI2_3_IRQHandler)
    i.EXTI4_15_IRQHandler                    0x08000256   Section        0  py32f0xx_it.o(i.EXTI4_15_IRQHandler)
    i.Error_Handler                          0x08000258   Section        0  main.o(i.Error_Handler)
    i.FLASH_IRQHandler                       0x0800025c   Section        0  py32f0xx_it.o(i.FLASH_IRQHandler)
    i.GPIO_Config                            0x08000260   Section        0  usart2_echo.o(i.GPIO_Config)
    GPIO_Config                              0x08000261   Thumb Code    66  usart2_echo.o(i.GPIO_Config)
    i.GPIO_LED_Config                        0x080002a8   Section        0  main.o(i.GPIO_LED_Config)
    i.HAL_GPIO_Init                          0x080002ec   Section        0  py32f0xx_hal_gpio.o(i.HAL_GPIO_Init)
    i.HAL_GPIO_TogglePin                     0x080004a0   Section        0  py32f0xx_hal_gpio.o(i.HAL_GPIO_TogglePin)
    i.HAL_GetTick                            0x080004b0   Section        0  py32f0xx_hal.o(i.HAL_GetTick)
    i.HAL_IncTick                            0x080004bc   Section        0  py32f0xx_hal.o(i.HAL_IncTick)
    i.HAL_Init                               0x080004d4   Section        0  py32f0xx_hal.o(i.HAL_Init)
    i.HAL_InitTick                           0x080004f0   Section        0  py32f0xx_hal.o(i.HAL_InitTick)
    i.HAL_MspInit                            0x08000550   Section        0  py32f0xx_hal_msp.o(i.HAL_MspInit)
    i.HAL_NVIC_EnableIRQ                     0x08000554   Section        0  py32f0xx_hal_cortex.o(i.HAL_NVIC_EnableIRQ)
    i.HAL_NVIC_SetPriority                   0x0800056c   Section        0  py32f0xx_hal_cortex.o(i.HAL_NVIC_SetPriority)
    i.HAL_RCC_GetHCLKFreq                    0x08000580   Section        0  py32f0xx_hal_rcc.o(i.HAL_RCC_GetHCLKFreq)
    i.HAL_RCC_GetPCLK1Freq                   0x0800058c   Section        0  py32f0xx_hal_rcc.o(i.HAL_RCC_GetPCLK1Freq)
    i.HAL_SYSTICK_Config                     0x080005b4   Section        0  py32f0xx_hal_cortex.o(i.HAL_SYSTICK_Config)
    i.HAL_UART_Init                          0x080005ec   Section        0  py32f0xx_hal_uart.o(i.HAL_UART_Init)
    i.HAL_UART_MspInit                       0x08000676   Section        0  py32f0xx_hal_uart.o(i.HAL_UART_MspInit)
    i.HAL_UART_Transmit                      0x08000678   Section        0  py32f0xx_hal_uart.o(i.HAL_UART_Transmit)
    i.HardFault_Handler                      0x08000776   Section        0  py32f0xx_it.o(i.HardFault_Handler)
    i.I2C1_IRQHandler                        0x0800077a   Section        0  py32f0xx_it.o(i.I2C1_IRQHandler)
    i.NMI_Handler                            0x0800077c   Section        0  py32f0xx_it.o(i.NMI_Handler)
    i.NVIC_SetPriority                       0x08000780   Section        0  py32f0xx_hal_cortex.o(i.NVIC_SetPriority)
    NVIC_SetPriority                         0x08000781   Thumb Code   110  py32f0xx_hal_cortex.o(i.NVIC_SetPriority)
    i.PVD_IRQHandler                         0x080007f8   Section        0  py32f0xx_it.o(i.PVD_IRQHandler)
    i.PendSV_Handler                         0x080007fa   Section        0  py32f0xx_it.o(i.PendSV_Handler)
    i.RCC_IRQHandler                         0x08000802   Section        0  py32f0xx_it.o(i.RCC_IRQHandler)
    i.RTC_IRQHandler                         0x08000804   Section        0  py32f0xx_it.o(i.RTC_IRQHandler)
    i.SPI1_IRQHandler                        0x08000806   Section        0  py32f0xx_it.o(i.SPI1_IRQHandler)
    i.SVC_Handler                            0x08000808   Section        0  py32f0xx_it.o(i.SVC_Handler)
    i.SysTick_Handler                        0x08000810   Section        0  py32f0xx_it.o(i.SysTick_Handler)
    i.SystemInit                             0x08000824   Section        0  system_py32f0xx.o(i.SystemInit)
    i.TIM14_IRQHandler                       0x08000850   Section        0  py32f0xx_it.o(i.TIM14_IRQHandler)
    i.TIM16_IRQHandler                       0x08000852   Section        0  py32f0xx_it.o(i.TIM16_IRQHandler)
    i.TIM17_IRQHandler                       0x08000854   Section        0  py32f0xx_it.o(i.TIM17_IRQHandler)
    i.TIM1_BRK_UP_TRG_COM_IRQHandler         0x08000856   Section        0  py32f0xx_it.o(i.TIM1_BRK_UP_TRG_COM_IRQHandler)
    i.TIM1_CC_IRQHandler                     0x08000858   Section        0  py32f0xx_it.o(i.TIM1_CC_IRQHandler)
    i.TIM3_IRQHandler                        0x0800085a   Section        0  py32f0xx_it.o(i.TIM3_IRQHandler)
    i.UART_AdvFeatureConfig                  0x0800085c   Section        0  py32f0xx_hal_uart.o(i.UART_AdvFeatureConfig)
    UART_AdvFeatureConfig                    0x0800085d   Thumb Code    56  py32f0xx_hal_uart.o(i.UART_AdvFeatureConfig)
    i.UART_SetConfig                         0x08000894   Section        0  py32f0xx_hal_uart.o(i.UART_SetConfig)
    UART_SetConfig                           0x08000895   Thumb Code   414  py32f0xx_hal_uart.o(i.UART_SetConfig)
    i.UART_WaitOnFlagUntilTimeout            0x08000a38   Section        0  py32f0xx_hal_uart.o(i.UART_WaitOnFlagUntilTimeout)
    UART_WaitOnFlagUntilTimeout              0x08000a39   Thumb Code   112  py32f0xx_hal_uart.o(i.UART_WaitOnFlagUntilTimeout)
    i.USART2_Config                          0x08000aa8   Section        0  usart2_echo.o(i.USART2_Config)
    USART2_Config                            0x08000aa9   Thumb Code   124  usart2_echo.o(i.USART2_Config)
    i.USART2_Echo_Init                       0x08000b30   Section        0  usart2_echo.o(i.USART2_Echo_Init)
    i.USART2_Echo_Task                       0x08000b3c   Section        0  usart2_echo.o(i.USART2_Echo_Task)
    i.USART2_IRQHandler                      0x08000ba0   Section        0  py32f0xx_it.o(i.USART2_IRQHandler)
    i.USART2_ISR                             0x08000ba8   Section        0  usart2_echo.o(i.USART2_ISR)
    i.USART2_Send                            0x08000c24   Section        0  usart2_echo.o(i.USART2_Send)
    i.WWDG_IRQHandler                        0x08000c40   Section        0  py32f0xx_it.o(i.WWDG_IRQHandler)
    i.__scatterload_copy                     0x08000c42   Section       14  handlers.o(i.__scatterload_copy)
    i.__scatterload_null                     0x08000c50   Section        2  handlers.o(i.__scatterload_null)
    i.__scatterload_zeroinit                 0x08000c52   Section       14  handlers.o(i.__scatterload_zeroinit)
    i.led_task                               0x08000c60   Section        0  main.o(i.led_task)
    led_task                                 0x08000c61   Thumb Code    22  main.o(i.led_task)
    i.main                                   0x08000c78   Section        0  main.o(i.main)
    i.prvAddCurrentTaskToDelayedList         0x08000cc0   Section        0  tasks.o(i.prvAddCurrentTaskToDelayedList)
    prvAddCurrentTaskToDelayedList           0x08000cc1   Thumb Code    80  tasks.o(i.prvAddCurrentTaskToDelayedList)
    i.prvAddNewTaskToReadyList               0x08000d24   Section        0  tasks.o(i.prvAddNewTaskToReadyList)
    prvAddNewTaskToReadyList                 0x08000d25   Thumb Code   200  tasks.o(i.prvAddNewTaskToReadyList)
    i.prvCheckTasksWaitingTermination        0x08000e04   Section        0  tasks.o(i.prvCheckTasksWaitingTermination)
    prvCheckTasksWaitingTermination          0x08000e05   Thumb Code    60  tasks.o(i.prvCheckTasksWaitingTermination)
    i.prvCreateIdleTasks                     0x08000e4c   Section        0  tasks.o(i.prvCreateIdleTasks)
    prvCreateIdleTasks                       0x08000e4d   Thumb Code    90  tasks.o(i.prvCreateIdleTasks)
    i.prvCreateTask                          0x08000eb8   Section        0  tasks.o(i.prvCreateTask)
    prvCreateTask                            0x08000eb9   Thumb Code    88  tasks.o(i.prvCreateTask)
    i.prvDeleteTCB                           0x08000f10   Section        0  tasks.o(i.prvDeleteTCB)
    prvDeleteTCB                             0x08000f11   Thumb Code    18  tasks.o(i.prvDeleteTCB)
    i.prvHeapInit                            0x08000f24   Section        0  heap_4.o(i.prvHeapInit)
    prvHeapInit                              0x08000f25   Thumb Code    90  heap_4.o(i.prvHeapInit)
    i.prvIdleTask                            0x08000f94   Section        0  tasks.o(i.prvIdleTask)
    prvIdleTask                              0x08000f95   Thumb Code    20  tasks.o(i.prvIdleTask)
    i.prvInitialiseNewTask                   0x08000fac   Section        0  tasks.o(i.prvInitialiseNewTask)
    prvInitialiseNewTask                     0x08000fad   Thumb Code   184  tasks.o(i.prvInitialiseNewTask)
    i.prvInitialiseTaskLists                 0x08001064   Section        0  tasks.o(i.prvInitialiseTaskLists)
    prvInitialiseTaskLists                   0x08001065   Thumb Code    62  tasks.o(i.prvInitialiseTaskLists)
    i.prvInsertBlockIntoFreeList             0x080010c0   Section        0  heap_4.o(i.prvInsertBlockIntoFreeList)
    prvInsertBlockIntoFreeList               0x080010c1   Thumb Code   130  heap_4.o(i.prvInsertBlockIntoFreeList)
    i.prvResetNextTaskUnblockTime            0x08001154   Section        0  tasks.o(i.prvResetNextTaskUnblockTime)
    prvResetNextTaskUnblockTime              0x08001155   Thumb Code    44  tasks.o(i.prvResetNextTaskUnblockTime)
    i.prvTaskExitError                       0x08001188   Section        0  port.o(i.prvTaskExitError)
    prvTaskExitError                         0x08001189   Thumb Code    32  port.o(i.prvTaskExitError)
    i.pvPortMalloc                           0x080011ac   Section        0  heap_4.o(i.pvPortMalloc)
    i.pxPortInitialiseStack                  0x08001374   Section        0  port.o(i.pxPortInitialiseStack)
    i.start_task                             0x08001394   Section        0  main.o(i.start_task)
    start_task                               0x08001395   Thumb Code    68  main.o(i.start_task)
    i.usart_task                             0x08001400   Section        0  main.o(i.usart_task)
    usart_task                               0x08001401   Thumb Code    14  main.o(i.usart_task)
    i.uxListRemove                           0x0800140e   Section        0  list.o(i.uxListRemove)
    i.vApplicationMallocFailedHook           0x08001436   Section        0  main.o(i.vApplicationMallocFailedHook)
    i.vApplicationStackOverflowHook          0x0800143c   Section        0  main.o(i.vApplicationStackOverflowHook)
    i.vListInitialise                        0x08001442   Section        0  list.o(i.vListInitialise)
    i.vListInitialiseItem                    0x0800145c   Section        0  list.o(i.vListInitialiseItem)
    i.vListInsert                            0x08001462   Section        0  list.o(i.vListInsert)
    i.vListInsertEnd                         0x08001498   Section        0  list.o(i.vListInsertEnd)
    i.vPortEnterCritical                     0x080014b0   Section        0  port.o(i.vPortEnterCritical)
    i.vPortExitCritical                      0x080014cc   Section        0  port.o(i.vPortExitCritical)
    i.vPortFree                              0x080014f4   Section        0  heap_4.o(i.vPortFree)
    i.vPortSVCHandler                        0x08001590   Section        0  port.o(i.vPortSVCHandler)
    i.vPortSetupTimerInterrupt               0x08001594   Section        0  port.o(i.vPortSetupTimerInterrupt)
    i.vPortYield                             0x080015b0   Section        0  port.o(i.vPortYield)
    i.vTaskDelay                             0x080015c8   Section        0  tasks.o(i.vTaskDelay)
    i.vTaskDelete                            0x08001608   Section        0  tasks.o(i.vTaskDelete)
    i.vTaskStartScheduler                    0x080016d8   Section        0  tasks.o(i.vTaskStartScheduler)
    i.vTaskSuspendAll                        0x0800172c   Section        0  tasks.o(i.vTaskSuspendAll)
    i.vTaskSwitchContext                     0x0800173c   Section        0  tasks.o(i.vTaskSwitchContext)
    i.xPortStartScheduler                    0x08001804   Section        0  port.o(i.xPortStartScheduler)
    i.xPortSysTickHandler                    0x0800183c   Section        0  port.o(i.xPortSysTickHandler)
    i.xTaskCreate                            0x08001860   Section        0  tasks.o(i.xTaskCreate)
    i.xTaskGetSchedulerState                 0x08001894   Section        0  tasks.o(i.xTaskGetSchedulerState)
    i.xTaskIncrementTick                     0x080018b8   Section        0  tasks.o(i.xTaskIncrementTick)
    i.xTaskResumeAll                         0x08001a74   Section        0  tasks.o(i.xTaskResumeAll)
    .constdata                               0x08001bfc   Section      128  system_py32f0xx.o(.constdata)
    .ARM.__at_0x20000000                     0x20000000   Section      192  system_py32f0xx.o(.ARM.__at_0x20000000)
    .data                                    0x200000c0   Section        4  system_py32f0xx.o(.data)
    .data                                    0x200000c4   Section       12  main.o(.data)
    StartTask_Handler                        0x200000c4   Data           4  main.o(.data)
    LedTask_Handler                          0x200000c8   Data           4  main.o(.data)
    Usart1_Handler                           0x200000cc   Data           4  main.o(.data)
    .data                                    0x200000d0   Section        8  usart2_echo.o(.data)
    last_rx_tick2                            0x200000d4   Data           4  usart2_echo.o(.data)
    .data                                    0x200000d8   Section       12  py32f0xx_hal.o(.data)
    .data                                    0x200000e4   Section       64  tasks.o(.data)
    pxDelayedTaskList                        0x200000e8   Data           4  tasks.o(.data)
    pxOverflowDelayedTaskList                0x200000ec   Data           4  tasks.o(.data)
    uxDeletedTasksWaitingCleanUp             0x200000f0   Data           4  tasks.o(.data)
    uxCurrentNumberOfTasks                   0x200000f4   Data           4  tasks.o(.data)
    xTickCount                               0x200000f8   Data           4  tasks.o(.data)
    uxTopReadyPriority                       0x200000fc   Data           4  tasks.o(.data)
    xSchedulerRunning                        0x20000100   Data           4  tasks.o(.data)
    xPendedTicks                             0x20000104   Data           4  tasks.o(.data)
    xYieldPendings                           0x20000108   Data           4  tasks.o(.data)
    xNumOfOverflows                          0x2000010c   Data           4  tasks.o(.data)
    uxTaskNumber                             0x20000110   Data           4  tasks.o(.data)
    xNextTaskUnblockTime                     0x20000114   Data           4  tasks.o(.data)
    xIdleTaskHandles                         0x20000118   Data           4  tasks.o(.data)
    uxTopUsedPriority                        0x2000011c   Data           4  tasks.o(.data)
    uxSchedulerSuspended                     0x20000120   Data           4  tasks.o(.data)
    .data                                    0x20000124   Section       28  heap_4.o(.data)
    xStart                                   0x20000124   Data           8  heap_4.o(.data)
    pxEnd                                    0x2000012c   Data           4  heap_4.o(.data)
    xFreeBytesRemaining                      0x20000130   Data           4  heap_4.o(.data)
    xMinimumEverFreeBytesRemaining           0x20000134   Data           4  heap_4.o(.data)
    xNumberOfSuccessfulAllocations           0x20000138   Data           4  heap_4.o(.data)
    xNumberOfSuccessfulFrees                 0x2000013c   Data           4  heap_4.o(.data)
    .data                                    0x20000140   Section        4  port.o(.data)
    uxCriticalNesting                        0x20000140   Data           4  port.o(.data)
    .bss                                     0x20000144   Section      204  usart2_echo.o(.bss)
    Uart2Handle                              0x20000144   Data          76  usart2_echo.o(.bss)
    .bss                                     0x20000210   Section      180  tasks.o(.bss)
    pxReadyTasksLists                        0x20000210   Data         100  tasks.o(.bss)
    xDelayedTaskList1                        0x20000274   Data          20  tasks.o(.bss)
    xDelayedTaskList2                        0x20000288   Data          20  tasks.o(.bss)
    xPendingReadyList                        0x2000029c   Data          20  tasks.o(.bss)
    xTasksWaitingTermination                 0x200002b0   Data          20  tasks.o(.bss)
    .bss                                     0x200002c4   Section     4096  heap_4.o(.bss)
    ucHeap                                   0x200002c4   Data        4096  heap_4.o(.bss)
    STACK                                    0x200012c8   Section      512  startup_py32f003xx.o(STACK)

    Global Symbols

    Symbol Name                              Value     Ov Type        Size  Object(Section)

    BuildAttributes$$THM_ISAv3M$S$PE$A:L22$X:L11$S22$IEEE1$IW$USESV6$~STKCKD$USESV7$~SHL$OSPACE$EBA8$MICROLIB$REQ8$PRES8$EABIv2 0x00000000   Number         0  anon$$obj.o ABSOLUTE
    __ARM_use_no_argv                        0x00000000   Number         0  main.o ABSOLUTE
    __cpp_initialize__aeabi_                  - Undefined Weak Reference
    __cxa_finalize                            - Undefined Weak Reference
    _clock_init                               - Undefined Weak Reference
    _microlib_exit                            - Undefined Weak Reference
    __Vectors_Size                           0x000000c0   Number         0  startup_py32f003xx.o ABSOLUTE
    __Vectors                                0x08000000   Data           4  startup_py32f003xx.o(RESET)
    __Vectors_End                            0x080000c0   Data           0  startup_py32f003xx.o(RESET)
    __main                                   0x080000c1   Thumb Code     0  entry.o(.ARM.Collect$$$$00000000)
    _main_stk                                0x080000c1   Thumb Code     0  entry2.o(.ARM.Collect$$$$00000001)
    _main_scatterload                        0x080000c5   Thumb Code     0  entry5.o(.ARM.Collect$$$$00000004)
    __main_after_scatterload                 0x080000c9   Thumb Code     0  entry5.o(.ARM.Collect$$$$00000004)
    _main_clock                              0x080000c9   Thumb Code     0  entry7b.o(.ARM.Collect$$$$00000008)
    _main_cpp_init                           0x080000c9   Thumb Code     0  entry8b.o(.ARM.Collect$$$$0000000A)
    _main_init                               0x080000c9   Thumb Code     0  entry9a.o(.ARM.Collect$$$$0000000B)
    __rt_final_cpp                           0x080000d1   Thumb Code     0  entry10a.o(.ARM.Collect$$$$0000000D)
    __rt_final_exit                          0x080000d1   Thumb Code     0  entry11a.o(.ARM.Collect$$$$0000000F)
    __asm___6_port_c_39a90d8d__prvPortStartFirstTask 0x080000d5   Thumb Code    36  port.o(.emb_text)
    ulSetInterruptMaskFromISR                0x080000fd   Thumb Code     8  port.o(.emb_text)
    vClearInterruptMaskFromISR               0x08000105   Thumb Code     6  port.o(.emb_text)
    xPortPendSVHandler                       0x0800010b   Thumb Code    62  port.o(.emb_text)
    Reset_Handler                            0x0800014d   Thumb Code     8  startup_py32f003xx.o(.text)
    LPTIM1_IRQHandler                        0x0800015f   Thumb Code     0  startup_py32f003xx.o(.text)
    USART1_IRQHandler                        0x0800015f   Thumb Code     0  startup_py32f003xx.o(.text)
    __aeabi_uidiv                            0x08000169   Thumb Code     0  uidiv.o(.text)
    __aeabi_uidivmod                         0x08000169   Thumb Code    44  uidiv.o(.text)
    __aeabi_memset                           0x08000195   Thumb Code    14  memseta.o(.text)
    __aeabi_memset4                          0x08000195   Thumb Code     0  memseta.o(.text)
    __aeabi_memset8                          0x08000195   Thumb Code     0  memseta.o(.text)
    __aeabi_memclr                           0x080001a3   Thumb Code     4  memseta.o(.text)
    __aeabi_memclr4                          0x080001a3   Thumb Code     0  memseta.o(.text)
    __aeabi_memclr8                          0x080001a3   Thumb Code     0  memseta.o(.text)
    memset                                   0x080001a7   Thumb Code    18  memseta.o(.text)
    __scatterload                            0x080001b9   Thumb Code    28  init.o(.text)
    __scatterload_rt2                        0x080001b9   Thumb Code     0  init.o(.text)
    __decompress                             0x080001dd   Thumb Code     0  __dczerorl.o(.text)
    __decompress0                            0x080001dd   Thumb Code    58  __dczerorl.o(.text)
    main                                     0x08000219   Thumb Code    44  system_py32f0xx.o(i.$Sub$$main)
    ADC_COMP_IRQHandler                      0x0800024d   Thumb Code     2  py32f0xx_it.o(i.ADC_COMP_IRQHandler)
    DMA1_Channel1_IRQHandler                 0x0800024f   Thumb Code     2  py32f0xx_it.o(i.DMA1_Channel1_IRQHandler)
    DMA1_Channel2_3_IRQHandler               0x08000251   Thumb Code     2  py32f0xx_it.o(i.DMA1_Channel2_3_IRQHandler)
    EXTI0_1_IRQHandler                       0x08000253   Thumb Code     2  py32f0xx_it.o(i.EXTI0_1_IRQHandler)
    EXTI2_3_IRQHandler                       0x08000255   Thumb Code     2  py32f0xx_it.o(i.EXTI2_3_IRQHandler)
    EXTI4_15_IRQHandler                      0x08000257   Thumb Code     2  py32f0xx_it.o(i.EXTI4_15_IRQHandler)
    Error_Handler                            0x08000259   Thumb Code     4  main.o(i.Error_Handler)
    FLASH_IRQHandler                         0x0800025d   Thumb Code     2  py32f0xx_it.o(i.FLASH_IRQHandler)
    GPIO_LED_Config                          0x080002a9   Thumb Code    62  main.o(i.GPIO_LED_Config)
    HAL_GPIO_Init                            0x080002ed   Thumb Code   428  py32f0xx_hal_gpio.o(i.HAL_GPIO_Init)
    HAL_GPIO_TogglePin                       0x080004a1   Thumb Code    16  py32f0xx_hal_gpio.o(i.HAL_GPIO_TogglePin)
    HAL_GetTick                              0x080004b1   Thumb Code     6  py32f0xx_hal.o(i.HAL_GetTick)
    HAL_IncTick                              0x080004bd   Thumb Code    16  py32f0xx_hal.o(i.HAL_IncTick)
    HAL_Init                                 0x080004d5   Thumb Code    26  py32f0xx_hal.o(i.HAL_Init)
    HAL_InitTick                             0x080004f1   Thumb Code    82  py32f0xx_hal.o(i.HAL_InitTick)
    HAL_MspInit                              0x08000551   Thumb Code     2  py32f0xx_hal_msp.o(i.HAL_MspInit)
    HAL_NVIC_EnableIRQ                       0x08000555   Thumb Code    18  py32f0xx_hal_cortex.o(i.HAL_NVIC_EnableIRQ)
    HAL_NVIC_SetPriority                     0x0800056d   Thumb Code    18  py32f0xx_hal_cortex.o(i.HAL_NVIC_SetPriority)
    HAL_RCC_GetHCLKFreq                      0x08000581   Thumb Code     6  py32f0xx_hal_rcc.o(i.HAL_RCC_GetHCLKFreq)
    HAL_RCC_GetPCLK1Freq                     0x0800058d   Thumb Code    32  py32f0xx_hal_rcc.o(i.HAL_RCC_GetPCLK1Freq)
    HAL_SYSTICK_Config                       0x080005b5   Thumb Code    46  py32f0xx_hal_cortex.o(i.HAL_SYSTICK_Config)
    HAL_UART_Init                            0x080005ed   Thumb Code   138  py32f0xx_hal_uart.o(i.HAL_UART_Init)
    HAL_UART_MspInit                         0x08000677   Thumb Code     2  py32f0xx_hal_uart.o(i.HAL_UART_MspInit)
    HAL_UART_Transmit                        0x08000679   Thumb Code   254  py32f0xx_hal_uart.o(i.HAL_UART_Transmit)
    HardFault_Handler                        0x08000777   Thumb Code     4  py32f0xx_it.o(i.HardFault_Handler)
    I2C1_IRQHandler                          0x0800077b   Thumb Code     2  py32f0xx_it.o(i.I2C1_IRQHandler)
    NMI_Handler                              0x0800077d   Thumb Code     2  py32f0xx_it.o(i.NMI_Handler)
    PVD_IRQHandler                           0x080007f9   Thumb Code     2  py32f0xx_it.o(i.PVD_IRQHandler)
    PendSV_Handler                           0x080007fb   Thumb Code     8  py32f0xx_it.o(i.PendSV_Handler)
    RCC_IRQHandler                           0x08000803   Thumb Code     2  py32f0xx_it.o(i.RCC_IRQHandler)
    RTC_IRQHandler                           0x08000805   Thumb Code     2  py32f0xx_it.o(i.RTC_IRQHandler)
    SPI1_IRQHandler                          0x08000807   Thumb Code     2  py32f0xx_it.o(i.SPI1_IRQHandler)
    SVC_Handler                              0x08000809   Thumb Code     8  py32f0xx_it.o(i.SVC_Handler)
    SysTick_Handler                          0x08000811   Thumb Code    20  py32f0xx_it.o(i.SysTick_Handler)
    SystemInit                               0x08000825   Thumb Code    32  system_py32f0xx.o(i.SystemInit)
    TIM14_IRQHandler                         0x08000851   Thumb Code     2  py32f0xx_it.o(i.TIM14_IRQHandler)
    TIM16_IRQHandler                         0x08000853   Thumb Code     2  py32f0xx_it.o(i.TIM16_IRQHandler)
    TIM17_IRQHandler                         0x08000855   Thumb Code     2  py32f0xx_it.o(i.TIM17_IRQHandler)
    TIM1_BRK_UP_TRG_COM_IRQHandler           0x08000857   Thumb Code     2  py32f0xx_it.o(i.TIM1_BRK_UP_TRG_COM_IRQHandler)
    TIM1_CC_IRQHandler                       0x08000859   Thumb Code     2  py32f0xx_it.o(i.TIM1_CC_IRQHandler)
    TIM3_IRQHandler                          0x0800085b   Thumb Code     2  py32f0xx_it.o(i.TIM3_IRQHandler)
    USART2_Echo_Init                         0x08000b31   Thumb Code    12  usart2_echo.o(i.USART2_Echo_Init)
    USART2_Echo_Task                         0x08000b3d   Thumb Code    82  usart2_echo.o(i.USART2_Echo_Task)
    USART2_IRQHandler                        0x08000ba1   Thumb Code     8  py32f0xx_it.o(i.USART2_IRQHandler)
    USART2_ISR                               0x08000ba9   Thumb Code   102  usart2_echo.o(i.USART2_ISR)
    USART2_Send                              0x08000c25   Thumb Code    22  usart2_echo.o(i.USART2_Send)
    WWDG_IRQHandler                          0x08000c41   Thumb Code     2  py32f0xx_it.o(i.WWDG_IRQHandler)
    __scatterload_copy                       0x08000c43   Thumb Code    14  handlers.o(i.__scatterload_copy)
    __scatterload_null                       0x08000c51   Thumb Code     2  handlers.o(i.__scatterload_null)
    __scatterload_zeroinit                   0x08000c53   Thumb Code    14  handlers.o(i.__scatterload_zeroinit)
    $Super$$main                             0x08000c79   Thumb Code    50  main.o(i.main)
    pvPortMalloc                             0x080011ad   Thumb Code   428  heap_4.o(i.pvPortMalloc)
    pxPortInitialiseStack                    0x08001375   Thumb Code    26  port.o(i.pxPortInitialiseStack)
    uxListRemove                             0x0800140f   Thumb Code    40  list.o(i.uxListRemove)
    vApplicationMallocFailedHook             0x08001437   Thumb Code     6  main.o(i.vApplicationMallocFailedHook)
    vApplicationStackOverflowHook            0x0800143d   Thumb Code     6  main.o(i.vApplicationStackOverflowHook)
    vListInitialise                          0x08001443   Thumb Code    26  list.o(i.vListInitialise)
    vListInitialiseItem                      0x0800145d   Thumb Code     6  list.o(i.vListInitialiseItem)
    vListInsert                              0x08001463   Thumb Code    54  list.o(i.vListInsert)
    vListInsertEnd                           0x08001499   Thumb Code    24  list.o(i.vListInsertEnd)
    vPortEnterCritical                       0x080014b1   Thumb Code    22  port.o(i.vPortEnterCritical)
    vPortExitCritical                        0x080014cd   Thumb Code    36  port.o(i.vPortExitCritical)
    vPortFree                                0x080014f5   Thumb Code   138  heap_4.o(i.vPortFree)
    vPortSVCHandler                          0x08001591   Thumb Code     2  port.o(i.vPortSVCHandler)
    vPortSetupTimerInterrupt                 0x08001595   Thumb Code    18  port.o(i.vPortSetupTimerInterrupt)
    vPortYield                               0x080015b1   Thumb Code    18  port.o(i.vPortYield)
    vTaskDelay                               0x080015c9   Thumb Code    60  tasks.o(i.vTaskDelay)
    vTaskDelete                              0x08001609   Thumb Code   178  tasks.o(i.vTaskDelete)
    vTaskStartScheduler                      0x080016d9   Thumb Code    68  tasks.o(i.vTaskStartScheduler)
    vTaskSuspendAll                          0x0800172d   Thumb Code    12  tasks.o(i.vTaskSuspendAll)
    vTaskSwitchContext                       0x0800173d   Thumb Code   176  tasks.o(i.vTaskSwitchContext)
    xPortStartScheduler                      0x08001805   Thumb Code    48  port.o(i.xPortStartScheduler)
    xPortSysTickHandler                      0x0800183d   Thumb Code    32  port.o(i.xPortSysTickHandler)
    xTaskCreate                              0x08001861   Thumb Code    50  tasks.o(i.xTaskCreate)
    xTaskGetSchedulerState                   0x08001895   Thumb Code    28  tasks.o(i.xTaskGetSchedulerState)
    xTaskIncrementTick                       0x080018b9   Thumb Code   400  tasks.o(i.xTaskIncrementTick)
    xTaskResumeAll                           0x08001a75   Thumb Code   360  tasks.o(i.xTaskResumeAll)
    AHBPrescTable                            0x08001bfc   Data          64  system_py32f0xx.o(.constdata)
    APBPrescTable                            0x08001c3c   Data          32  system_py32f0xx.o(.constdata)
    Region$$Table$$Base                      0x08001c7c   Number         0  anon$$obj.o(Region$$Table)
    Region$$Table$$Limit                     0x08001c9c   Number         0  anon$$obj.o(Region$$Table)
    VECT_SRAM_TAB                            0x20000000   Data         192  system_py32f0xx.o(.ARM.__at_0x20000000)
    SystemCoreClock                          0x200000c0   Data           4  system_py32f0xx.o(.data)
    cRxIndex2                                0x200000d0   Data           1  usart2_echo.o(.data)
    Frame_Ok2                                0x200000d1   Data           1  usart2_echo.o(.data)
    uwTick                                   0x200000d8   Data           4  py32f0xx_hal.o(.data)
    uwTickPrio                               0x200000dc   Data           4  py32f0xx_hal.o(.data)
    uwTickFreq                               0x200000e0   Data           4  py32f0xx_hal.o(.data)
    pxCurrentTCB                             0x200000e4   Data           4  tasks.o(.data)
    aRxBuffer2                               0x20000190   Data         128  usart2_echo.o(.bss)
    __initial_sp                             0x200014c8   Data           0  startup_py32f003xx.o(STACK)



==============================================================================

Memory Map of the image

  Image Entry point : 0x080000c1

  Load Region LR_IROM1 (Base: 0x08000000, Size: 0x00001de0, Max: 0x00010000, ABSOLUTE, COMPRESSED[0x00001cb0])

    Execution Region ER_IROM1 (Exec base: 0x08000000, Load base: 0x08000000, Size: 0x00001c9c, Max: 0x00010000, ABSOLUTE)

    Exec Addr    Load Addr    Size         Type   Attr      Idx    E Section Name        Object

    0x08000000   0x08000000   0x000000c0   Data   RO            3    RESET               startup_py32f003xx.o
    0x080000c0   0x080000c0   0x00000000   Code   RO         3300  * .ARM.Collect$$$$00000000  mc_p.l(entry.o)
    0x080000c0   0x080000c0   0x00000004   Code   RO         3313    .ARM.Collect$$$$00000001  mc_p.l(entry2.o)
    0x080000c4   0x080000c4   0x00000004   Code   RO         3316    .ARM.Collect$$$$00000004  mc_p.l(entry5.o)
    0x080000c8   0x080000c8   0x00000000   Code   RO         3318    .ARM.Collect$$$$00000008  mc_p.l(entry7b.o)
    0x080000c8   0x080000c8   0x00000000   Code   RO         3320    .ARM.Collect$$$$0000000A  mc_p.l(entry8b.o)
    0x080000c8   0x080000c8   0x00000008   Code   RO         3321    .ARM.Collect$$$$0000000B  mc_p.l(entry9a.o)
    0x080000d0   0x080000d0   0x00000000   Code   RO         3323    .ARM.Collect$$$$0000000D  mc_p.l(entry10a.o)
    0x080000d0   0x080000d0   0x00000000   Code   RO         3325    .ARM.Collect$$$$0000000F  mc_p.l(entry11a.o)
    0x080000d0   0x080000d0   0x00000004   Code   RO         3314    .ARM.Collect$$$$00002712  mc_p.l(entry2.o)
    0x080000d4   0x080000d4   0x00000078   Code   RO         3229    .emb_text           port.o
    0x0800014c   0x0800014c   0x0000001c   Code   RO            4    .text               startup_py32f003xx.o
    0x08000168   0x08000168   0x0000002c   Code   RO         3303    .text               mc_p.l(uidiv.o)
    0x08000194   0x08000194   0x00000024   Code   RO         3309    .text               mc_p.l(memseta.o)
    0x080001b8   0x080001b8   0x00000024   Code   RO         3327    .text               mc_p.l(init.o)
    0x080001dc   0x080001dc   0x0000003a   Code   RO         3337    .text               mc_p.l(__dczerorl.o)
    0x08000216   0x08000216   0x00000002   PAD
    0x08000218   0x08000218   0x00000034   Code   RO           12    i.$Sub$$main        system_py32f0xx.o
    0x0800024c   0x0800024c   0x00000002   Code   RO          256    i.ADC_COMP_IRQHandler  py32f0xx_it.o
    0x0800024e   0x0800024e   0x00000002   Code   RO          257    i.DMA1_Channel1_IRQHandler  py32f0xx_it.o
    0x08000250   0x08000250   0x00000002   Code   RO          258    i.DMA1_Channel2_3_IRQHandler  py32f0xx_it.o
    0x08000252   0x08000252   0x00000002   Code   RO          259    i.EXTI0_1_IRQHandler  py32f0xx_it.o
    0x08000254   0x08000254   0x00000002   Code   RO          260    i.EXTI2_3_IRQHandler  py32f0xx_it.o
    0x08000256   0x08000256   0x00000002   Code   RO          261    i.EXTI4_15_IRQHandler  py32f0xx_it.o
    0x08000258   0x08000258   0x00000004   Code   RO          131    i.Error_Handler     main.o
    0x0800025c   0x0800025c   0x00000002   Code   RO          262    i.FLASH_IRQHandler  py32f0xx_it.o
    0x0800025e   0x0800025e   0x00000002   PAD
    0x08000260   0x08000260   0x00000048   Code   RO          436    i.GPIO_Config       usart2_echo.o
    0x080002a8   0x080002a8   0x00000044   Code   RO          132    i.GPIO_LED_Config   main.o
    0x080002ec   0x080002ec   0x000001b4   Code   RO          984    i.HAL_GPIO_Init     py32f0xx_hal_gpio.o
    0x080004a0   0x080004a0   0x00000010   Code   RO          987    i.HAL_GPIO_TogglePin  py32f0xx_hal_gpio.o
    0x080004b0   0x080004b0   0x0000000c   Code   RO          524    i.HAL_GetTick       py32f0xx_hal.o
    0x080004bc   0x080004bc   0x00000018   Code   RO          530    i.HAL_IncTick       py32f0xx_hal.o
    0x080004d4   0x080004d4   0x0000001a   Code   RO          531    i.HAL_Init          py32f0xx_hal.o
    0x080004ee   0x080004ee   0x00000002   PAD
    0x080004f0   0x080004f0   0x00000060   Code   RO          532    i.HAL_InitTick      py32f0xx_hal.o
    0x08000550   0x08000550   0x00000002   Code   RO          236    i.HAL_MspInit       py32f0xx_hal_msp.o
    0x08000552   0x08000552   0x00000002   PAD
    0x08000554   0x08000554   0x00000018   Code   RO         1566    i.HAL_NVIC_EnableIRQ  py32f0xx_hal_cortex.o
    0x0800056c   0x0800056c   0x00000012   Code   RO         1570    i.HAL_NVIC_SetPriority  py32f0xx_hal_cortex.o
    0x0800057e   0x0800057e   0x00000002   PAD
    0x08000580   0x08000580   0x0000000c   Code   RO          674    i.HAL_RCC_GetHCLKFreq  py32f0xx_hal_rcc.o
    0x0800058c   0x0800058c   0x00000028   Code   RO          676    i.HAL_RCC_GetPCLK1Freq  py32f0xx_hal_rcc.o
    0x080005b4   0x080005b4   0x00000038   Code   RO         1574    i.HAL_SYSTICK_Config  py32f0xx_hal_cortex.o
    0x080005ec   0x080005ec   0x0000008a   Code   RO         1261    i.HAL_UART_Init     py32f0xx_hal_uart.o
    0x08000676   0x08000676   0x00000002   Code   RO         1263    i.HAL_UART_MspInit  py32f0xx_hal_uart.o
    0x08000678   0x08000678   0x000000fe   Code   RO         1270    i.HAL_UART_Transmit  py32f0xx_hal_uart.o
    0x08000776   0x08000776   0x00000004   Code   RO          263    i.HardFault_Handler  py32f0xx_it.o
    0x0800077a   0x0800077a   0x00000002   Code   RO          264    i.I2C1_IRQHandler   py32f0xx_it.o
    0x0800077c   0x0800077c   0x00000002   Code   RO          265    i.NMI_Handler       py32f0xx_it.o
    0x0800077e   0x0800077e   0x00000002   PAD
    0x08000780   0x08000780   0x00000078   Code   RO         1576    i.NVIC_SetPriority  py32f0xx_hal_cortex.o
    0x080007f8   0x080007f8   0x00000002   Code   RO          266    i.PVD_IRQHandler    py32f0xx_it.o
    0x080007fa   0x080007fa   0x00000008   Code   RO          267    i.PendSV_Handler    py32f0xx_it.o
    0x08000802   0x08000802   0x00000002   Code   RO          268    i.RCC_IRQHandler    py32f0xx_it.o
    0x08000804   0x08000804   0x00000002   Code   RO          269    i.RTC_IRQHandler    py32f0xx_it.o
    0x08000806   0x08000806   0x00000002   Code   RO          270    i.SPI1_IRQHandler   py32f0xx_it.o
    0x08000808   0x08000808   0x00000008   Code   RO          272    i.SVC_Handler       py32f0xx_it.o
    0x08000810   0x08000810   0x00000014   Code   RO          273    i.SysTick_Handler   py32f0xx_it.o
    0x08000824   0x08000824   0x0000002c   Code   RO           14    i.SystemInit        system_py32f0xx.o
    0x08000850   0x08000850   0x00000002   Code   RO          274    i.TIM14_IRQHandler  py32f0xx_it.o
    0x08000852   0x08000852   0x00000002   Code   RO          275    i.TIM16_IRQHandler  py32f0xx_it.o
    0x08000854   0x08000854   0x00000002   Code   RO          276    i.TIM17_IRQHandler  py32f0xx_it.o
    0x08000856   0x08000856   0x00000002   Code   RO          277    i.TIM1_BRK_UP_TRG_COM_IRQHandler  py32f0xx_it.o
    0x08000858   0x08000858   0x00000002   Code   RO          278    i.TIM1_CC_IRQHandler  py32f0xx_it.o
    0x0800085a   0x0800085a   0x00000002   Code   RO          279    i.TIM3_IRQHandler   py32f0xx_it.o
    0x0800085c   0x0800085c   0x00000038   Code   RO         1275    i.UART_AdvFeatureConfig  py32f0xx_hal_uart.o
    0x08000894   0x08000894   0x000001a4   Code   RO         1290    i.UART_SetConfig    py32f0xx_hal_uart.o
    0x08000a38   0x08000a38   0x00000070   Code   RO         1292    i.UART_WaitOnFlagUntilTimeout  py32f0xx_hal_uart.o
    0x08000aa8   0x08000aa8   0x00000088   Code   RO          437    i.USART2_Config     usart2_echo.o
    0x08000b30   0x08000b30   0x0000000c   Code   RO          438    i.USART2_Echo_Init  usart2_echo.o
    0x08000b3c   0x08000b3c   0x00000064   Code   RO          439    i.USART2_Echo_Task  usart2_echo.o
    0x08000ba0   0x08000ba0   0x00000008   Code   RO          281    i.USART2_IRQHandler  py32f0xx_it.o
    0x08000ba8   0x08000ba8   0x0000007c   Code   RO          440    i.USART2_ISR        usart2_echo.o
    0x08000c24   0x08000c24   0x0000001c   Code   RO          443    i.USART2_Send       usart2_echo.o
    0x08000c40   0x08000c40   0x00000002   Code   RO          282    i.WWDG_IRQHandler   py32f0xx_it.o
    0x08000c42   0x08000c42   0x0000000e   Code   RO         3331    i.__scatterload_copy  mc_p.l(handlers.o)
    0x08000c50   0x08000c50   0x00000002   Code   RO         3332    i.__scatterload_null  mc_p.l(handlers.o)
    0x08000c52   0x08000c52   0x0000000e   Code   RO         3333    i.__scatterload_zeroinit  mc_p.l(handlers.o)
    0x08000c60   0x08000c60   0x00000016   Code   RO          133    i.led_task          main.o
    0x08000c76   0x08000c76   0x00000002   PAD
    0x08000c78   0x08000c78   0x00000048   Code   RO          134    i.main              main.o
    0x08000cc0   0x08000cc0   0x00000064   Code   RO         2884    i.prvAddCurrentTaskToDelayedList  tasks.o
    0x08000d24   0x08000d24   0x000000e0   Code   RO         2885    i.prvAddNewTaskToReadyList  tasks.o
    0x08000e04   0x08000e04   0x00000048   Code   RO         2886    i.prvCheckTasksWaitingTermination  tasks.o
    0x08000e4c   0x08000e4c   0x0000006c   Code   RO         2887    i.prvCreateIdleTasks  tasks.o
    0x08000eb8   0x08000eb8   0x00000058   Code   RO         2888    i.prvCreateTask     tasks.o
    0x08000f10   0x08000f10   0x00000012   Code   RO         2889    i.prvDeleteTCB      tasks.o
    0x08000f22   0x08000f22   0x00000002   PAD
    0x08000f24   0x08000f24   0x00000070   Code   RO         3162    i.prvHeapInit       heap_4.o
    0x08000f94   0x08000f94   0x00000018   Code   RO         2890    i.prvIdleTask       tasks.o
    0x08000fac   0x08000fac   0x000000b8   Code   RO         2891    i.prvInitialiseNewTask  tasks.o
    0x08001064   0x08001064   0x0000005c   Code   RO         2892    i.prvInitialiseTaskLists  tasks.o
    0x080010c0   0x080010c0   0x00000094   Code   RO         3163    i.prvInsertBlockIntoFreeList  heap_4.o
    0x08001154   0x08001154   0x00000034   Code   RO         2893    i.prvResetNextTaskUnblockTime  tasks.o
    0x08001188   0x08001188   0x00000024   Code   RO         3230    i.prvTaskExitError  port.o
    0x080011ac   0x080011ac   0x000001c8   Code   RO         3165    i.pvPortMalloc      heap_4.o
    0x08001374   0x08001374   0x00000020   Code   RO         3231    i.pxPortInitialiseStack  port.o
    0x08001394   0x08001394   0x0000006c   Code   RO          135    i.start_task        main.o
    0x08001400   0x08001400   0x0000000e   Code   RO          136    i.usart_task        main.o
    0x0800140e   0x0800140e   0x00000028   Code   RO         2538    i.uxListRemove      list.o
    0x08001436   0x08001436   0x00000006   Code   RO          137    i.vApplicationMallocFailedHook  main.o
    0x0800143c   0x0800143c   0x00000006   Code   RO          138    i.vApplicationStackOverflowHook  main.o
    0x08001442   0x08001442   0x0000001a   Code   RO         2539    i.vListInitialise   list.o
    0x0800145c   0x0800145c   0x00000006   Code   RO         2540    i.vListInitialiseItem  list.o
    0x08001462   0x08001462   0x00000036   Code   RO         2541    i.vListInsert       list.o
    0x08001498   0x08001498   0x00000018   Code   RO         2542    i.vListInsertEnd    list.o
    0x080014b0   0x080014b0   0x0000001c   Code   RO         3233    i.vPortEnterCritical  port.o
    0x080014cc   0x080014cc   0x00000028   Code   RO         3234    i.vPortExitCritical  port.o
    0x080014f4   0x080014f4   0x0000009c   Code   RO         3166    i.vPortFree         heap_4.o
    0x08001590   0x08001590   0x00000002   Code   RO         3235    i.vPortSVCHandler   port.o
    0x08001592   0x08001592   0x00000002   PAD
    0x08001594   0x08001594   0x0000001c   Code   RO         3236    i.vPortSetupTimerInterrupt  port.o
    0x080015b0   0x080015b0   0x00000018   Code   RO         3237    i.vPortYield        port.o
    0x080015c8   0x080015c8   0x00000040   Code   RO         2898    i.vTaskDelay        tasks.o
    0x08001608   0x08001608   0x000000d0   Code   RO         2899    i.vTaskDelete       tasks.o
    0x080016d8   0x080016d8   0x00000054   Code   RO         2909    i.vTaskStartScheduler  tasks.o
    0x0800172c   0x0800172c   0x00000010   Code   RO         2910    i.vTaskSuspendAll   tasks.o
    0x0800173c   0x0800173c   0x000000c8   Code   RO         2911    i.vTaskSwitchContext  tasks.o
    0x08001804   0x08001804   0x00000038   Code   RO         3238    i.xPortStartScheduler  port.o
    0x0800183c   0x0800183c   0x00000024   Code   RO         3239    i.xPortSysTickHandler  port.o
    0x08001860   0x08001860   0x00000032   Code   RO         2914    i.xTaskCreate       tasks.o
    0x08001892   0x08001892   0x00000002   PAD
    0x08001894   0x08001894   0x00000024   Code   RO         2921    i.xTaskGetSchedulerState  tasks.o
    0x080018b8   0x080018b8   0x000001bc   Code   RO         2924    i.xTaskIncrementTick  tasks.o
    0x08001a74   0x08001a74   0x00000188   Code   RO         2926    i.xTaskResumeAll    tasks.o
    0x08001bfc   0x08001bfc   0x00000080   Data   RO           16    .constdata          system_py32f0xx.o
    0x08001c7c   0x08001c7c   0x00000020   Data   RO         3329    Region$$Table       anon$$obj.o


    Execution Region RW_IRAM1 (Exec base: 0x20000000, Load base: 0x08001c9c, Size: 0x000014c8, Max: 0x00002000, ABSOLUTE, COMPRESSED[0x00000014])

    Exec Addr    Load Addr    Size         Type   Attr      Idx    E Section Name        Object

    0x20000000   COMPRESSED   0x000000c0   Data   RW           15    .ARM.__at_0x20000000  system_py32f0xx.o
    0x200000c0   COMPRESSED   0x00000004   Data   RW           17    .data               system_py32f0xx.o
    0x200000c4   COMPRESSED   0x0000000c   Data   RW          139    .data               main.o
    0x200000d0   COMPRESSED   0x00000008   Data   RW          445    .data               usart2_echo.o
    0x200000d8   COMPRESSED   0x0000000c   Data   RW          539    .data               py32f0xx_hal.o
    0x200000e4   COMPRESSED   0x00000040   Data   RW         2928    .data               tasks.o
    0x20000124   COMPRESSED   0x0000001c   Data   RW         3173    .data               heap_4.o
    0x20000140   COMPRESSED   0x00000004   Data   RW         3240    .data               port.o
    0x20000144        -       0x000000cc   Zero   RW          444    .bss                usart2_echo.o
    0x20000210        -       0x000000b4   Zero   RW         2927    .bss                tasks.o
    0x200002c4        -       0x00001000   Zero   RW         3172    .bss                heap_4.o
    0x200012c4   COMPRESSED   0x00000004   PAD
    0x200012c8        -       0x00000200   Zero   RW            1    STACK               startup_py32f003xx.o


==============================================================================

Image component sizes


      Code (inc. data)   RO Data    RW Data    ZI Data      Debug   Object Name

         0          0          0          0          0       2548   event_groups.o
       872         86          0         28       4096       5611   heap_4.o
       150          0          0          0          0       2998   list.o
       300         68          0         12          0      18860   main.o
       402         58          0          4          0       6679   port.o
       158         28          0         12          0       3077   py32f0xx_hal.o
       218         26          0          0          0       9057   py32f0xx_hal_cortex.o
       452          8          0          0          0       2057   py32f0xx_hal_gpio.o
         2          0          0          0          0        410   py32f0xx_hal_msp.o
        52         14          0          0          0       1033   py32f0xx_hal_rcc.o
       982          6          0          0          0       4671   py32f0xx_hal_uart.o
        88          0          0          0          0      10490   py32f0xx_it.o
        28          8        192          0        512        616   startup_py32f003xx.o
        96         20        128        196          0     181426   system_py32f0xx.o
      2456        278          0         64        180      24296   tasks.o
       472         64          0          8        204       3718   usart2_echo.o

    ----------------------------------------------------------------------
      6746        664        352        324       4996     277547   Object Totals
         0          0         32          0          0          0   (incl. Generated)
        18          0          0          0          4          0   (incl. Padding)

    ----------------------------------------------------------------------

      Code (inc. data)   RO Data    RW Data    ZI Data      Debug   Library Member Name

        58          0          0          0          0          0   __dczerorl.o
         0          0          0          0          0          0   entry.o
         0          0          0          0          0          0   entry10a.o
         0          0          0          0          0          0   entry11a.o
         8          4          0          0          0          0   entry2.o
         4          0          0          0          0          0   entry5.o
         0          0          0          0          0          0   entry7b.o
         0          0          0          0          0          0   entry8b.o
         8          4          0          0          0          0   entry9a.o
        30          0          0          0          0          0   handlers.o
        36          8          0          0          0         68   init.o
        36          0          0          0          0        100   memseta.o
        44          0          0          0          0         72   uidiv.o

    ----------------------------------------------------------------------
       226         16          0          0          0        240   Library Totals
         2          0          0          0          0          0   (incl. Padding)

    ----------------------------------------------------------------------

      Code (inc. data)   RO Data    RW Data    ZI Data      Debug   Library Name

       224         16          0          0          0        240   mc_p.l

    ----------------------------------------------------------------------
       226         16          0          0          0        240   Library Totals

    ----------------------------------------------------------------------

==============================================================================


      Code (inc. data)   RO Data    RW Data    ZI Data      Debug   

      6972        680        352        324       4996     273867   Grand Totals
      6972        680        352         20       4996     273867   ELF Image Totals (compressed)
      6972        680        352         20          0          0   ROM Totals

==============================================================================

    Total RO  Size (Code + RO Data)                 7324 (   7.15kB)
    Total RW  Size (RW Data + ZI Data)              5320 (   5.20kB)
    Total ROM Size (Code + RO Data + RW Data)       7344 (   7.17kB)

==============================================================================

