<html>
<body>
<pre>
<h1>µVision Build Log</h1>
<h2>Tool Versions:</h2>
IDE-Version: ¦ÌVision V5.39.0.0
Copyright (C) 2023 ARM Ltd and ARM Germany GmbH. All rights reserved.
License Information: 123 123, 123, LIC=----
 
Tool Versions:
Toolchain:       MDK-Lite  Version: 5.39.0.0
Toolchain Path:  C:\Keil_v5\ARM\ARMCC\Bin
C Compiler:      Armcc.exe V5.06 update 6 (build 750)
Assembler:       Armasm.exe V5.06 update 6 (build 750)
Linker/Locator:  ArmLink.exe V5.06 update 6 (build 750)
Library Manager: ArmAr.exe V5.06 update 6 (build 750)
Hex Converter:   FromElf.exe V5.06 update 6 (build 750)
CPU DLL:         SARMCM3.DLL V5.39.0.0
Dialog DLL:      DARMCM1.DLL V1.19.6.0
Target DLL:      STLink\ST-LINKIII-KEIL_SWO.dll V3.2.0.0
Dialog DLL:      TARMCM1.DLL V1.14.6.0
 
<h2>Project:</h2>
C:\Users\17533\Desktop\py32\py32_FreeRTOS\MDK-ARM\USART_IT.uvprojx
Project File Date:  03/04/2026

<h2>Output:</h2>
*** Using Compiler 'V5.06 update 6 (build 750)', folder: 'C:\Keil_v5\ARM\ARMCC\Bin'
Rebuild target 'USART_IT_Debug'
assembling startup_py32f003xx.s...
compiling py32f0xx_hal_msp.c...
compiling usart2_echo.c...
compiling py32f0xx_hal_rcc_ex.c...
compiling py32f0xx_it.c...
compiling RS485.c...
compiling py32f0xx_hal_rcc.c...
compiling system_py32f0xx.c...
compiling py32f0xx_hal_gpio.c...
compiling py32f0xx_hal_pwr.c...
compiling py32f0xx_hal.c...
compiling py32f0xx_hal_dma.c...
compiling py32f0xx_hal_flash.c...
compiling main.c...
compiling croutine.c...
compiling py32f0xx_hal_cortex.c...
compiling event_groups.c...
compiling list.c...
compiling py32f0xx_hal_uart.c...
compiling timers.c...
compiling queue.c...
compiling stream_buffer.c...
compiling heap_4.c...
compiling tasks.c...
compiling py32f0xx_hal_spi.c...
compiling port.c...
compiling py32f0xx_hal_i2c.c...
linking...
Program Size: Code=6972 RO-data=352 RW-data=324 ZI-data=4996  
FromELF: creating hex file...
".\Output\Debug\py32_FreeRTOS.axf" - 0 Error(s), 0 Warning(s).

<h2>Software Packages used:</h2>

Package Vendor: ARM
                http://www.keil.com/pack/ARM.CMSIS.5.9.0.pack
                ARM::CMSIS@5.9.0
                CMSIS (Common Microcontroller Software Interface Standard)
   * Component: CORE Version: 5.6.0

Package Vendor: Puya
                https://www.puyasemi.com/uploadfiles/Puya.PY32F0xx_DFP.1.2.2.pack
                Puya::PY32F0xx_DFP@1.2.2
                Puya PY32F0 Series Device Support

<h2>Collection of Component include folders:</h2>
  ./RTE/_USART_IT_Debug
  C:/Keil_v5/l/Arm/Packs/ARM/CMSIS/5.9.0/CMSIS/Core/Include
  C:/Keil_v5/l/Arm/Packs/Puya/PY32F0xx_DFP/1.2.2/Drivers/CMSIS/Device/PY32F0xx/Include

<h2>Collection of Component Files used:</h2>

   * Component: ARM::CMSIS:CORE@5.6.0
Build Time Elapsed:  00:00:02
</pre>
</body>
</html>
